c:\st\stm32cubeide_1.10.1\stm32cubeide\plugins\com.st.stm32cube.ide.mcu.externaltools.gnu-tools-for-stm32.10.3-2021.10.win32_1.0.0.202111181127\tools\bin\../lib/gcc/arm-none-eabi/10.3.1/../../../../arm-none-eabi/include/c++/10.3.1/arm-none-eabi/thumb/v7-m/nofp/bits/gthr-default.h:229:1:int __gthread_key_delete(__gthread_key_t)	16	static
../Core/Inc/model/controller.h:11:7:constexpr IController::IController()	16	static
../Core/Inc/service/command_parser.h:17:7:CommandParser::CommandParser()	16	static
../Core/Src/global.cpp:54:30:void __static_initialization_and_destruction_0(int, int)	16	static
../Core/Src/global.cpp:54:30:cpp)	8	static
