c:\st\stm32cubeide_1.10.1\stm32cubeide\plugins\com.st.stm32cube.ide.mcu.externaltools.gnu-tools-for-stm32.10.3-2021.10.win32_1.0.0.202111181127\tools\bin\../lib/gcc/arm-none-eabi/10.3.1/../../../../arm-none-eabi/include/c++/10.3.1/arm-none-eabi/thumb/v7-m/nofp/bits/gthr-default.h:229:1:int __gthread_key_delete(__gthread_key_t)	16	static
../Core/Src/main.cpp:69:5:int main()	8	static
../Core/Src/main.cpp:118:6:void HAL_TIM_PeriodElapsedCallback(TIM_HandleTypeDef*)	16	static
../Core/Src/main.cpp:128:6:void HAL_UART_RxCpltCallback(UART_HandleTypeDef*)	24	static
../Core/Src/main.cpp:145:6:void SystemClock_Config()	88	static
../Core/Src/main.cpp:186:13:void MX_ADC1_Init()	24	static
../Core/Src/main.cpp:230:13:void MX_TIM2_Init()	32	static
../Core/Src/main.cpp:271:13:void MX_USART2_UART_Init()	8	static
../Core/Src/main.cpp:302:13:void MX_GPIO_Init()	32	static
../Core/Src/main.cpp:328:6:void Error_Handler()	4	static,ignoring_inline_asm
