Archive member included to satisfy reference by file (symbol)

c:/st/stm32cubeide_1.10.1/stm32cubeide/plugins/com.st.stm32cube.ide.mcu.externaltools.gnu-tools-for-stm32.10.3-2021.10.win32_1.0.0.202111181127/tools/bin/../lib/gcc/arm-none-eabi/10.3.1/../../../../arm-none-eabi/lib/thumb/v7-m/nofp\libstdc++_nano.a(pure.o)
                              ./Core/Src/component/led.o (__cxa_pure_virtual)
c:/st/stm32cubeide_1.10.1/stm32cubeide/plugins/com.st.stm32cube.ide.mcu.externaltools.gnu-tools-for-stm32.10.3-2021.10.win32_1.0.0.202111181127/tools/bin/../lib/gcc/arm-none-eabi/10.3.1/../../../../arm-none-eabi/lib/thumb/v7-m/nofp\libstdc++_nano.a(eh_terminate.o)
                              c:/st/stm32cubeide_1.10.1/stm32cubeide/plugins/com.st.stm32cube.ide.mcu.externaltools.gnu-tools-for-stm32.10.3-2021.10.win32_1.0.0.202111181127/tools/bin/../lib/gcc/arm-none-eabi/10.3.1/../../../../arm-none-eabi/lib/thumb/v7-m/nofp\libstdc++_nano.a(pure.o) (std::terminate())
c:/st/stm32cubeide_1.10.1/stm32cubeide/plugins/com.st.stm32cube.ide.mcu.externaltools.gnu-tools-for-stm32.10.3-2021.10.win32_1.0.0.202111181127/tools/bin/../lib/gcc/arm-none-eabi/10.3.1/../../../../arm-none-eabi/lib/thumb/v7-m/nofp\libstdc++_nano.a(eh_unex_handler.o)
                              c:/st/stm32cubeide_1.10.1/stm32cubeide/plugins/com.st.stm32cube.ide.mcu.externaltools.gnu-tools-for-stm32.10.3-2021.10.win32_1.0.0.202111181127/tools/bin/../lib/gcc/arm-none-eabi/10.3.1/../../../../arm-none-eabi/lib/thumb/v7-m/nofp\libstdc++_nano.a(eh_terminate.o) (__cxxabiv1::__unexpected_handler)
c:/st/stm32cubeide_1.10.1/stm32cubeide/plugins/com.st.stm32cube.ide.mcu.externaltools.gnu-tools-for-stm32.10.3-2021.10.win32_1.0.0.202111181127/tools/bin/../lib/gcc/arm-none-eabi/10.3.1/../../../../arm-none-eabi/lib/thumb/v7-m/nofp\libstdc++_nano.a(eh_term_handler.o)
                              c:/st/stm32cubeide_1.10.1/stm32cubeide/plugins/com.st.stm32cube.ide.mcu.externaltools.gnu-tools-for-stm32.10.3-2021.10.win32_1.0.0.202111181127/tools/bin/../lib/gcc/arm-none-eabi/10.3.1/../../../../arm-none-eabi/lib/thumb/v7-m/nofp\libstdc++_nano.a(eh_terminate.o) (__cxxabiv1::__terminate_handler)
c:/st/stm32cubeide_1.10.1/stm32cubeide/plugins/com.st.stm32cube.ide.mcu.externaltools.gnu-tools-for-stm32.10.3-2021.10.win32_1.0.0.202111181127/tools/bin/../lib/gcc/arm-none-eabi/10.3.1/../../../../arm-none-eabi/lib/thumb/v7-m/nofp\libc_nano.a(lib_a-abort.o)
                              c:/st/stm32cubeide_1.10.1/stm32cubeide/plugins/com.st.stm32cube.ide.mcu.externaltools.gnu-tools-for-stm32.10.3-2021.10.win32_1.0.0.202111181127/tools/bin/../lib/gcc/arm-none-eabi/10.3.1/../../../../arm-none-eabi/lib/thumb/v7-m/nofp\libstdc++_nano.a(eh_terminate.o) (abort)
c:/st/stm32cubeide_1.10.1/stm32cubeide/plugins/com.st.stm32cube.ide.mcu.externaltools.gnu-tools-for-stm32.10.3-2021.10.win32_1.0.0.202111181127/tools/bin/../lib/gcc/arm-none-eabi/10.3.1/../../../../arm-none-eabi/lib/thumb/v7-m/nofp\libc_nano.a(lib_a-errno.o)
                              ./Core/Src/syscalls.o (__errno)
c:/st/stm32cubeide_1.10.1/stm32cubeide/plugins/com.st.stm32cube.ide.mcu.externaltools.gnu-tools-for-stm32.10.3-2021.10.win32_1.0.0.202111181127/tools/bin/../lib/gcc/arm-none-eabi/10.3.1/../../../../arm-none-eabi/lib/thumb/v7-m/nofp\libc_nano.a(lib_a-exit.o)
                              c:/st/stm32cubeide_1.10.1/stm32cubeide/plugins/com.st.stm32cube.ide.mcu.externaltools.gnu-tools-for-stm32.10.3-2021.10.win32_1.0.0.202111181127/tools/bin/../lib/gcc/arm-none-eabi/10.3.1/../../../../arm-none-eabi/lib/thumb/v7-m/nofp/crt0.o (exit)
c:/st/stm32cubeide_1.10.1/stm32cubeide/plugins/com.st.stm32cube.ide.mcu.externaltools.gnu-tools-for-stm32.10.3-2021.10.win32_1.0.0.202111181127/tools/bin/../lib/gcc/arm-none-eabi/10.3.1/../../../../arm-none-eabi/lib/thumb/v7-m/nofp\libc_nano.a(lib_a-impure.o)
                              c:/st/stm32cubeide_1.10.1/stm32cubeide/plugins/com.st.stm32cube.ide.mcu.externaltools.gnu-tools-for-stm32.10.3-2021.10.win32_1.0.0.202111181127/tools/bin/../lib/gcc/arm-none-eabi/10.3.1/../../../../arm-none-eabi/lib/thumb/v7-m/nofp\libc_nano.a(lib_a-exit.o) (_global_impure_ptr)
c:/st/stm32cubeide_1.10.1/stm32cubeide/plugins/com.st.stm32cube.ide.mcu.externaltools.gnu-tools-for-stm32.10.3-2021.10.win32_1.0.0.202111181127/tools/bin/../lib/gcc/arm-none-eabi/10.3.1/../../../../arm-none-eabi/lib/thumb/v7-m/nofp\libc_nano.a(lib_a-init.o)
                              c:/st/stm32cubeide_1.10.1/stm32cubeide/plugins/com.st.stm32cube.ide.mcu.externaltools.gnu-tools-for-stm32.10.3-2021.10.win32_1.0.0.202111181127/tools/bin/../lib/gcc/arm-none-eabi/10.3.1/../../../../arm-none-eabi/lib/thumb/v7-m/nofp/crt0.o (__libc_init_array)
c:/st/stm32cubeide_1.10.1/stm32cubeide/plugins/com.st.stm32cube.ide.mcu.externaltools.gnu-tools-for-stm32.10.3-2021.10.win32_1.0.0.202111181127/tools/bin/../lib/gcc/arm-none-eabi/10.3.1/../../../../arm-none-eabi/lib/thumb/v7-m/nofp\libc_nano.a(lib_a-memset.o)
[...]
Memory Configuration

Name             Origin             Length             Attributes
RAM              0x0000000020000000 0x0000000000002800 xrw
FLASH            0x0000000008000000 0x0000000000008000 xr
*default*        0x0000000000000000 0xffffffffffffffff

Linker script and memory map

LOAD c:/st/stm32cubeide_1.10.1/stm32cubeide/plugins/com.st.stm32cube.ide.mcu.externaltools.gnu-tools-for-stm32.10.3-2021.10.win32_1.0.0.202111181127/tools/bin/../lib/gcc/arm-none-eabi/10.3.1/thumb/v7-m/nofp/crti.o
LOAD c:/st/stm32cubeide_1.10.1/stm32cubeide/plugins/com.st.stm32cube.ide.mcu.externaltools.gnu-tools-for-stm32.10.3-2021.10.win32_1.0.0.202111181127/tools/bin/../lib/gcc/arm-none-eabi/10.3.1/thumb/v7-m/nofp/crtbegin.o
LOAD c:/st/stm32cubeide_1.10.1/stm32cubeide/plugins/com.st.stm32cube.ide.mcu.externaltools.gnu-tools-for-stm32.10.3-2021.10.win32_1.0.0.202111181127/tools/bin/../lib/gcc/arm-none-eabi/10.3.1/../../../../arm-none-eabi/lib/thumb/v7-m/nofp/crt0.o
LOAD ./Core/Src/component/led.o
LOAD ./Core/Src/component/segment_led.o
LOAD ./Core/Src/component/switch.o
LOAD ./Core/Src/global.o
LOAD ./Core/Src/main.o
LOAD ./Core/Src/stm32f1xx_hal_msp.o
LOAD ./Core/Src/stm32f1xx_it.o
LOAD ./Core/Src/syscalls.o
LOAD ./Core/Src/sysmem.o
LOAD ./Core/Src/system_stm32f1xx.o
LOAD ./Core/Src/helper/scheduler.o
LOAD ./Core/Src/helper/timer.o
LOAD ./Core/Src/model/input.o
LOAD ./Core/Src/model/output.o
LOAD ./Core/Src/model/pin.o
LOAD ./Core/Src/service/led_controller.o
LOAD ./Core/Src/utils/utils.o
LOAD ./Core/Startup/startup_stm32f103c6tx.o
LOAD ./Drivers/STM32F1xx_HAL_Driver/Src/stm32f1xx_hal.o
LOAD ./Drivers/STM32F1xx_HAL_Driver/Src/stm32f1xx_hal_cortex.o
LOAD ./Drivers/STM32F1xx_HAL_Driver/Src/stm32f1xx_hal_dma.o
LOAD ./Drivers/STM32F1xx_HAL_Driver/Src/stm32f1xx_hal_exti.o
LOAD ./Drivers/STM32F1xx_HAL_Driver/Src/stm32f1xx_hal_flash.o
LOAD ./Drivers/STM32F1xx_HAL_Driver/Src/stm32f1xx_hal_flash_ex.o
LOAD ./Drivers/STM32F1xx_HAL_Driver/Src/stm32f1xx_hal_gpio.o
LOAD ./Drivers/STM32F1xx_HAL_Driver/Src/stm32f1xx_hal_gpio_ex.o
LOAD ./Drivers/STM32F1xx_HAL_Driver/Src/stm32f1xx_hal_pwr.o
LOAD ./Drivers/STM32F1xx_HAL_Driver/Src/stm32f1xx_hal_rcc.o
LOAD ./Drivers/STM32F1xx_HAL_Driver/Src/stm32f1xx_hal_rcc_ex.o
LOAD ./Drivers/STM32F1xx_HAL_Driver/Src/stm32f1xx_hal_tim.o
LOAD ./Drivers/STM32F1xx_HAL_Driver/Src/stm32f1xx_hal_tim_ex.o
START GROUP
LOAD c:/st/stm32cubeide_1.10.1/stm32cubeide/plugins/com.st.stm32cube.ide.mcu.externaltools.gnu-tools-for-stm32.10.3-2021.10.win32_1.0.0.202111181127/tools/bin/../lib/gcc/arm-none-eabi/10.3.1/../../../../arm-none-eabi/lib/thumb/v7-m/nofp\libstdc++_nano.a
LOAD c:/st/stm32cubeide_1.10.1/stm32cubeide/plugins/com.st.stm32cube.ide.mcu.externaltools.gnu-tools-for-stm32.10.3-2021.10.win32_1.0.0.202111181127/tools/bin/../lib/gcc/arm-none-eabi/10.3.1/../../../../arm-none-eabi/lib/thumb/v7-m/nofp\libsupc++_nano.a
END GROUP
LOAD c:/st/stm32cubeide_1.10.1/stm32cubeide/plugins/com.st.stm32cube.ide.mcu.externaltools.gnu-tools-for-stm32.10.3-2021.10.win32_1.0.0.202111181127/tools/bin/../lib/gcc/arm-none-eabi/10.3.1/../../../../arm-none-eabi/lib/thumb/v7-m/nofp\libstdc++_nano.a
LOAD c:/st/stm32cubeide_1.10.1/stm32cubeide/plugins/com.st.stm32cube.ide.mcu.externaltools.gnu-tools-for-stm32.10.3-2021.10.win32_1.0.0.202111181127/tools/bin/../lib/gcc/arm-none-eabi/10.3.1/../../../../arm-none-eabi/lib/thumb/v7-m/nofp\libm.a
LOAD c:/st/stm32cubeide_1.10.1/stm32cubeide/plugins/com.st.stm32cube.ide.mcu.externaltools.gnu-tools-for-stm32.10.3-2021.10.win32_1.0.0.202111181127/tools/bin/../lib/gcc/arm-none-eabi/10.3.1/../../../../arm-none-eabi/lib/thumb/v7-m/nofp\libc_nano.a
START GROUP
LOAD c:/st/stm32cubeide_1.10.1/stm32cubeide/plugins/com.st.stm32cube.ide.mcu.externaltools.gnu-tools-for-stm32.10.3-2021.10.win32_1.0.0.202111181127/tools/bin/../lib/gcc/arm-none-eabi/10.3.1/thumb/v7-m/nofp\libgcc.a
LOAD c:/st/stm32cubeide_1.10.1/stm32cubeide/plugins/com.st.stm32cube.ide.mcu.externaltools.gnu-tools-for-stm32.10.3-2021.10.win32_1.0.0.202111181127/tools/bin/../lib/gcc/arm-none-eabi/10.3.1/../../../../arm-none-eabi/lib/thumb/v7-m/nofp\libc_nano.a
END GROUP
START GROUP
LOAD c:/st/stm32cubeide_1.10.1/stm32cubeide/plugins/com.st.stm32cube.ide.mcu.externaltools.gnu-tools-for-stm32.10.3-2021.10.win32_1.0.0.202111181127/tools/bin/../lib/gcc/arm-none-eabi/10.3.1/thumb/v7-m/nofp\libgcc.a
LOAD c:/st/stm32cubeide_1.10.1/stm32cubeide/plugins/com.st.stm32cube.ide.mcu.externaltools.gnu-tools-for-stm32.10.3-2021.10.win32_1.0.0.202111181127/tools/bin/../lib/gcc/arm-none-eabi/10.3.1/../../../../arm-none-eabi/lib/thumb/v7-m/nofp\libc_nano.a
LOAD c:/st/stm32cubeide_1.10.1/stm32cubeide/plugins/com.st.stm32cube.ide.mcu.externaltools.gnu-tools-for-stm32.10.3-2021.10.win32_1.0.0.202111181127/tools/bin/../lib/gcc/arm-none-eabi/10.3.1/../../../../arm-none-eabi/lib/thumb/v7-m/nofp\libnosys.a
END GROUP
START GROUP
LOAD c:/st/stm32cubeide_1.10.1/stm32cubeide/plugins/com.st.stm32cube.ide.mcu.externaltools.gnu-tools-for-stm32.10.3-2021.10.win32_1.0.0.202111181127/tools/bin/../lib/gcc/arm-none-eabi/10.3.1/thumb/v7-m/nofp\libgcc.a
LOAD c:/st/stm32cubeide_1.10.1/stm32cubeide/plugins/com.st.stm32cube.ide.mcu.externaltools.gnu-tools-for-stm32.10.3-2021.10.win32_1.0.0.202111181127/tools/bin/../lib/gcc/arm-none-eabi/10.3.1/../../../../arm-none-eabi/lib/thumb/v7-m/nofp\libc_nano.a
LOAD c:/st/stm32cubeide_1.10.1/stm32cubeide/plugins/com.st.stm32cube.ide.mcu.externaltools.gnu-tools-for-stm32.10.3-2021.10.win32_1.0.0.202111181127/tools/bin/../lib/gcc/arm-none-eabi/10.3.1/../../../../arm-none-eabi/lib/thumb/v7-m/nofp\libnosys.a
END GROUP
LOAD c:/st/stm32cubeide_1.10.1/stm32cubeide/plugins/com.st.stm32cube.ide.mcu.externaltools.gnu-tools-for-stm32.10.3-2021.10.win32_1.0.0.202111181127/tools/bin/../lib/gcc/arm-none-eabi/10.3.1/thumb/v7-m/nofp/crtend.o
LOAD c:/st/stm32cubeide_1.10.1/stm32cubeide/plugins/com.st.stm32cube.ide.mcu.externaltools.gnu-tools-for-stm32.10.3-2021.10.win32_1.0.0.202111181127/tools/bin/../lib/gcc/arm-none-eabi/10.3.1/thumb/v7-m/nofp/crtn.o
                0x0000000020002800                _estack = (ORIGIN (RAM) + LENGTH (RAM))
                0x0000000000000200                _Min_Heap_Size = 0x200
                0x0000000000000400                _Min_Stack_Size = 0x400

.isr_vector     0x0000000008000000      0x10c
                0x0000000008000000                . = ALIGN (0x4)
 *(.isr_vector)
 .isr_vector    0x0000000008000000      0x10c ./Core/Startup/startup_stm32f103c6tx.o
                0x0000000008000000                g_pfnVectors
                0x000000000800010c                . = ALIGN (0x4)

.text           0x000000000800010c     0x2058
                0x000000000800010c                . = ALIGN (0x4)
 *(.text)
 .text          0x000000000800010c       0x40 c:/st/stm32cubeide_1.10.1/stm32cubeide/plugins/com.st.stm32cube.ide.mcu.externaltools.gnu-tools-for-stm32.10.3-2021.10.win32_1.0.0.202111181127/tools/bin/../lib/gcc/arm-none-eabi/10.3.1/thumb/v7-m/nofp/crtbegin.o
 *(.text*)
 .text._ZN4ILedC2Ev
                0x000000000800014c       0x20 ./Core/Src/component/led.o
                0x000000000800014c                ILed::ILed()
                0x000000000800014c                ILed::ILed()
 .text._ZN3LedC2EP6Output
                0x000000000800016c       0x38 ./Core/Src/component/led.o
                0x000000000800016c                Led::Led(Output*)
                0x000000000800016c                Led::Led(Output*)
 .text._ZN3Led2OnEv
                0x00000000080001a4       0x30 ./Core/Src/component/led.o
                0x00000000080001a4                Led::On()
 .text._ZN3Led3OffEv
                0x00000000080001d4       0x36 ./Core/Src/component/led.o
                0x00000000080001d4                Led::Off()
 .text._ZN3Led6ToggleEv
                0x000000000800020a       0x28 ./Core/Src/component/led.o
                0x000000000800020a                Led::Toggle()
 *fill*         0x0000000008000232        0x2 
 .text._Z41__static_initialization_and_destruction_0ii
                0x0000000008000234       0x88 ./Core/Src/global.o
 .text._GLOBAL__sub_I_g_TimerScheduler
                0x00000000080002bc       0x10 ./Core/Src/global.o
 .text.main     0x00000000080002cc       0x3c ./Core/Src/main.o
                0x00000000080002cc                main
 .text.HAL_TIM_PeriodElapsedCallback
                0x0000000008000308       0x1c ./Core/Src/main.o
                0x0000000008000308                HAL_TIM_PeriodElapsedCallback
 .text._Z18SystemClock_Configv
                0x0000000008000324       0x8a ./Core/Src/main.o
                0x0000000008000324                SystemClock_Config()
 *fill*         0x00000000080003ae        0x2 
 .text._ZL12MX_TIM2_Initv
                0x00000000080003b0       0xb8 ./Core/Src/main.o
 .text._ZL12MX_GPIO_Initv
                0x0000000008000468       0x64 ./Core/Src/main.o
 .text.Error_Handler
                0x00000000080004cc        0xa ./Core/Src/main.o
                0x00000000080004cc                Error_Handler
 *fill*         0x00000000080004d6        0x2 
 .text.HAL_MspInit
                0x00000000080004d8       0x44 ./Core/Src/stm32f1xx_hal_msp.o
                0x00000000080004d8                HAL_MspInit
 .text.HAL_TIM_Base_MspInit
                0x000000000800051c       0x48 ./Core/Src/stm32f1xx_hal_msp.o
                0x000000000800051c                HAL_TIM_Base_MspInit
 .text.NMI_Handler
                0x0000000008000564        0x6 ./Core/Src/stm32f1xx_it.o
                0x0000000008000564                NMI_Handler
 .text.HardFault_Handler
                0x000000000800056a        0x6 ./Core/Src/stm32f1xx_it.o
                0x000000000800056a                HardFault_Handler
 .text.MemManage_Handler
                0x0000000008000570        0x6 ./Core/Src/stm32f1xx_it.o
                0x0000000008000570                MemManage_Handler
 .text.BusFault_Handler
                0x0000000008000576        0x6 ./Core/Src/stm32f1xx_it.o
                0x0000000008000576                BusFault_Handler
 .text.UsageFault_Handler
                0x000000000800057c        0x6 ./Core/Src/stm32f1xx_it.o
                0x000000000800057c                UsageFault_Handler
 .text.SVC_Handler
                0x0000000008000582        0xc ./Core/Src/stm32f1xx_it.o
                0x0000000008000582                SVC_Handler
 .text.DebugMon_Handler
                0x000000000800058e        0xc ./Core/Src/stm32f1xx_it.o
                0x000000000800058e                DebugMon_Handler
 .text.PendSV_Handler
                0x000000000800059a        0xc ./Core/Src/stm32f1xx_it.o
                0x000000000800059a                PendSV_Handler
 .text.SysTick_Handler
                0x00000000080005a6        0xc ./Core/Src/stm32f1xx_it.o
                0x00000000080005a6                SysTick_Handler
 *fill*         0x00000000080005b2        0x2 
 .text.TIM2_IRQHandler
                0x00000000080005b4       0x14 ./Core/Src/stm32f1xx_it.o
                0x00000000080005b4                TIM2_IRQHandler
 .text._getpid  0x00000000080005c8        0xe ./Core/Src/syscalls.o
                0x00000000080005c8                _getpid
 .text._kill    0x00000000080005d6       0x20 ./Core/Src/syscalls.o
                0x00000000080005d6                _kill
 .text._exit    0x00000000080005f6       0x14 ./Core/Src/syscalls.o
                0x00000000080005f6                _exit
 .text.SystemInit
                0x000000000800060a        0xc ./Core/Src/system_stm32f1xx.o
                0x000000000800060a                SystemInit
 .text._ZN4TaskC2Ev
                0x0000000008000616       0x2c ./Core/Src/helper/scheduler.o
                0x0000000008000616                Task::Task()
                0x0000000008000616                Task::Task()
 .text._ZN9SchedulerC2Ev
                0x0000000008000642       0x30 ./Core/Src/helper/scheduler.o
                0x0000000008000642                Scheduler::Scheduler()
                0x0000000008000642                Scheduler::Scheduler()
 *fill*         0x0000000008000672        0x2 
 .text._ZN9Scheduler7AddTaskEPFvvEii
                0x0000000008000674       0xb4 ./Core/Src/helper/scheduler.o
                0x0000000008000674                Scheduler::AddTask(void (*)(), int, int)
 .text._ZN9Scheduler10DeleteTaskEi
                0x0000000008000728       0x60 ./Core/Src/helper/scheduler.o
                0x0000000008000728                Scheduler::DeleteTask(int)
 .text._ZN9Scheduler4InitEv
                0x0000000008000788       0x30 ./Core/Src/helper/scheduler.o
                0x0000000008000788                Scheduler::Init()
 .text._ZN9Scheduler8DispatchEv
                0x00000000080007b8       0x5c ./Core/Src/helper/scheduler.o
                0x00000000080007b8                Scheduler::Dispatch()
 .text._ZN9Scheduler6UpdateEv
                0x0000000008000814       0x66 ./Core/Src/helper/scheduler.o
                0x0000000008000814                Scheduler::Update()
 .text._ZN5TimerC2Ev
                0x000000000800087a       0x26 ./Core/Src/helper/timer.o
                0x000000000800087a                Timer::Timer()
                0x000000000800087a                Timer::Timer()
 .text._ZN6OutputC2EP12GPIO_TypeDeft
                0x00000000080008a0       0x2a ./Core/Src/model/output.o
                0x00000000080008a0                Output::Output(GPIO_TypeDef*, unsigned short)
                0x00000000080008a0                Output::Output(GPIO_TypeDef*, unsigned short)
 .text._ZN6Output5IsSetEv
                0x00000000080008ca       0x16 ./Core/Src/model/output.o
                0x00000000080008ca                Output::IsSet()
 .text._ZN6Output3SetEv
                0x00000000080008e0       0x26 ./Core/Src/model/output.o
                0x00000000080008e0                Output::Set()
 .text._ZN6Output5ResetEv
                0x0000000008000906       0x26 ./Core/Src/model/output.o
                0x0000000008000906                Output::Reset()
 .text._ZN6Output6ToggleEv
                0x000000000800092c       0x2e ./Core/Src/model/output.o
                0x000000000800092c                Output::Toggle()
 .text._ZN3PinC2EP12GPIO_TypeDeft
                0x000000000800095a       0x26 ./Core/Src/model/pin.o
                0x000000000800095a                Pin::Pin(GPIO_TypeDef*, unsigned short)
                0x000000000800095a                Pin::Pin(GPIO_TypeDef*, unsigned short)
 .text._Z14c_ToggleRedLedv
                0x0000000008000980       0x14 ./Core/Src/service/led_controller.o
                0x0000000008000980                c_ToggleRedLed()
 .text._Z17c_ToggleYellowLedv
                0x0000000008000994       0x14 ./Core/Src/service/led_controller.o
                0x0000000008000994                c_ToggleYellowLed()
 .text._Z16c_ToggleGreenLedv
                0x00000000080009a8       0x14 ./Core/Src/service/led_controller.o
                0x00000000080009a8                c_ToggleGreenLed()
 .text._ZN13LedController3RunEv
                0x00000000080009bc       0x4c ./Core/Src/service/led_controller.o
                0x00000000080009bc                LedController::Run()
 .text.Reset_Handler
                0x0000000008000a08       0x48 ./Core/Startup/startup_stm32f103c6tx.o
                0x0000000008000a08                Reset_Handler
 .text.Default_Handler
                0x0000000008000a50        0x2 ./Core/Startup/startup_stm32f103c6tx.o
                0x0000000008000a50                RTC_Alarm_IRQHandler
                0x0000000008000a50                EXTI2_IRQHandler
                0x0000000008000a50                TIM1_CC_IRQHandler
                0x0000000008000a50                PVD_IRQHandler
                0x0000000008000a50                EXTI3_IRQHandler
                0x0000000008000a50                EXTI0_IRQHandler
                0x0000000008000a50                ADC1_2_IRQHandler
                0x0000000008000a50                SPI1_IRQHandler
                0x0000000008000a50                TAMPER_IRQHandler
                0x0000000008000a50                DMA1_Channel4_IRQHandler
                0x0000000008000a50                RTC_IRQHandler
                0x0000000008000a50                DMA1_Channel7_IRQHandler
                0x0000000008000a50                CAN1_RX1_IRQHandler
                0x0000000008000a50                I2C1_EV_IRQHandler
                0x0000000008000a50                DMA1_Channel6_IRQHandler
                0x0000000008000a50                TIM3_IRQHandler
                0x0000000008000a50                RCC_IRQHandler
                0x0000000008000a50                TIM1_TRG_COM_IRQHandler
                0x0000000008000a50                DMA1_Channel1_IRQHandler
                0x0000000008000a50                Default_Handler
                0x0000000008000a50                EXTI15_10_IRQHandler
                0x0000000008000a50                EXTI9_5_IRQHandler
                0x0000000008000a50                DMA1_Channel5_IRQHandler
                0x0000000008000a50                EXTI4_IRQHandler
                0x0000000008000a50                USB_LP_CAN1_RX0_IRQHandler
                0x0000000008000a50                USB_HP_CAN1_TX_IRQHandler
                0x0000000008000a50                DMA1_Channel3_IRQHandler
                0x0000000008000a50                TIM1_UP_IRQHandler
                0x0000000008000a50                WWDG_IRQHandler
                0x0000000008000a50                TIM1_BRK_IRQHandler
                0x0000000008000a50                EXTI1_IRQHandler
                0x0000000008000a50                USART2_IRQHandler
                0x0000000008000a50                DMA1_Channel2_IRQHandler
                0x0000000008000a50                CAN1_SCE_IRQHandler
                0x0000000008000a50                FLASH_IRQHandler
                0x0000000008000a50                USART1_IRQHandler
                0x0000000008000a50                I2C1_ER_IRQHandler
                0x0000000008000a50                USBWakeUp_IRQHandler
 *fill*         0x0000000008000a52        0x2 
 .text.HAL_Init
                0x0000000008000a54       0x2c ./Drivers/STM32F1xx_HAL_Driver/Src/stm32f1xx_hal.o
                0x0000000008000a54                HAL_Init
 .text.HAL_InitTick
                0x0000000008000a80       0x60 ./Drivers/STM32F1xx_HAL_Driver/Src/stm32f1xx_hal.o
                0x0000000008000a80                HAL_InitTick
 .text.HAL_IncTick
                0x0000000008000ae0       0x24 ./Drivers/STM32F1xx_HAL_Driver/Src/stm32f1xx_hal.o
                0x0000000008000ae0                HAL_IncTick
 .text.HAL_GetTick
                0x0000000008000b04       0x14 ./Drivers/STM32F1xx_HAL_Driver/Src/stm32f1xx_hal.o
                0x0000000008000b04                HAL_GetTick
 .text.__NVIC_SetPriorityGrouping
                0x0000000008000b18       0x48 ./Drivers/STM32F1xx_HAL_Driver/Src/stm32f1xx_hal_cortex.o
 .text.__NVIC_GetPriorityGrouping
                0x0000000008000b60       0x1c ./Drivers/STM32F1xx_HAL_Driver/Src/stm32f1xx_hal_cortex.o
 .text.__NVIC_EnableIRQ
                0x0000000008000b7c       0x38 ./Drivers/STM32F1xx_HAL_Driver/Src/stm32f1xx_hal_cortex.o
 .text.__NVIC_SetPriority
                0x0000000008000bb4       0x54 ./Drivers/STM32F1xx_HAL_Driver/Src/stm32f1xx_hal_cortex.o
 .text.NVIC_EncodePriority
                0x0000000008000c08       0x64 ./Drivers/STM32F1xx_HAL_Driver/Src/stm32f1xx_hal_cortex.o
 .text.SysTick_Config
                0x0000000008000c6c       0x44 ./Drivers/STM32F1xx_HAL_Driver/Src/stm32f1xx_hal_cortex.o
 .text.HAL_NVIC_SetPriorityGrouping
                0x0000000008000cb0       0x16 ./Drivers/STM32F1xx_HAL_Driver/Src/stm32f1xx_hal_cortex.o
                0x0000000008000cb0                HAL_NVIC_SetPriorityGrouping
 .text.HAL_NVIC_SetPriority
                0x0000000008000cc6       0x38 ./Drivers/STM32F1xx_HAL_Driver/Src/stm32f1xx_hal_cortex.o
                0x0000000008000cc6                HAL_NVIC_SetPriority
 .text.HAL_NVIC_EnableIRQ
                0x0000000008000cfe       0x1c ./Drivers/STM32F1xx_HAL_Driver/Src/stm32f1xx_hal_cortex.o
                0x0000000008000cfe                HAL_NVIC_EnableIRQ
 .text.HAL_SYSTICK_Config
                0x0000000008000d1a       0x18 ./Drivers/STM32F1xx_HAL_Driver/Src/stm32f1xx_hal_cortex.o
                0x0000000008000d1a                HAL_SYSTICK_Config
 *fill*         0x0000000008000d32        0x2 
 .text.HAL_GPIO_Init
                0x0000000008000d34      0x2f8 ./Drivers/STM32F1xx_HAL_Driver/Src/stm32f1xx_hal_gpio.o
                0x0000000008000d34                HAL_GPIO_Init
 .text.HAL_GPIO_WritePin
                0x000000000800102c       0x30 ./Drivers/STM32F1xx_HAL_Driver/Src/stm32f1xx_hal_gpio.o
                0x000000000800102c                HAL_GPIO_WritePin
 .text.HAL_GPIO_TogglePin
                0x000000000800105c       0x32 ./Drivers/STM32F1xx_HAL_Driver/Src/stm32f1xx_hal_gpio.o
                0x000000000800105c                HAL_GPIO_TogglePin
 *fill*         0x000000000800108e        0x2 
 .text.HAL_RCC_OscConfig
                0x0000000008001090      0x504 ./Drivers/STM32F1xx_HAL_Driver/Src/stm32f1xx_hal_rcc.o
                0x0000000008001090                HAL_RCC_OscConfig
 .text.HAL_RCC_ClockConfig
                0x0000000008001594      0x1d4 ./Drivers/STM32F1xx_HAL_Driver/Src/stm32f1xx_hal_rcc.o
                0x0000000008001594                HAL_RCC_ClockConfig
 .text.HAL_RCC_GetSysClockFreq
                0x0000000008001768       0xbc ./Drivers/STM32F1xx_HAL_Driver/Src/stm32f1xx_hal_rcc.o
                0x0000000008001768                HAL_RCC_GetSysClockFreq
 .text.RCC_Delay
                0x0000000008001824       0x3c ./Drivers/STM32F1xx_HAL_Driver/Src/stm32f1xx_hal_rcc.o
 .text.HAL_TIM_Base_Init
                0x0000000008001860       0x9e ./Drivers/STM32F1xx_HAL_Driver/Src/stm32f1xx_hal_tim.o
                0x0000000008001860                HAL_TIM_Base_Init
 *fill*         0x00000000080018fe        0x2 
 .text.HAL_TIM_Base_Start_IT
                0x0000000008001900       0x98 ./Drivers/STM32F1xx_HAL_Driver/Src/stm32f1xx_hal_tim.o
                0x0000000008001900                HAL_TIM_Base_Start_IT
 .text.HAL_TIM_IRQHandler
                0x0000000008001998      0x210 ./Drivers/STM32F1xx_HAL_Driver/Src/stm32f1xx_hal_tim.o
                0x0000000008001998                HAL_TIM_IRQHandler
 .text.HAL_TIM_ConfigClockSource
                0x0000000008001ba8      0x188 ./Drivers/STM32F1xx_HAL_Driver/Src/stm32f1xx_hal_tim.o
                0x0000000008001ba8                HAL_TIM_ConfigClockSource
 .text.HAL_TIM_OC_DelayElapsedCallback
                0x0000000008001d30       0x12 ./Drivers/STM32F1xx_HAL_Driver/Src/stm32f1xx_hal_tim.o
                0x0000000008001d30                HAL_TIM_OC_DelayElapsedCallback
 .text.HAL_TIM_IC_CaptureCallback
                0x0000000008001d42       0x12 ./Drivers/STM32F1xx_HAL_Driver/Src/stm32f1xx_hal_tim.o
                0x0000000008001d42                HAL_TIM_IC_CaptureCallback
 .text.HAL_TIM_PWM_PulseFinishedCallback
                0x0000000008001d54       0x12 ./Drivers/STM32F1xx_HAL_Driver/Src/stm32f1xx_hal_tim.o
                0x0000000008001d54                HAL_TIM_PWM_PulseFinishedCallback
 .text.HAL_TIM_TriggerCallback
                0x0000000008001d66       0x12 ./Drivers/STM32F1xx_HAL_Driver/Src/stm32f1xx_hal_tim.o
                0x0000000008001d66                HAL_TIM_TriggerCallback
 .text.TIM_Base_SetConfig
                0x0000000008001d78       0xb0 ./Drivers/STM32F1xx_HAL_Driver/Src/stm32f1xx_hal_tim.o
                0x0000000008001d78                TIM_Base_SetConfig
 .text.TIM_TI1_ConfigInputStage
                0x0000000008001e28       0x5c ./Drivers/STM32F1xx_HAL_Driver/Src/stm32f1xx_hal_tim.o
 .text.TIM_TI2_ConfigInputStage
                0x0000000008001e84       0x5e ./Drivers/STM32F1xx_HAL_Driver/Src/stm32f1xx_hal_tim.o
 .text.TIM_ITRx_SetConfig
                0x0000000008001ee2       0x34 ./Drivers/STM32F1xx_HAL_Driver/Src/stm32f1xx_hal_tim.o
 .text.TIM_ETR_SetConfig
                0x0000000008001f16       0x3e ./Drivers/STM32F1xx_HAL_Driver/Src/stm32f1xx_hal_tim.o
                0x0000000008001f16                TIM_ETR_SetConfig
 .text.HAL_TIMEx_MasterConfigSynchronization
                0x0000000008001f54       0xb0 ./Drivers/STM32F1xx_HAL_Driver/Src/stm32f1xx_hal_tim_ex.o
                0x0000000008001f54                HAL_TIMEx_MasterConfigSynchronization
 .text.HAL_TIMEx_CommutCallback
                0x0000000008002004       0x12 ./Drivers/STM32F1xx_HAL_Driver/Src/stm32f1xx_hal_tim_ex.o
                0x0000000008002004                HAL_TIMEx_CommutCallback
 .text.HAL_TIMEx_BreakCallback
                0x0000000008002016       0x12 ./Drivers/STM32F1xx_HAL_Driver/Src/stm32f1xx_hal_tim_ex.o
                0x0000000008002016                HAL_TIMEx_BreakCallback
 .text.__cxa_pure_virtual
                0x0000000008002028        0x6 c:/st/stm32cubeide_1.10.1/stm32cubeide/plugins/com.st.stm32cube.ide.mcu.externaltools.gnu-tools-for-stm32.10.3-2021.10.win32_1.0.0.202111181127/tools/bin/../lib/gcc/arm-none-eabi/10.3.1/../../../../arm-none-eabi/lib/thumb/v7-m/nofp\libstdc++_nano.a(pure.o)
                0x0000000008002028                __cxa_pure_virtual
 .text._ZN10__cxxabiv111__terminateEPFvvE
                0x000000000800202e        0x8 c:/st/stm32cubeide_1.10.1/stm32cubeide/plugins/com.st.stm32cube.ide.mcu.externaltools.gnu-tools-for-stm32.10.3-2021.10.win32_1.0.0.202111181127/tools/bin/../lib/gcc/arm-none-eabi/10.3.1/../../../../arm-none-eabi/lib/thumb/v7-m/nofp\libstdc++_nano.a(eh_terminate.o)
                0x000000000800202e                __cxxabiv1::__terminate(void (*)())
 *fill*         0x0000000008002036        0x2 
 .text._ZSt13get_terminatev
                0x0000000008002038       0x10 c:/st/stm32cubeide_1.10.1/stm32cubeide/plugins/com.st.stm32cube.ide.mcu.externaltools.gnu-tools-for-stm32.10.3-2021.10.win32_1.0.0.202111181127/tools/bin/../lib/gcc/arm-none-eabi/10.3.1/../../../../arm-none-eabi/lib/thumb/v7-m/nofp\libstdc++_nano.a(eh_terminate.o)
                0x0000000008002038                std::get_terminate()
 .text._ZSt9terminatev
                0x0000000008002048        0xa c:/st/stm32cubeide_1.10.1/stm32cubeide/plugins/com.st.stm32cube.ide.mcu.externaltools.gnu-tools-for-stm32.10.3-2021.10.win32_1.0.0.202111181127/tools/bin/../lib/gcc/arm-none-eabi/10.3.1/../../../../arm-none-eabi/lib/thumb/v7-m/nofp\libstdc++_nano.a(eh_terminate.o)
                0x0000000008002048                std::terminate()
 .text.abort    0x0000000008002052        0xe c:/st/stm32cubeide_1.10.1/stm32cubeide/plugins/com.st.stm32cube.ide.mcu.externaltools.gnu-tools-for-stm32.10.3-2021.10.win32_1.0.0.202111181127/tools/bin/../lib/gcc/arm-none-eabi/10.3.1/../../../../arm-none-eabi/lib/thumb/v7-m/nofp\libc_nano.a(lib_a-abort.o)
                0x0000000008002052                abort
 .text.__errno  0x0000000008002060        0xc c:/st/stm32cubeide_1.10.1/stm32cubeide/plugins/com.st.stm32cube.ide.mcu.externaltools.gnu-tools-for-stm32.10.3-2021.10.win32_1.0.0.202111181127/tools/bin/../lib/gcc/arm-none-eabi/10.3.1/../../../../arm-none-eabi/lib/thumb/v7-m/nofp\libc_nano.a(lib_a-errno.o)
                0x0000000008002060                __errno
 .text.__libc_init_array
                0x000000000800206c       0x48 c:/st/stm32cubeide_1.10.1/stm32cubeide/plugins/com.st.stm32cube.ide.mcu.externaltools.gnu-tools-for-stm32.10.3-2021.10.win32_1.0.0.202111181127/tools/bin/../lib/gcc/arm-none-eabi/10.3.1/../../../../arm-none-eabi/lib/thumb/v7-m/nofp\libc_nano.a(lib_a-init.o)
                0x000000000800206c                __libc_init_array
 .text.memset   0x00000000080020b4       0x10 c:/st/stm32cubeide_1.10.1/stm32cubeide/plugins/com.st.stm32cube.ide.mcu.externaltools.gnu-tools-for-stm32.10.3-2021.10.win32_1.0.0.202111181127/tools/bin/../lib/gcc/arm-none-eabi/10.3.1/../../../../arm-none-eabi/lib/thumb/v7-m/nofp\libc_nano.a(lib_a-memset.o)
                0x00000000080020b4                memset
 .text._raise_r
                0x00000000080020c4       0x50 c:/st/stm32cubeide_1.10.1/stm32cubeide/plugins/com.st.stm32cube.ide.mcu.externaltools.gnu-tools-for-stm32.10.3-2021.10.win32_1.0.0.202111181127/tools/bin/../lib/gcc/arm-none-eabi/10.3.1/../../../../arm-none-eabi/lib/thumb/v7-m/nofp\libc_nano.a(lib_a-signal.o)
                0x00000000080020c4                _raise_r
 .text.raise    0x0000000008002114       0x10 c:/st/stm32cubeide_1.10.1/stm32cubeide/plugins/com.st.stm32cube.ide.mcu.externaltools.gnu-tools-for-stm32.10.3-2021.10.win32_1.0.0.202111181127/tools/bin/../lib/gcc/arm-none-eabi/10.3.1/../../../../arm-none-eabi/lib/thumb/v7-m/nofp\libc_nano.a(lib_a-signal.o)
                0x0000000008002114                raise
 .text._kill_r  0x0000000008002124       0x24 c:/st/stm32cubeide_1.10.1/stm32cubeide/plugins/com.st.stm32cube.ide.mcu.externaltools.gnu-tools-for-stm32.10.3-2021.10.win32_1.0.0.202111181127/tools/bin/../lib/gcc/arm-none-eabi/10.3.1/../../../../arm-none-eabi/lib/thumb/v7-m/nofp\libc_nano.a(lib_a-signalr.o)
                0x0000000008002124                _kill_r
 .text._getpid_r
                0x0000000008002148        0x4 c:/st/stm32cubeide_1.10.1/stm32cubeide/plugins/com.st.stm32cube.ide.mcu.externaltools.gnu-tools-for-stm32.10.3-2021.10.win32_1.0.0.202111181127/tools/bin/../lib/gcc/arm-none-eabi/10.3.1/../../../../arm-none-eabi/lib/thumb/v7-m/nofp\libc_nano.a(lib_a-signalr.o)
                0x0000000008002148                _getpid_r
 *(.glue_7)
 .glue_7        0x000000000800214c        0x0 linker stubs
 *(.glue_7t)
 .glue_7t       0x000000000800214c        0x0 linker stubs
 *(.eh_frame)
 .eh_frame      0x000000000800214c        0x0 c:/st/stm32cubeide_1.10.1/stm32cubeide/plugins/com.st.stm32cube.ide.mcu.externaltools.gnu-tools-for-stm32.10.3-2021.10.win32_1.0.0.202111181127/tools/bin/../lib/gcc/arm-none-eabi/10.3.1/thumb/v7-m/nofp/crtbegin.o
 *(.init)
 .init          0x000000000800214c        0x4 c:/st/stm32cubeide_1.10.1/stm32cubeide/plugins/com.st.stm32cube.ide.mcu.externaltools.gnu-tools-for-stm32.10.3-2021.10.win32_1.0.0.202111181127/tools/bin/../lib/gcc/arm-none-eabi/10.3.1/thumb/v7-m/nofp/crti.o
                0x000000000800214c                _init
 .init          0x0000000008002150        0x8 c:/st/stm32cubeide_1.10.1/stm32cubeide/plugins/com.st.stm32cube.ide.mcu.externaltools.gnu-tools-for-stm32.10.3-2021.10.win32_1.0.0.202111181127/tools/bin/../lib/gcc/arm-none-eabi/10.3.1/thumb/v7-m/nofp/crtn.o
 *(.fini)
 .fini          0x0000000008002158        0x4 c:/st/stm32cubeide_1.10.1/stm32cubeide/plugins/com.st.stm32cube.ide.mcu.externaltools.gnu-tools-for-stm32.10.3-2021.10.win32_1.0.0.202111181127/tools/bin/../lib/gcc/arm-none-eabi/10.3.1/thumb/v7-m/nofp/crti.o
                0x0000000008002158                _fini
 .fini          0x000000000800215c        0x8 c:/st/stm32cubeide_1.10.1/stm32cubeide/plugins/com.st.stm32cube.ide.mcu.externaltools.gnu-tools-for-stm32.10.3-2021.10.win32_1.0.0.202111181127/tools/bin/../lib/gcc/arm-none-eabi/10.3.1/thumb/v7-m/nofp/crtn.o
                0x0000000008002164                . = ALIGN (0x4)
                0x0000000008002164                _etext = .

.vfp11_veneer   0x0000000008002164        0x0
 .vfp11_veneer  0x0000000008002164        0x0 linker stubs

.v4_bx          0x0000000008002164        0x0
 .v4_bx         0x0000000008002164        0x0 linker stubs

.iplt           0x0000000008002164        0x0
 .iplt          0x0000000008002164        0x0 c:/st/stm32cubeide_1.10.1/stm32cubeide/plugins/com.st.stm32cube.ide.mcu.externaltools.gnu-tools-for-stm32.10.3-2021.10.win32_1.0.0.202111181127/tools/bin/../lib/gcc/arm-none-eabi/10.3.1/thumb/v7-m/nofp/crtbegin.o

.rodata         0x0000000008002164       0x4c
                0x0000000008002164                . = ALIGN (0x4)
 *(.rodata)
 .rodata        0x0000000008002164       0x10 ./Drivers/STM32F1xx_HAL_Driver/Src/stm32f1xx_hal_rcc.o
 *(.rodata*)
 .rodata._ZTV3Led
                0x0000000008002174       0x10 ./Core/Src/component/led.o
                0x0000000008002174                vtable for Led
 .rodata._ZTV4ILed
                0x0000000008002184       0x10 ./Core/Src/component/led.o
                0x0000000008002184                vtable for ILed
 .rodata.AHBPrescTable
                0x0000000008002194       0x10 ./Core/Src/system_stm32f1xx.o
                0x0000000008002194                AHBPrescTable
 .rodata._ZTV13LedController
                0x00000000080021a4        0xc ./Core/Src/service/led_controller.o
                0x00000000080021a4                vtable for LedController
                0x00000000080021b0                . = ALIGN (0x4)

.rel.dyn        0x00000000080021b0        0x0
 .rel.iplt      0x00000000080021b0        0x0 c:/st/stm32cubeide_1.10.1/stm32cubeide/plugins/com.st.stm32cube.ide.mcu.externaltools.gnu-tools-for-stm32.10.3-2021.10.win32_1.0.0.202111181127/tools/bin/../lib/gcc/arm-none-eabi/10.3.1/thumb/v7-m/nofp/crtbegin.o

.ARM.extab      0x00000000080021b0        0x0
                0x00000000080021b0                . = ALIGN (0x4)
 *(.ARM.extab* .gnu.linkonce.armextab.*)
                0x00000000080021b0                . = ALIGN (0x4)

.ARM            0x00000000080021b0        0x0
                0x00000000080021b0                . = ALIGN (0x4)
                0x00000000080021b0                __exidx_start = .
 *(.ARM.exidx*)
                0x00000000080021b0                __exidx_end = .
                0x00000000080021b0                . = ALIGN (0x4)

.preinit_array  0x00000000080021b0        0x0
                0x00000000080021b0                . = ALIGN (0x4)
                0x00000000080021b0                PROVIDE (__preinit_array_start = .)
 *(.preinit_array*)
                0x00000000080021b0                PROVIDE (__preinit_array_end = .)
                0x00000000080021b0                . = ALIGN (0x4)

.init_array     0x00000000080021b0        0x8
                0x00000000080021b0                . = ALIGN (0x4)
                0x00000000080021b0                PROVIDE (__init_array_start = .)
 *(SORT_BY_NAME(.init_array.*))
 *(.init_array*)
 .init_array    0x00000000080021b0        0x4 c:/st/stm32cubeide_1.10.1/stm32cubeide/plugins/com.st.stm32cube.ide.mcu.externaltools.gnu-tools-for-stm32.10.3-2021.10.win32_1.0.0.202111181127/tools/bin/../lib/gcc/arm-none-eabi/10.3.1/thumb/v7-m/nofp/crtbegin.o
 .init_array    0x00000000080021b4        0x4 ./Core/Src/global.o
                0x00000000080021b8                PROVIDE (__init_array_end = .)
                0x00000000080021b8                . = ALIGN (0x4)

.fini_array     0x00000000080021b8        0x4
                0x00000000080021b8                . = ALIGN (0x4)
                [!provide]                        PROVIDE (__fini_array_start = .)
 *(SORT_BY_NAME(.fini_array.*))
 *(.fini_array*)
 .fini_array    0x00000000080021b8        0x4 c:/st/stm32cubeide_1.10.1/stm32cubeide/plugins/com.st.stm32cube.ide.mcu.externaltools.gnu-tools-for-stm32.10.3-2021.10.win32_1.0.0.202111181127/tools/bin/../lib/gcc/arm-none-eabi/10.3.1/thumb/v7-m/nofp/crtbegin.o
                [!provide]                        PROVIDE (__fini_array_end = .)
                0x00000000080021bc                . = ALIGN (0x4)
                0x00000000080021bc                _sidata = LOADADDR (.data)

.data           0x0000000020000000       0x7c load address 0x00000000080021bc
                0x0000000020000000                . = ALIGN (0x4)
                0x0000000020000000                _sdata = .
 *(.data)
 *(.data*)
 .data.g_Controller
                0x0000000020000000        0x8 ./Core/Src/global.o
                0x0000000020000000                g_Controller
 .data.SystemCoreClock
                0x0000000020000008        0x4 ./Core/Src/system_stm32f1xx.o
                0x0000000020000008                SystemCoreClock
 .data.uwTickPrio
                0x000000002000000c        0x4 ./Drivers/STM32F1xx_HAL_Driver/Src/stm32f1xx_hal.o
                0x000000002000000c                uwTickPrio
 .data.uwTickFreq
                0x0000000020000010        0x1 ./Drivers/STM32F1xx_HAL_Driver/Src/stm32f1xx_hal.o
                0x0000000020000010                uwTickFreq
 *fill*         0x0000000020000011        0x3 
 .data._ZN10__cxxabiv119__terminate_handlerE
                0x0000000020000014        0x4 c:/st/stm32cubeide_1.10.1/stm32cubeide/plugins/com.st.stm32cube.ide.mcu.externaltools.gnu-tools-for-stm32.10.3-2021.10.win32_1.0.0.202111181127/tools/bin/../lib/gcc/arm-none-eabi/10.3.1/../../../../arm-none-eabi/lib/thumb/v7-m/nofp\libstdc++_nano.a(eh_term_handler.o)
                0x0000000020000014                __cxxabiv1::__terminate_handler
 .data._impure_ptr
                0x0000000020000018        0x4 c:/st/stm32cubeide_1.10.1/stm32cubeide/plugins/com.st.stm32cube.ide.mcu.externaltools.gnu-tools-for-stm32.10.3-2021.10.win32_1.0.0.202111181127/tools/bin/../lib/gcc/arm-none-eabi/10.3.1/../../../../arm-none-eabi/lib/thumb/v7-m/nofp\libc_nano.a(lib_a-impure.o)
                0x0000000020000018                _impure_ptr
 .data.impure_data
                0x000000002000001c       0x60 c:/st/stm32cubeide_1.10.1/stm32cubeide/plugins/com.st.stm32cube.ide.mcu.externaltools.gnu-tools-for-stm32.10.3-2021.10.win32_1.0.0.202111181127/tools/bin/../lib/gcc/arm-none-eabi/10.3.1/../../../../arm-none-eabi/lib/thumb/v7-m/nofp\libc_nano.a(lib_a-impure.o)
 *(.RamFunc)
 *(.RamFunc*)
                0x000000002000007c                . = ALIGN (0x4)
                0x000000002000007c                _edata = .

.igot.plt       0x000000002000007c        0x0 load address 0x0000000008002238
 .igot.plt      0x000000002000007c        0x0 c:/st/stm32cubeide_1.10.1/stm32cubeide/plugins/com.st.stm32cube.ide.mcu.externaltools.gnu-tools-for-stm32.10.3-2021.10.win32_1.0.0.202111181127/tools/bin/../lib/gcc/arm-none-eabi/10.3.1/thumb/v7-m/nofp/crtbegin.o
                0x000000002000007c                . = ALIGN (0x4)

.bss            0x000000002000007c      0x3d8 load address 0x0000000008002238
                0x000000002000007c                _sbss = .
                0x000000002000007c                __bss_start__ = _sbss
 *(.bss)
 .bss           0x000000002000007c       0x1c c:/st/stm32cubeide_1.10.1/stm32cubeide/plugins/com.st.stm32cube.ide.mcu.externaltools.gnu-tools-for-stm32.10.3-2021.10.win32_1.0.0.202111181127/tools/bin/../lib/gcc/arm-none-eabi/10.3.1/thumb/v7-m/nofp/crtbegin.o
 *(.bss*)
 .bss.g_TimerScheduler
                0x0000000020000098        0xc ./Core/Src/global.o
                0x0000000020000098                g_TimerScheduler
 .bss.g_Scheduler
                0x00000000200000a4      0x324 ./Core/Src/global.o
                0x00000000200000a4                g_Scheduler
 .bss.O_LED_RED
                0x00000000200003c8        0x8 ./Core/Src/global.o
                0x00000000200003c8                O_LED_RED
 .bss.O_LED_YEL
                0x00000000200003d0        0x8 ./Core/Src/global.o
                0x00000000200003d0                O_LED_YEL
 .bss.O_LED_GRN
                0x00000000200003d8        0x8 ./Core/Src/global.o
                0x00000000200003d8                O_LED_GRN
 .bss.g_RedLed  0x00000000200003e0        0xc ./Core/Src/global.o
                0x00000000200003e0                g_RedLed
 .bss.g_YelLed  0x00000000200003ec        0xc ./Core/Src/global.o
                0x00000000200003ec                g_YelLed
 .bss.g_GrnLed  0x00000000200003f8        0xc ./Core/Src/global.o
                0x00000000200003f8                g_GrnLed
 .bss.htim2     0x0000000020000404       0x48 ./Core/Src/main.o
                0x0000000020000404                htim2
 .bss.uwTick    0x000000002000044c        0x4 ./Drivers/STM32F1xx_HAL_Driver/Src/stm32f1xx_hal.o
                0x000000002000044c                uwTick
 .bss.errno     0x0000000020000450        0x4 c:/st/stm32cubeide_1.10.1/stm32cubeide/plugins/com.st.stm32cube.ide.mcu.externaltools.gnu-tools-for-stm32.10.3-2021.10.win32_1.0.0.202111181127/tools/bin/../lib/gcc/arm-none-eabi/10.3.1/../../../../arm-none-eabi/lib/thumb/v7-m/nofp\libc_nano.a(lib_a-reent.o)
                0x0000000020000450                errno
 *(COMMON)
                0x0000000020000454                . = ALIGN (0x4)
                0x0000000020000454                _ebss = .
                0x0000000020000454                __bss_end__ = _ebss

._user_heap_stack
                0x0000000020000454      0x604 load address 0x0000000008002238
                0x0000000020000458                . = ALIGN (0x8)
 *fill*         0x0000000020000454        0x4 
                [!provide]                        PROVIDE (end = .)
                0x0000000020000458                PROVIDE (_end = .)
                0x0000000020000658                . = (. + _Min_Heap_Size)
 *fill*         0x0000000020000458      0x200 
                0x0000000020000a58                . = (. + _Min_Stack_Size)
 *fill*         0x0000000020000658      0x400 
                0x0000000020000a58                . = ALIGN (0x8)

/DISCARD/
 libc.a(*)
 libm.a(*)
 libgcc.a(*)

.ARM.attributes
                0x0000000000000000       0x29
 *(.ARM.attributes)
 .ARM.attributes
                0x0000000000000000       0x1d c:/st/stm32cubeide_1.10.1/stm32cubeide/plugins/com.st.stm32cube.ide.mcu.externaltools.gnu-tools-for-stm32.10.3-2021.10.win32_1.0.0.202111181127/tools/bin/../lib/gcc/arm-none-eabi/10.3.1/thumb/v7-m/nofp/crti.o
 .ARM.attributes
                0x000000000000001d       0x2d c:/st/stm32cubeide_1.10.1/stm32cubeide/plugins/com.st.stm32cube.ide.mcu.externaltools.gnu-tools-for-stm32.10.3-2021.10.win32_1.0.0.202111181127/tools/bin/../lib/gcc/arm-none-eabi/10.3.1/thumb/v7-m/nofp/crtbegin.o
 .ARM.attributes
                0x000000000000004a       0x2d ./Core/Src/component/led.o
 .ARM.attributes
                0x0000000000000077       0x2d ./Core/Src/global.o
 .ARM.attributes
                0x00000000000000a4       0x2d ./Core/Src/main.o
 .ARM.attributes
                0x00000000000000d1       0x2d ./Core/Src/stm32f1xx_hal_msp.o
 .ARM.attributes
                0x00000000000000fe       0x2d ./Core/Src/stm32f1xx_it.o
 .ARM.attributes
                0x000000000000012b       0x2d ./Core/Src/syscalls.o
 .ARM.attributes
                0x0000000000000158       0x2d ./Core/Src/system_stm32f1xx.o
 .ARM.attributes
                0x0000000000000185       0x2d ./Core/Src/helper/scheduler.o
 .ARM.attributes
                0x00000000000001b2       0x2d ./Core/Src/helper/timer.o
 .ARM.attributes
                0x00000000000001df       0x2d ./Core/Src/model/output.o
 .ARM.attributes
                0x000000000000020c       0x2d ./Core/Src/model/pin.o
 .ARM.attributes
                0x0000000000000239       0x2d ./Core/Src/service/led_controller.o
 .ARM.attributes
                0x0000000000000266       0x21 ./Core/Startup/startup_stm32f103c6tx.o
 .ARM.attributes
                0x0000000000000287       0x2d ./Drivers/STM32F1xx_HAL_Driver/Src/stm32f1xx_hal.o
 .ARM.attributes
                0x00000000000002b4       0x2d ./Drivers/STM32F1xx_HAL_Driver/Src/stm32f1xx_hal_cortex.o
 .ARM.attributes
                0x00000000000002e1       0x2d ./Drivers/STM32F1xx_HAL_Driver/Src/stm32f1xx_hal_gpio.o
 .ARM.attributes
                0x000000000000030e       0x2d ./Drivers/STM32F1xx_HAL_Driver/Src/stm32f1xx_hal_rcc.o
 .ARM.attributes
                0x000000000000033b       0x2d ./Drivers/STM32F1xx_HAL_Driver/Src/stm32f1xx_hal_tim.o
 .ARM.attributes
                0x0000000000000368       0x2d ./Drivers/STM32F1xx_HAL_Driver/Src/stm32f1xx_hal_tim_ex.o
 .ARM.attributes
                0x0000000000000395       0x2d c:/st/stm32cubeide_1.10.1/stm32cubeide/plugins/com.st.stm32cube.ide.mcu.externaltools.gnu-tools-for-stm32.10.3-2021.10.win32_1.0.0.202111181127/tools/bin/../lib/gcc/arm-none-eabi/10.3.1/../../../../arm-none-eabi/lib/thumb/v7-m/nofp\libstdc++_nano.a(pure.o)
 .ARM.attributes
                0x00000000000003c2       0x2d c:/st/stm32cubeide_1.10.1/stm32cubeide/plugins/com.st.stm32cube.ide.mcu.externaltools.gnu-tools-for-stm32.10.3-2021.10.win32_1.0.0.202111181127/tools/bin/../lib/gcc/arm-none-eabi/10.3.1/../../../../arm-none-eabi/lib/thumb/v7-m/nofp\libstdc++_nano.a(eh_terminate.o)
 .ARM.attributes
                0x00000000000003ef       0x2d c:/st/stm32cubeide_1.10.1/stm32cubeide/plugins/com.st.stm32cube.ide.mcu.externaltools.gnu-tools-for-stm32.10.3-2021.10.win32_1.0.0.202111181127/tools/bin/../lib/gcc/arm-none-eabi/10.3.1/../../../../arm-none-eabi/lib/thumb/v7-m/nofp\libstdc++_nano.a(eh_term_handler.o)
 .ARM.attributes
                0x000000000000041c       0x2d c:/st/stm32cubeide_1.10.1/stm32cubeide/plugins/com.st.stm32cube.ide.mcu.externaltools.gnu-tools-for-stm32.10.3-2021.10.win32_1.0.0.202111181127/tools/bin/../lib/gcc/arm-none-eabi/10.3.1/../../../../arm-none-eabi/lib/thumb/v7-m/nofp\libc_nano.a(lib_a-abort.o)
 .ARM.attributes
                0x0000000000000449       0x2d c:/st/stm32cubeide_1.10.1/stm32cubeide/plugins/com.st.stm32cube.ide.mcu.externaltools.gnu-tools-for-stm32.10.3-2021.10.win32_1.0.0.202111181127/tools/bin/../lib/gcc/arm-none-eabi/10.3.1/../../../../arm-none-eabi/lib/thumb/v7-m/nofp\libc_nano.a(lib_a-errno.o)
 .ARM.attributes
                0x0000000000000476       0x2d c:/st/stm32cubeide_1.10.1/stm32cubeide/plugins/com.st.stm32cube.ide.mcu.externaltools.gnu-tools-for-stm32.10.3-2021.10.win32_1.0.0.202111181127/tools/bin/../lib/gcc/arm-none-eabi/10.3.1/../../../../arm-none-eabi/lib/thumb/v7-m/nofp\libc_nano.a(lib_a-impure.o)
 .ARM.attributes
                0x00000000000004a3       0x2d c:/st/stm32cubeide_1.10.1/stm32cubeide/plugins/com.st.stm32cube.ide.mcu.externaltools.gnu-tools-for-stm32.10.3-2021.10.win32_1.0.0.202111181127/tools/bin/../lib/gcc/arm-none-eabi/10.3.1/../../../../arm-none-eabi/lib/thumb/v7-m/nofp\libc_nano.a(lib_a-init.o)
 .ARM.attributes
                0x00000000000004d0       0x2d c:/st/stm32cubeide_1.10.1/stm32cubeide/plugins/com.st.stm32cube.ide.mcu.externaltools.gnu-tools-for-stm32.10.3-2021.10.win32_1.0.0.202111181127/tools/bin/../lib/gcc/arm-none-eabi/10.3.1/../../../../arm-none-eabi/lib/thumb/v7-m/nofp\libc_nano.a(lib_a-memset.o)
 .ARM.attributes
                0x00000000000004fd       0x2d c:/st/stm32cubeide_1.10.1/stm32cubeide/plugins/com.st.stm32cube.ide.mcu.externaltools.gnu-tools-for-stm32.10.3-2021.10.win32_1.0.0.202111181127/tools/bin/../lib/gcc/arm-none-eabi/10.3.1/../../../../arm-none-eabi/lib/thumb/v7-m/nofp\libc_nano.a(lib_a-signal.o)
 .ARM.attributes
                0x000000000000052a       0x2d c:/st/stm32cubeide_1.10.1/stm32cubeide/plugins/com.st.stm32cube.ide.mcu.externaltools.gnu-tools-for-stm32.10.3-2021.10.win32_1.0.0.202111181127/tools/bin/../lib/gcc/arm-none-eabi/10.3.1/../../../../arm-none-eabi/lib/thumb/v7-m/nofp\libc_nano.a(lib_a-signalr.o)
 .ARM.attributes
                0x0000000000000557       0x2d c:/st/stm32cubeide_1.10.1/stm32cubeide/plugins/com.st.stm32cube.ide.mcu.externaltools.gnu-tools-for-stm32.10.3-2021.10.win32_1.0.0.202111181127/tools/bin/../lib/gcc/arm-none-eabi/10.3.1/../../../../arm-none-eabi/lib/thumb/v7-m/nofp\libc_nano.a(lib_a-reent.o)
 .ARM.attributes
                0x0000000000000584       0x1d c:/st/stm32cubeide_1.10.1/stm32cubeide/plugins/com.st.stm32cube.ide.mcu.externaltools.gnu-tools-for-stm32.10.3-2021.10.win32_1.0.0.202111181127/tools/bin/../lib/gcc/arm-none-eabi/10.3.1/thumb/v7-m/nofp/crtn.o
OUTPUT(Lab_4.elf elf32-littlearm)
LOAD linker stubs
LOAD c:/st/stm32cubeide_1.10.1/stm32cubeide/plugins/com.st.stm32cube.ide.mcu.externaltools.gnu-tools-for-stm32.10.3-2021.10.win32_1.0.0.202111181127/tools/bin/../lib/gcc/arm-none-eabi/10.3.1/../../../../arm-none-eabi/lib/thumb/v7-m/nofp\libc.a
LOAD c:/st/stm32cubeide_1.10.1/stm32cubeide/plugins/com.st.stm32cube.ide.mcu.externaltools.gnu-tools-for-stm32.10.3-2021.10.win32_1.0.0.202111181127/tools/bin/../lib/gcc/arm-none-eabi/10.3.1/../../../../arm-none-eabi/lib/thumb/v7-m/nofp\libm.a
LOAD c:/st/stm32cubeide_1.10.1/stm32cubeide/plugins/com.st.stm32cube.ide.mcu.externaltools.gnu-tools-for-stm32.10.3-2021.10.win32_1.0.0.202111181127/tools/bin/../lib/gcc/arm-none-eabi/10.3.1/thumb/v7-m/nofp\libgcc.a

.debug_info     0x0000000000000000     0xa8b8
 .debug_info    0x0000000000000000      0x673 ./Core/Src/component/led.o
 .debug_info    0x0000000000000673      0x86a ./Core/Src/global.o
 .debug_info    0x0000000000000edd      0xeb6 ./Core/Src/main.o
 .debug_info    0x0000000000001d93      0x8d7 ./Core/Src/stm32f1xx_hal_msp.o
 .debug_info    0x000000000000266a      0x6ea ./Core/Src/stm32f1xx_it.o
 .debug_info    0x0000000000002d54      0x6e0 ./Core/Src/syscalls.o
 .debug_info    0x0000000000003434      0x23d ./Core/Src/system_stm32f1xx.o
 .debug_info    0x0000000000003671      0x3de ./Core/Src/helper/scheduler.o
 .debug_info    0x0000000000003a4f      0x230 ./Core/Src/helper/timer.o
 .debug_info    0x0000000000003c7f      0x508 ./Core/Src/model/output.o
 .debug_info    0x0000000000004187      0x390 ./Core/Src/model/pin.o
 .debug_info    0x0000000000004517      0x401 ./Core/Src/service/led_controller.o
 .debug_info    0x0000000000004918       0x22 ./Core/Startup/startup_stm32f103c6tx.o
 .debug_info    0x000000000000493a      0x716 ./Drivers/STM32F1xx_HAL_Driver/Src/stm32f1xx_hal.o
 .debug_info    0x0000000000005050      0xb02 ./Drivers/STM32F1xx_HAL_Driver/Src/stm32f1xx_hal_cortex.o
 .debug_info    0x0000000000005b52      0x615 ./Drivers/STM32F1xx_HAL_Driver/Src/stm32f1xx_hal_gpio.o
 .debug_info    0x0000000000006167      0x860 ./Drivers/STM32F1xx_HAL_Driver/Src/stm32f1xx_hal_rcc.o
 .debug_info    0x00000000000069c7     0x29de ./Drivers/STM32F1xx_HAL_Driver/Src/stm32f1xx_hal_tim.o
 .debug_info    0x00000000000093a5     0x1513 ./Drivers/STM32F1xx_HAL_Driver/Src/stm32f1xx_hal_tim_ex.o

.debug_abbrev   0x0000000000000000     0x273f
 .debug_abbrev  0x0000000000000000      0x2f1 ./Core/Src/component/led.o
 .debug_abbrev  0x00000000000002f1      0x307 ./Core/Src/global.o
 .debug_abbrev  0x00000000000005f8      0x339 ./Core/Src/main.o
 .debug_abbrev  0x0000000000000931      0x19f ./Core/Src/stm32f1xx_hal_msp.o
 .debug_abbrev  0x0000000000000ad0      0x184 ./Core/Src/stm32f1xx_it.o
 .debug_abbrev  0x0000000000000c54      0x1b3 ./Core/Src/syscalls.o
 .debug_abbrev  0x0000000000000e07      0x13b ./Core/Src/system_stm32f1xx.o
 .debug_abbrev  0x0000000000000f42      0x1f4 ./Core/Src/helper/scheduler.o
 .debug_abbrev  0x0000000000001136      0x162 ./Core/Src/helper/timer.o
 .debug_abbrev  0x0000000000001298      0x26e ./Core/Src/model/output.o
 .debug_abbrev  0x0000000000001506      0x1d7 ./Core/Src/model/pin.o
 .debug_abbrev  0x00000000000016dd      0x243 ./Core/Src/service/led_controller.o
 .debug_abbrev  0x0000000000001920       0x12 ./Core/Startup/startup_stm32f103c6tx.o
 .debug_abbrev  0x0000000000001932      0x1fb ./Drivers/STM32F1xx_HAL_Driver/Src/stm32f1xx_hal.o
 .debug_abbrev  0x0000000000001b2d      0x2ed ./Drivers/STM32F1xx_HAL_Driver/Src/stm32f1xx_hal_cortex.o
 .debug_abbrev  0x0000000000001e1a      0x1bb ./Drivers/STM32F1xx_HAL_Driver/Src/stm32f1xx_hal_gpio.o
 .debug_abbrev  0x0000000000001fd5      0x2a8 ./Drivers/STM32F1xx_HAL_Driver/Src/stm32f1xx_hal_rcc.o
 .debug_abbrev  0x000000000000227d      0x25d ./Drivers/STM32F1xx_HAL_Driver/Src/stm32f1xx_hal_tim.o
 .debug_abbrev  0x00000000000024da      0x265 ./Drivers/STM32F1xx_HAL_Driver/Src/stm32f1xx_hal_tim_ex.o

.debug_aranges  0x0000000000000000      0xbb8
 .debug_aranges
                0x0000000000000000       0x48 ./Core/Src/component/led.o
 .debug_aranges
                0x0000000000000048       0x28 ./Core/Src/global.o
 .debug_aranges
                0x0000000000000070       0x48 ./Core/Src/main.o
 .debug_aranges
                0x00000000000000b8       0x30 ./Core/Src/stm32f1xx_hal_msp.o
 .debug_aranges
                0x00000000000000e8       0x68 ./Core/Src/stm32f1xx_it.o
 .debug_aranges
                0x0000000000000150       0xa8 ./Core/Src/syscalls.o
 .debug_aranges
                0x00000000000001f8       0x28 ./Core/Src/system_stm32f1xx.o
 .debug_aranges
                0x0000000000000220       0x50 ./Core/Src/helper/scheduler.o
 .debug_aranges
                0x0000000000000270       0x48 ./Core/Src/helper/timer.o
 .debug_aranges
                0x00000000000002b8       0x48 ./Core/Src/model/output.o
 .debug_aranges
                0x0000000000000300       0x48 ./Core/Src/model/pin.o
 .debug_aranges
                0x0000000000000348       0x48 ./Core/Src/service/led_controller.o
 .debug_aranges
                0x0000000000000390       0x28 ./Core/Startup/startup_stm32f103c6tx.o
 .debug_aranges
                0x00000000000003b8       0xe0 ./Drivers/STM32F1xx_HAL_Driver/Src/stm32f1xx_hal.o
 .debug_aranges
                0x0000000000000498      0x100 ./Drivers/STM32F1xx_HAL_Driver/Src/stm32f1xx_hal_cortex.o
 .debug_aranges
                0x0000000000000598       0x58 ./Drivers/STM32F1xx_HAL_Driver/Src/stm32f1xx_hal_gpio.o
 .debug_aranges
                0x00000000000005f0       0x90 ./Drivers/STM32F1xx_HAL_Driver/Src/stm32f1xx_hal_rcc.o
 .debug_aranges
                0x0000000000000680      0x3d0 ./Drivers/STM32F1xx_HAL_Driver/Src/stm32f1xx_hal_tim.o
 .debug_aranges
                0x0000000000000a50      0x168 ./Drivers/STM32F1xx_HAL_Driver/Src/stm32f1xx_hal_tim_ex.o

.debug_ranges   0x0000000000000000      0xa90
 .debug_ranges  0x0000000000000000       0x38 ./Core/Src/component/led.o
 .debug_ranges  0x0000000000000038       0x18 ./Core/Src/global.o
 .debug_ranges  0x0000000000000050       0x38 ./Core/Src/main.o
 .debug_ranges  0x0000000000000088       0x20 ./Core/Src/stm32f1xx_hal_msp.o
 .debug_ranges  0x00000000000000a8       0x58 ./Core/Src/stm32f1xx_it.o
 .debug_ranges  0x0000000000000100       0x98 ./Core/Src/syscalls.o
 .debug_ranges  0x0000000000000198       0x18 ./Core/Src/system_stm32f1xx.o
 .debug_ranges  0x00000000000001b0       0x40 ./Core/Src/helper/scheduler.o
 .debug_ranges  0x00000000000001f0       0x38 ./Core/Src/helper/timer.o
 .debug_ranges  0x0000000000000228       0x38 ./Core/Src/model/output.o
 .debug_ranges  0x0000000000000260       0x38 ./Core/Src/model/pin.o
 .debug_ranges  0x0000000000000298       0x38 ./Core/Src/service/led_controller.o
 .debug_ranges  0x00000000000002d0       0x20 ./Core/Startup/startup_stm32f103c6tx.o
 .debug_ranges  0x00000000000002f0       0xd0 ./Drivers/STM32F1xx_HAL_Driver/Src/stm32f1xx_hal.o
 .debug_ranges  0x00000000000003c0       0xf0 ./Drivers/STM32F1xx_HAL_Driver/Src/stm32f1xx_hal_cortex.o
 .debug_ranges  0x00000000000004b0       0x48 ./Drivers/STM32F1xx_HAL_Driver/Src/stm32f1xx_hal_gpio.o
 .debug_ranges  0x00000000000004f8       0x80 ./Drivers/STM32F1xx_HAL_Driver/Src/stm32f1xx_hal_rcc.o
 .debug_ranges  0x0000000000000578      0x3c0 ./Drivers/STM32F1xx_HAL_Driver/Src/stm32f1xx_hal_tim.o
 .debug_ranges  0x0000000000000938      0x158 ./Drivers/STM32F1xx_HAL_Driver/Src/stm32f1xx_hal_tim_ex.o

.debug_macro    0x0000000000000000    0x19b78
 .debug_macro   0x0000000000000000      0x1d4 ./Core/Src/component/led.o
 .debug_macro   0x00000000000001d4      0xb44 ./Core/Src/component/led.o
 .debug_macro   0x0000000000000d18      0x215 ./Core/Src/component/led.o
 .debug_macro   0x0000000000000f2d       0x2e ./Core/Src/component/led.o
 .debug_macro   0x0000000000000f5b       0x22 ./Core/Src/component/led.o
 .debug_macro   0x0000000000000f7d       0x1c ./Core/Src/component/led.o
 .debug_macro   0x0000000000000f99       0x22 ./Core/Src/component/led.o
 .debug_macro   0x0000000000000fbb       0x8e ./Core/Src/component/led.o
 .debug_macro   0x0000000000001049       0x51 ./Core/Src/component/led.o
 .debug_macro   0x000000000000109a      0x103 ./Core/Src/component/led.o
 .debug_macro   0x000000000000119d       0x6a ./Core/Src/component/led.o
 .debug_macro   0x0000000000001207      0x1df ./Core/Src/component/led.o
 .debug_macro   0x00000000000013e6       0x1c ./Core/Src/component/led.o
 .debug_macro   0x0000000000001402       0x22 ./Core/Src/component/led.o
 .debug_macro   0x0000000000001424       0xbd ./Core/Src/component/led.o
 .debug_macro   0x00000000000014e1      0xd23 ./Core/Src/component/led.o
 .debug_macro   0x0000000000002204     0xde75 ./Core/Src/component/led.o
 .debug_macro   0x0000000000010079       0x6d ./Core/Src/component/led.o
 .debug_macro   0x00000000000100e6     0x3468 ./Core/Src/component/led.o
 .debug_macro   0x000000000001354e      0x17b ./Core/Src/component/led.o
 .debug_macro   0x00000000000136c9       0x5c ./Core/Src/component/led.o
 .debug_macro   0x0000000000013725      0x5be ./Core/Src/component/led.o
 .debug_macro   0x0000000000013ce3      0x1b7 ./Core/Src/component/led.o
 .debug_macro   0x0000000000013e9a      0x1cb ./Core/Src/component/led.o
 .debug_macro   0x0000000000014065      0x114 ./Core/Src/component/led.o
 .debug_macro   0x0000000000014179      0x1b2 ./Core/Src/component/led.o
 .debug_macro   0x000000000001432b       0x27 ./Core/Src/component/led.o
 .debug_macro   0x0000000000014352      0x12f ./Core/Src/component/led.o
 .debug_macro   0x0000000000014481      0x1bc ./Core/Src/component/led.o
 .debug_macro   0x000000000001463d       0x34 ./Core/Src/component/led.o
 .debug_macro   0x0000000000014671       0x3c ./Core/Src/component/led.o
 .debug_macro   0x00000000000146ad       0x57 ./Core/Src/component/led.o
 .debug_macro   0x0000000000014704       0x88 ./Core/Src/component/led.o
 .debug_macro   0x000000000001478c      0x183 ./Core/Src/component/led.o
 .debug_macro   0x000000000001490f      0x141 ./Core/Src/component/led.o
 .debug_macro   0x0000000000014a50      0x8d1 ./Core/Src/component/led.o
 .debug_macro   0x0000000000015321       0x69 ./Core/Src/component/led.o
 .debug_macro   0x000000000001538a       0x28 ./Core/Src/component/led.o
 .debug_macro   0x00000000000153b2      0x26c ./Core/Src/global.o
 .debug_macro   0x000000000001561e      0x26c ./Core/Src/main.o
 .debug_macro   0x000000000001588a      0x1a7 ./Core/Src/stm32f1xx_hal_msp.o
 .debug_macro   0x0000000000015a31      0xa6c ./Core/Src/stm32f1xx_hal_msp.o
 .debug_macro   0x000000000001649d      0xd23 ./Core/Src/stm32f1xx_hal_msp.o
 .debug_macro   0x00000000000171c0      0x174 ./Core/Src/stm32f1xx_hal_msp.o
 .debug_macro   0x0000000000017334      0x1b1 ./Core/Src/stm32f1xx_it.o
 .debug_macro   0x00000000000174e5      0x24c ./Core/Src/syscalls.o
 .debug_macro   0x0000000000017731       0x4c ./Core/Src/syscalls.o
 .debug_macro   0x000000000001777d       0x18 ./Core/Src/syscalls.o
 .debug_macro   0x0000000000017795       0x94 ./Core/Src/syscalls.o
 .debug_macro   0x0000000000017829       0x3c ./Core/Src/syscalls.o
 .debug_macro   0x0000000000017865       0x34 ./Core/Src/syscalls.o
 .debug_macro   0x0000000000017899       0x57 ./Core/Src/syscalls.o
 .debug_macro   0x00000000000178f0      0x341 ./Core/Src/syscalls.o
 .debug_macro   0x0000000000017c31       0x16 ./Core/Src/syscalls.o
 .debug_macro   0x0000000000017c47       0x43 ./Core/Src/syscalls.o
 .debug_macro   0x0000000000017c8a       0x34 ./Core/Src/syscalls.o
 .debug_macro   0x0000000000017cbe       0x10 ./Core/Src/syscalls.o
 .debug_macro   0x0000000000017cce       0x58 ./Core/Src/syscalls.o
 .debug_macro   0x0000000000017d26       0x71 ./Core/Src/syscalls.o
 .debug_macro   0x0000000000017d97       0x1c ./Core/Src/syscalls.o
 .debug_macro   0x0000000000017db3      0x12a ./Core/Src/syscalls.o
 .debug_macro   0x0000000000017edd       0x10 ./Core/Src/syscalls.o
 .debug_macro   0x0000000000017eed       0x35 ./Core/Src/syscalls.o
 .debug_macro   0x0000000000017f22       0x10 ./Core/Src/syscalls.o
 .debug_macro   0x0000000000017f32       0x10 ./Core/Src/syscalls.o
 .debug_macro   0x0000000000017f42       0x10 ./Core/Src/syscalls.o
 .debug_macro   0x0000000000017f52       0x1c ./Core/Src/syscalls.o
 .debug_macro   0x0000000000017f6e       0x52 ./Core/Src/syscalls.o
 .debug_macro   0x0000000000017fc0       0x22 ./Core/Src/syscalls.o
 .debug_macro   0x0000000000017fe2       0x10 ./Core/Src/syscalls.o
 .debug_macro   0x0000000000017ff2       0x52 ./Core/Src/syscalls.o
 .debug_macro   0x0000000000018044       0xd5 ./Core/Src/syscalls.o
 .debug_macro   0x0000000000018119       0x1c ./Core/Src/syscalls.o
 .debug_macro   0x0000000000018135       0x3d ./Core/Src/syscalls.o
 .debug_macro   0x0000000000018172       0x35 ./Core/Src/syscalls.o
 .debug_macro   0x00000000000181a7      0x12c ./Core/Src/syscalls.o
 .debug_macro   0x00000000000182d3       0x16 ./Core/Src/syscalls.o
 .debug_macro   0x00000000000182e9       0x16 ./Core/Src/syscalls.o
 .debug_macro   0x00000000000182ff       0x29 ./Core/Src/syscalls.o
 .debug_macro   0x0000000000018328       0x10 ./Core/Src/syscalls.o
 .debug_macro   0x0000000000018338      0x241 ./Core/Src/syscalls.o
 .debug_macro   0x0000000000018579       0x1c ./Core/Src/syscalls.o
 .debug_macro   0x0000000000018595       0x10 ./Core/Src/syscalls.o
 .debug_macro   0x00000000000185a5       0x10 ./Core/Src/syscalls.o
 .debug_macro   0x00000000000185b5       0x16 ./Core/Src/syscalls.o
 .debug_macro   0x00000000000185cb      0x145 ./Core/Src/syscalls.o
 .debug_macro   0x0000000000018710      0x189 ./Core/Src/syscalls.o
 .debug_macro   0x0000000000018899       0x16 ./Core/Src/syscalls.o
 .debug_macro   0x00000000000188af       0xce ./Core/Src/syscalls.o
 .debug_macro   0x000000000001897d      0x198 ./Core/Src/system_stm32f1xx.o
 .debug_macro   0x0000000000018b15       0x31 ./Core/Src/helper/scheduler.o
 .debug_macro   0x0000000000018b46       0x1a ./Core/Src/helper/timer.o
 .debug_macro   0x0000000000018b60      0x1c0 ./Core/Src/model/output.o
 .debug_macro   0x0000000000018d20      0x1b6 ./Core/Src/model/pin.o
 .debug_macro   0x0000000000018ed6      0x270 ./Core/Src/service/led_controller.o
 .debug_macro   0x0000000000019146      0x1bc ./Drivers/STM32F1xx_HAL_Driver/Src/stm32f1xx_hal.o
 .debug_macro   0x0000000000019302      0x198 ./Drivers/STM32F1xx_HAL_Driver/Src/stm32f1xx_hal_cortex.o
 .debug_macro   0x000000000001949a      0x203 ./Drivers/STM32F1xx_HAL_Driver/Src/stm32f1xx_hal_gpio.o
 .debug_macro   0x000000000001969d      0x1aa ./Drivers/STM32F1xx_HAL_Driver/Src/stm32f1xx_hal_rcc.o
 .debug_macro   0x0000000000019847      0x199 ./Drivers/STM32F1xx_HAL_Driver/Src/stm32f1xx_hal_tim.o
 .debug_macro   0x00000000000199e0      0x198 ./Drivers/STM32F1xx_HAL_Driver/Src/stm32f1xx_hal_tim_ex.o

.debug_line     0x0000000000000000     0xc308
 .debug_line    0x0000000000000000      0x74d ./Core/Src/component/led.o
 .debug_line    0x000000000000074d      0x7aa ./Core/Src/global.o
 .debug_line    0x0000000000000ef7      0x8a2 ./Core/Src/main.o
 .debug_line    0x0000000000001799      0x694 ./Core/Src/stm32f1xx_hal_msp.o
 .debug_line    0x0000000000001e2d      0x734 ./Core/Src/stm32f1xx_it.o
 .debug_line    0x0000000000002561      0x7f4 ./Core/Src/syscalls.o
 .debug_line    0x0000000000002d55      0x6d8 ./Core/Src/system_stm32f1xx.o
 .debug_line    0x000000000000342d      0x26b ./Core/Src/helper/scheduler.o
 .debug_line    0x0000000000003698      0x109 ./Core/Src/helper/timer.o
 .debug_line    0x00000000000037a1      0x6fe ./Core/Src/model/output.o
 .debug_line    0x0000000000003e9f      0x6e4 ./Core/Src/model/pin.o
 .debug_line    0x0000000000004583      0x806 ./Core/Src/service/led_controller.o
 .debug_line    0x0000000000004d89       0x87 ./Core/Startup/startup_stm32f103c6tx.o
 .debug_line    0x0000000000004e10      0x905 ./Drivers/STM32F1xx_HAL_Driver/Src/stm32f1xx_hal.o
 .debug_line    0x0000000000005715      0xaed ./Drivers/STM32F1xx_HAL_Driver/Src/stm32f1xx_hal_cortex.o
 .debug_line    0x0000000000006202      0x987 ./Drivers/STM32F1xx_HAL_Driver/Src/stm32f1xx_hal_gpio.o
 .debug_line    0x0000000000006b89      0xd13 ./Drivers/STM32F1xx_HAL_Driver/Src/stm32f1xx_hal_rcc.o
 .debug_line    0x000000000000789c     0x3271 ./Drivers/STM32F1xx_HAL_Driver/Src/stm32f1xx_hal_tim.o
 .debug_line    0x000000000000ab0d     0x17fb ./Drivers/STM32F1xx_HAL_Driver/Src/stm32f1xx_hal_tim_ex.o

.debug_str      0x0000000000000000    0x87eda
 .debug_str     0x0000000000000000    0x7f75e ./Core/Src/component/led.o
                                      0x7facf (size before relaxing)
 .debug_str     0x000000000007f75e      0x4d3 ./Core/Src/global.o
                                      0x7ff3d (size before relaxing)
 .debug_str     0x000000000007fc31      0x828 ./Core/Src/main.o
                                      0x80680 (size before relaxing)
 .debug_str     0x0000000000080459      0x4a8 ./Core/Src/stm32f1xx_hal_msp.o
                                      0x7fb78 (size before relaxing)
 .debug_str     0x0000000000080901       0xec ./Core/Src/stm32f1xx_it.o
                                      0x7f8e1 (size before relaxing)
 .debug_str     0x00000000000809ed     0x5496 ./Core/Src/syscalls.o
                                       0x8a15 (size before relaxing)
 .debug_str     0x0000000000085e83       0x88 ./Core/Src/system_stm32f1xx.o
                                      0x7f36d (size before relaxing)
 .debug_str     0x0000000000085f0b       0x75 ./Core/Src/helper/scheduler.o
                                       0x329a (size before relaxing)
 .debug_str     0x0000000000085f80       0x34 ./Core/Src/helper/timer.o
                                       0x31b4 (size before relaxing)
 .debug_str     0x0000000000085fb4       0x84 ./Core/Src/model/output.o
                                      0x7fa4b (size before relaxing)
 .debug_str     0x0000000000086038       0x1a ./Core/Src/model/pin.o
                                      0x7f908 (size before relaxing)
 .debug_str     0x0000000000086052      0x110 ./Core/Src/service/led_controller.o
                                      0x7fc2a (size before relaxing)
 .debug_str     0x0000000000086162       0x36 ./Core/Startup/startup_stm32f103c6tx.o
                                         0x6b (size before relaxing)
 .debug_str     0x0000000000086198      0x325 ./Drivers/STM32F1xx_HAL_Driver/Src/stm32f1xx_hal.o
                                      0x7fa66 (size before relaxing)
 .debug_str     0x00000000000864bd      0x295 ./Drivers/STM32F1xx_HAL_Driver/Src/stm32f1xx_hal_cortex.o
                                      0x7f9b2 (size before relaxing)
 .debug_str     0x0000000000086752      0x307 ./Drivers/STM32F1xx_HAL_Driver/Src/stm32f1xx_hal_gpio.o
                                      0x7f6f3 (size before relaxing)
 .debug_str     0x0000000000086a59      0x21e ./Drivers/STM32F1xx_HAL_Driver/Src/stm32f1xx_hal_rcc.o
                                      0x7f79c (size before relaxing)
 .debug_str     0x0000000000086c77      0xdd0 ./Drivers/STM32F1xx_HAL_Driver/Src/stm32f1xx_hal_tim.o
                                      0x80787 (size before relaxing)
 .debug_str     0x0000000000087a47      0x493 ./Drivers/STM32F1xx_HAL_Driver/Src/stm32f1xx_hal_tim_ex.o
                                      0x7ffa3 (size before relaxing)

.comment        0x0000000000000000       0x50
 .comment       0x0000000000000000       0x50 ./Core/Src/component/led.o
                                         0x51 (size before relaxing)
 .comment       0x0000000000000050       0x51 ./Core/Src/global.o
 .comment       0x0000000000000050       0x51 ./Core/Src/main.o
 .comment       0x0000000000000050       0x51 ./Core/Src/stm32f1xx_hal_msp.o
 .comment       0x0000000000000050       0x51 ./Core/Src/stm32f1xx_it.o
 .comment       0x0000000000000050       0x51 ./Core/Src/syscalls.o
 .comment       0x0000000000000050       0x51 ./Core/Src/system_stm32f1xx.o
 .comment       0x0000000000000050       0x51 ./Core/Src/helper/scheduler.o
 .comment       0x0000000000000050       0x51 ./Core/Src/helper/timer.o
 .comment       0x0000000000000050       0x51 ./Core/Src/model/output.o
 .comment       0x0000000000000050       0x51 ./Core/Src/model/pin.o
 .comment       0x0000000000000050       0x51 ./Core/Src/service/led_controller.o
 .comment       0x0000000000000050       0x51 ./Drivers/STM32F1xx_HAL_Driver/Src/stm32f1xx_hal.o
 .comment       0x0000000000000050       0x51 ./Drivers/STM32F1xx_HAL_Driver/Src/stm32f1xx_hal_cortex.o
 .comment       0x0000000000000050       0x51 ./Drivers/STM32F1xx_HAL_Driver/Src/stm32f1xx_hal_gpio.o
 .comment       0x0000000000000050       0x51 ./Drivers/STM32F1xx_HAL_Driver/Src/stm32f1xx_hal_rcc.o
 .comment       0x0000000000000050       0x51 ./Drivers/STM32F1xx_HAL_Driver/Src/stm32f1xx_hal_tim.o
 .comment       0x0000000000000050       0x51 ./Drivers/STM32F1xx_HAL_Driver/Src/stm32f1xx_hal_tim_ex.o

.debug_frame    0x0000000000000000     0x3130
 .debug_frame   0x0000000000000000       0xf0 ./Core/Src/component/led.o
 .debug_frame   0x00000000000000f0       0x50 ./Core/Src/global.o
 .debug_frame   0x0000000000000140       0xd4 ./Core/Src/main.o
 .debug_frame   0x0000000000000214       0x80 ./Core/Src/stm32f1xx_hal_msp.o
 .debug_frame   0x0000000000000294      0x120 ./Core/Src/stm32f1xx_it.o
 .debug_frame   0x00000000000003b4      0x2ac ./Core/Src/syscalls.o
 .debug_frame   0x0000000000000660       0x58 ./Core/Src/system_stm32f1xx.o
 .debug_frame   0x00000000000006b8      0x120 ./Core/Src/helper/scheduler.o
 .debug_frame   0x00000000000007d8       0xf8 ./Core/Src/helper/timer.o
 .debug_frame   0x00000000000008d0       0xec ./Core/Src/model/output.o
 .debug_frame   0x00000000000009bc      0x100 ./Core/Src/model/pin.o
 .debug_frame   0x0000000000000abc       0xd8 ./Core/Src/service/led_controller.o
 .debug_frame   0x0000000000000b94      0x334 ./Drivers/STM32F1xx_HAL_Driver/Src/stm32f1xx_hal.o
 .debug_frame   0x0000000000000ec8      0x428 ./Drivers/STM32F1xx_HAL_Driver/Src/stm32f1xx_hal_cortex.o
 .debug_frame   0x00000000000012f0      0x14c ./Drivers/STM32F1xx_HAL_Driver/Src/stm32f1xx_hal_gpio.o
 .debug_frame   0x000000000000143c      0x21c ./Drivers/STM32F1xx_HAL_Driver/Src/stm32f1xx_hal_rcc.o
 .debug_frame   0x0000000000001658     0x11b8 ./Drivers/STM32F1xx_HAL_Driver/Src/stm32f1xx_hal_tim.o
 .debug_frame   0x0000000000002810      0x638 ./Drivers/STM32F1xx_HAL_Driver/Src/stm32f1xx_hal_tim_ex.o
 .debug_frame   0x0000000000002e48       0x40 c:/st/stm32cubeide_1.10.1/stm32cubeide/plugins/com.st.stm32cube.ide.mcu.externaltools.gnu-tools-for-stm32.10.3-2021.10.win32_1.0.0.202111181127/tools/bin/../lib/gcc/arm-none-eabi/10.3.1/../../../../arm-none-eabi/lib/thumb/v7-m/nofp\libstdc++_nano.a(pure.o)
 .debug_frame   0x0000000000002e88       0xb0 c:/st/stm32cubeide_1.10.1/stm32cubeide/plugins/com.st.stm32cube.ide.mcu.externaltools.gnu-tools-for-stm32.10.3-2021.10.win32_1.0.0.202111181127/tools/bin/../lib/gcc/arm-none-eabi/10.3.1/../../../../arm-none-eabi/lib/thumb/v7-m/nofp\libstdc++_nano.a(eh_terminate.o)
 .debug_frame   0x0000000000002f38       0x28 c:/st/stm32cubeide_1.10.1/stm32cubeide/plugins/com.st.stm32cube.ide.mcu.externaltools.gnu-tools-for-stm32.10.3-2021.10.win32_1.0.0.202111181127/tools/bin/../lib/gcc/arm-none-eabi/10.3.1/../../../../arm-none-eabi/lib/thumb/v7-m/nofp\libc_nano.a(lib_a-abort.o)
 .debug_frame   0x0000000000002f60       0x20 c:/st/stm32cubeide_1.10.1/stm32cubeide/plugins/com.st.stm32cube.ide.mcu.externaltools.gnu-tools-for-stm32.10.3-2021.10.win32_1.0.0.202111181127/tools/bin/../lib/gcc/arm-none-eabi/10.3.1/../../../../arm-none-eabi/lib/thumb/v7-m/nofp\libc_nano.a(lib_a-errno.o)
 .debug_frame   0x0000000000002f80       0x2c c:/st/stm32cubeide_1.10.1/stm32cubeide/plugins/com.st.stm32cube.ide.mcu.externaltools.gnu-tools-for-stm32.10.3-2021.10.win32_1.0.0.202111181127/tools/bin/../lib/gcc/arm-none-eabi/10.3.1/../../../../arm-none-eabi/lib/thumb/v7-m/nofp\libc_nano.a(lib_a-init.o)
 .debug_frame   0x0000000000002fac       0x20 c:/st/stm32cubeide_1.10.1/stm32cubeide/plugins/com.st.stm32cube.ide.mcu.externaltools.gnu-tools-for-stm32.10.3-2021.10.win32_1.0.0.202111181127/tools/bin/../lib/gcc/arm-none-eabi/10.3.1/../../../../arm-none-eabi/lib/thumb/v7-m/nofp\libc_nano.a(lib_a-memset.o)
 .debug_frame   0x0000000000002fcc       0xcc c:/st/stm32cubeide_1.10.1/stm32cubeide/plugins/com.st.stm32cube.ide.mcu.externaltools.gnu-tools-for-stm32.10.3-2021.10.win32_1.0.0.202111181127/tools/bin/../lib/gcc/arm-none-eabi/10.3.1/../../../../arm-none-eabi/lib/thumb/v7-m/nofp\libc_nano.a(lib_a-signal.o)
 .debug_frame   0x0000000000003098       0x3c c:/st/stm32cubeide_1.10.1/stm32cubeide/plugins/com.st.stm32cube.ide.mcu.externaltools.gnu-tools-for-stm32.10.3-2021.10.win32_1.0.0.202111181127/tools/bin/../lib/gcc/arm-none-eabi/10.3.1/../../../../arm-none-eabi/lib/thumb/v7-m/nofp\libc_nano.a(lib_a-signalr.o)
 .debug_frame   0x00000000000030d4       0x5c c:/st/stm32cubeide_1.10.1/stm32cubeide/plugins/com.st.stm32cube.ide.mcu.externaltools.gnu-tools-for-stm32.10.3-2021.10.win32_1.0.0.202111181127/tools/bin/../lib/gcc/arm-none-eabi/10.3.1/../../../../arm-none-eabi/lib/thumb/v7-m/nofp\libc_nano.a(lib_a-reent.o)
