../Core/Src/main.cpp:71:5:int main()	8	static
../Core/Src/main.cpp:114:6:void HAL_TIM_PeriodElapsedCallback(TIM_HandleTypeDef*)	16	static
../Core/Src/main.cpp:128:6:void SystemClock_Config()	72	static
../Core/Src/main.cpp:165:13:void MX_TIM2_Init()	32	static
../Core/Src/main.cpp:210:13:void MX_GPIO_Init()	32	static
../Core/Src/main.cpp:266:6:void Error_Handler()	4	static,ignoring_inline_asm
../Core/Src/main.cpp:275:1:void __static_initialization_and_destruction_0(int, int)	16	static
../Core/Src/main.cpp:275:1:cpp)	8	static
