../Core/Src/stm32f1xx_it.c:69:6:NMI_Handler	4	static
../Core/Src/stm32f1xx_it.c:83:6:HardFault_Handler	4	static
../Core/Src/stm32f1xx_it.c:97:6:MemManage_Handler	4	static
../Core/Src/stm32f1xx_it.c:111:6:BusFault_Handler	4	static
../Core/Src/stm32f1xx_it.c:125:6:UsageFault_Handler	4	static
../Core/Src/stm32f1xx_it.c:139:6:SVC_Handler	4	static
../Core/Src/stm32f1xx_it.c:152:6:DebugMon_Handler	4	static
../Core/Src/stm32f1xx_it.c:165:6:PendSV_Handler	4	static
../Core/Src/stm32f1xx_it.c:178:6:SysTick_Handler	8	static
../Core/Src/stm32f1xx_it.c:199:6:TIM2_IRQHandler	8	static
