../Core/Src/main.cpp:79:5:int main()	152	static
../Core/Src/main.cpp:162:6:void HAL_TIM_PeriodElapsedCallback(TIM_HandleTypeDef*)	16	static
../Core/Src/main.cpp:172:6:void SystemClock_Config()	72	static
../Core/Src/main.cpp:206:13:void MX_TIM2_Init()	32	static
../Core/Src/main.cpp:248:13:void MX_GPIO_Init()	32	static
../Core/Src/main.cpp:293:6:void Error_Handler()	4	static,ignoring_inline_asm
../Core/Src/main.cpp:300:1:void __static_initialization_and_destruction_0(int, int)	24	static
../Core/Src/main.cpp:300:1:cpp)	8	static
