Archive member included to satisfy reference by file (symbol)

c:/st/stm32cubeide_1.10.1/stm32cubeide/plugins/com.st.stm32cube.ide.mcu.externaltools.gnu-tools-for-stm32.10.3-2021.10.win32_1.0.0.202111181127/tools/bin/../lib/gcc/arm-none-eabi/10.3.1/../../../../arm-none-eabi/lib/thumb/v7-m/nofp\libstdc++_nano.a(pure.o)
                              ./Core/Src/component/led.o (__cxa_pure_virtual)
c:/st/stm32cubeide_1.10.1/stm32cubeide/plugins/com.st.stm32cube.ide.mcu.externaltools.gnu-tools-for-stm32.10.3-2021.10.win32_1.0.0.202111181127/tools/bin/../lib/gcc/arm-none-eabi/10.3.1/../../../../arm-none-eabi/lib/thumb/v7-m/nofp\libstdc++_nano.a(eh_terminate.o)
                              c:/st/stm32cubeide_1.10.1/stm32cubeide/plugins/com.st.stm32cube.ide.mcu.externaltools.gnu-tools-for-stm32.10.3-2021.10.win32_1.0.0.202111181127/tools/bin/../lib/gcc/arm-none-eabi/10.3.1/../../../../arm-none-eabi/lib/thumb/v7-m/nofp\libstdc++_nano.a(pure.o) (std::terminate())
c:/st/stm32cubeide_1.10.1/stm32cubeide/plugins/com.st.stm32cube.ide.mcu.externaltools.gnu-tools-for-stm32.10.3-2021.10.win32_1.0.0.202111181127/tools/bin/../lib/gcc/arm-none-eabi/10.3.1/../../../../arm-none-eabi/lib/thumb/v7-m/nofp\libstdc++_nano.a(eh_unex_handler.o)
                              c:/st/stm32cubeide_1.10.1/stm32cubeide/plugins/com.st.stm32cube.ide.mcu.externaltools.gnu-tools-for-stm32.10.3-2021.10.win32_1.0.0.202111181127/tools/bin/../lib/gcc/arm-none-eabi/10.3.1/../../../../arm-none-eabi/lib/thumb/v7-m/nofp\libstdc++_nano.a(eh_terminate.o) (__cxxabiv1::__unexpected_handler)
c:/st/stm32cubeide_1.10.1/stm32cubeide/plugins/com.st.stm32cube.ide.mcu.externaltools.gnu-tools-for-stm32.10.3-2021.10.win32_1.0.0.202111181127/tools/bin/../lib/gcc/arm-none-eabi/10.3.1/../../../../arm-none-eabi/lib/thumb/v7-m/nofp\libstdc++_nano.a(eh_term_handler.o)
                              c:/st/stm32cubeide_1.10.1/stm32cubeide/plugins/com.st.stm32cube.ide.mcu.externaltools.gnu-tools-for-stm32.10.3-2021.10.win32_1.0.0.202111181127/tools/bin/../lib/gcc/arm-none-eabi/10.3.1/../../../../arm-none-eabi/lib/thumb/v7-m/nofp\libstdc++_nano.a(eh_terminate.o) (__cxxabiv1::__terminate_handler)
c:/st/stm32cubeide_1.10.1/stm32cubeide/plugins/com.st.stm32cube.ide.mcu.externaltools.gnu-tools-for-stm32.10.3-2021.10.win32_1.0.0.202111181127/tools/bin/../lib/gcc/arm-none-eabi/10.3.1/../../../../arm-none-eabi/lib/thumb/v7-m/nofp\libc_nano.a(lib_a-abort.o)
                              c:/st/stm32cubeide_1.10.1/stm32cubeide/plugins/com.st.stm32cube.ide.mcu.externaltools.gnu-tools-for-stm32.10.3-2021.10.win32_1.0.0.202111181127/tools/bin/../lib/gcc/arm-none-eabi/10.3.1/../../../../arm-none-eabi/lib/thumb/v7-m/nofp\libstdc++_nano.a(eh_terminate.o) (abort)
c:/st/stm32cubeide_1.10.1/stm32cubeide/plugins/com.st.stm32cube.ide.mcu.externaltools.gnu-tools-for-stm32.10.3-2021.10.win32_1.0.0.202111181127/tools/bin/../lib/gcc/arm-none-eabi/10.3.1/../../../../arm-none-eabi/lib/thumb/v7-m/nofp\libc_nano.a(lib_a-errno.o)
                              ./Core/Src/syscalls.o (__errno)
c:/st/stm32cubeide_1.10.1/stm32cubeide/plugins/com.st.stm32cube.ide.mcu.externaltools.gnu-tools-for-stm32.10.3-2021.10.win32_1.0.0.202111181127/tools/bin/../lib/gcc/arm-none-eabi/10.3.1/../../../../arm-none-eabi/lib/thumb/v7-m/nofp\libc_nano.a(lib_a-exit.o)
                              c:/st/stm32cubeide_1.10.1/stm32cubeide/plugins/com.st.stm32cube.ide.mcu.externaltools.gnu-tools-for-stm32.10.3-2021.10.win32_1.0.0.202111181127/tools/bin/../lib/gcc/arm-none-eabi/10.3.1/../../../../arm-none-eabi/lib/thumb/v7-m/nofp/crt0.o (exit)
c:/st/stm32cubeide_1.10.1/stm32cubeide/plugins/com.st.stm32cube.ide.mcu.externaltools.gnu-tools-for-stm32.10.3-2021.10.win32_1.0.0.202111181127/tools/bin/../lib/gcc/arm-none-eabi/10.3.1/../../../../arm-none-eabi/lib/thumb/v7-m/nofp\libc_nano.a(lib_a-impure.o)
                              c:/st/stm32cubeide_1.10.1/stm32cubeide/plugins/com.st.stm32cube.ide.mcu.externaltools.gnu-tools-for-stm32.10.3-2021.10.win32_1.0.0.202111181127/tools/bin/../lib/gcc/arm-none-eabi/10.3.1/../../../../arm-none-eabi/lib/thumb/v7-m/nofp\libc_nano.a(lib_a-exit.o) (_global_impure_ptr)
c:/st/stm32cubeide_1.10.1/stm32cubeide/plugins/com.st.stm32cube.ide.mcu.externaltools.gnu-tools-for-stm32.10.3-2021.10.win32_1.0.0.202111181127/tools/bin/../lib/gcc/arm-none-eabi/10.3.1/../../../../arm-none-eabi/lib/thumb/v7-m/nofp\libc_nano.a(lib_a-init.o)
                              c:/st/stm32cubeide_1.10.1/stm32cubeide/plugins/com.st.stm32cube.ide.mcu.externaltools.gnu-tools-for-stm32.10.3-2021.10.win32_1.0.0.202111181127/tools/bin/../lib/gcc/arm-none-eabi/10.3.1/../../../../arm-none-eabi/lib/thumb/v7-m/nofp/crt0.o (__libc_init_array)
c:/st/stm32cubeide_1.10.1/stm32cubeide/plugins/com.st.stm32cube.ide.mcu.externaltools.gnu-tools-for-stm32.10.3-2021.10.win32_1.0.0.202111181127/tools/bin/../lib/gcc/arm-none-eabi/10.3.1/../../../../arm-none-eabi/lib/thumb/v7-m/nofp\libc_nano.a(lib_a-memset.o)
[...]
Memory Configuration

Name             Origin             Length             Attributes
RAM              0x0000000020000000 0x0000000000002800 xrw
FLASH            0x0000000008000000 0x0000000000008000 xr
*default*        0x0000000000000000 0xffffffffffffffff

Linker script and memory map

LOAD c:/st/stm32cubeide_1.10.1/stm32cubeide/plugins/com.st.stm32cube.ide.mcu.externaltools.gnu-tools-for-stm32.10.3-2021.10.win32_1.0.0.202111181127/tools/bin/../lib/gcc/arm-none-eabi/10.3.1/thumb/v7-m/nofp/crti.o
LOAD c:/st/stm32cubeide_1.10.1/stm32cubeide/plugins/com.st.stm32cube.ide.mcu.externaltools.gnu-tools-for-stm32.10.3-2021.10.win32_1.0.0.202111181127/tools/bin/../lib/gcc/arm-none-eabi/10.3.1/thumb/v7-m/nofp/crtbegin.o
LOAD c:/st/stm32cubeide_1.10.1/stm32cubeide/plugins/com.st.stm32cube.ide.mcu.externaltools.gnu-tools-for-stm32.10.3-2021.10.win32_1.0.0.202111181127/tools/bin/../lib/gcc/arm-none-eabi/10.3.1/../../../../arm-none-eabi/lib/thumb/v7-m/nofp/crt0.o
LOAD ./Core/Src/component/led.o
LOAD ./Core/Src/component/segment_led.o
LOAD ./Core/Src/component/switch.o
LOAD ./Core/Src/global.o
LOAD ./Core/Src/main.o
LOAD ./Core/Src/stm32f1xx_hal_msp.o
LOAD ./Core/Src/stm32f1xx_it.o
LOAD ./Core/Src/syscalls.o
LOAD ./Core/Src/sysmem.o
LOAD ./Core/Src/system_stm32f1xx.o
LOAD ./Core/Src/helper/timer.o
LOAD ./Core/Src/model/input.o
LOAD ./Core/Src/model/output.o
LOAD ./Core/Src/model/pin.o
LOAD ./Core/Src/service/controller.o
LOAD ./Core/Src/service/led_controller.o
LOAD ./Core/Src/utils/utils.o
LOAD ./Core/Startup/startup_stm32f103c6tx.o
LOAD ./Drivers/STM32F1xx_HAL_Driver/Src/stm32f1xx_hal.o
LOAD ./Drivers/STM32F1xx_HAL_Driver/Src/stm32f1xx_hal_cortex.o
LOAD ./Drivers/STM32F1xx_HAL_Driver/Src/stm32f1xx_hal_dma.o
LOAD ./Drivers/STM32F1xx_HAL_Driver/Src/stm32f1xx_hal_exti.o
LOAD ./Drivers/STM32F1xx_HAL_Driver/Src/stm32f1xx_hal_flash.o
LOAD ./Drivers/STM32F1xx_HAL_Driver/Src/stm32f1xx_hal_flash_ex.o
LOAD ./Drivers/STM32F1xx_HAL_Driver/Src/stm32f1xx_hal_gpio.o
LOAD ./Drivers/STM32F1xx_HAL_Driver/Src/stm32f1xx_hal_gpio_ex.o
LOAD ./Drivers/STM32F1xx_HAL_Driver/Src/stm32f1xx_hal_pwr.o
LOAD ./Drivers/STM32F1xx_HAL_Driver/Src/stm32f1xx_hal_rcc.o
LOAD ./Drivers/STM32F1xx_HAL_Driver/Src/stm32f1xx_hal_rcc_ex.o
LOAD ./Drivers/STM32F1xx_HAL_Driver/Src/stm32f1xx_hal_tim.o
LOAD ./Drivers/STM32F1xx_HAL_Driver/Src/stm32f1xx_hal_tim_ex.o
START GROUP
LOAD c:/st/stm32cubeide_1.10.1/stm32cubeide/plugins/com.st.stm32cube.ide.mcu.externaltools.gnu-tools-for-stm32.10.3-2021.10.win32_1.0.0.202111181127/tools/bin/../lib/gcc/arm-none-eabi/10.3.1/../../../../arm-none-eabi/lib/thumb/v7-m/nofp\libstdc++_nano.a
LOAD c:/st/stm32cubeide_1.10.1/stm32cubeide/plugins/com.st.stm32cube.ide.mcu.externaltools.gnu-tools-for-stm32.10.3-2021.10.win32_1.0.0.202111181127/tools/bin/../lib/gcc/arm-none-eabi/10.3.1/../../../../arm-none-eabi/lib/thumb/v7-m/nofp\libsupc++_nano.a
END GROUP
LOAD c:/st/stm32cubeide_1.10.1/stm32cubeide/plugins/com.st.stm32cube.ide.mcu.externaltools.gnu-tools-for-stm32.10.3-2021.10.win32_1.0.0.202111181127/tools/bin/../lib/gcc/arm-none-eabi/10.3.1/../../../../arm-none-eabi/lib/thumb/v7-m/nofp\libstdc++_nano.a
LOAD c:/st/stm32cubeide_1.10.1/stm32cubeide/plugins/com.st.stm32cube.ide.mcu.externaltools.gnu-tools-for-stm32.10.3-2021.10.win32_1.0.0.202111181127/tools/bin/../lib/gcc/arm-none-eabi/10.3.1/../../../../arm-none-eabi/lib/thumb/v7-m/nofp\libm.a
LOAD c:/st/stm32cubeide_1.10.1/stm32cubeide/plugins/com.st.stm32cube.ide.mcu.externaltools.gnu-tools-for-stm32.10.3-2021.10.win32_1.0.0.202111181127/tools/bin/../lib/gcc/arm-none-eabi/10.3.1/../../../../arm-none-eabi/lib/thumb/v7-m/nofp\libc_nano.a
START GROUP
LOAD c:/st/stm32cubeide_1.10.1/stm32cubeide/plugins/com.st.stm32cube.ide.mcu.externaltools.gnu-tools-for-stm32.10.3-2021.10.win32_1.0.0.202111181127/tools/bin/../lib/gcc/arm-none-eabi/10.3.1/thumb/v7-m/nofp\libgcc.a
LOAD c:/st/stm32cubeide_1.10.1/stm32cubeide/plugins/com.st.stm32cube.ide.mcu.externaltools.gnu-tools-for-stm32.10.3-2021.10.win32_1.0.0.202111181127/tools/bin/../lib/gcc/arm-none-eabi/10.3.1/../../../../arm-none-eabi/lib/thumb/v7-m/nofp\libc_nano.a
END GROUP
START GROUP
LOAD c:/st/stm32cubeide_1.10.1/stm32cubeide/plugins/com.st.stm32cube.ide.mcu.externaltools.gnu-tools-for-stm32.10.3-2021.10.win32_1.0.0.202111181127/tools/bin/../lib/gcc/arm-none-eabi/10.3.1/thumb/v7-m/nofp\libgcc.a
LOAD c:/st/stm32cubeide_1.10.1/stm32cubeide/plugins/com.st.stm32cube.ide.mcu.externaltools.gnu-tools-for-stm32.10.3-2021.10.win32_1.0.0.202111181127/tools/bin/../lib/gcc/arm-none-eabi/10.3.1/../../../../arm-none-eabi/lib/thumb/v7-m/nofp\libc_nano.a
LOAD c:/st/stm32cubeide_1.10.1/stm32cubeide/plugins/com.st.stm32cube.ide.mcu.externaltools.gnu-tools-for-stm32.10.3-2021.10.win32_1.0.0.202111181127/tools/bin/../lib/gcc/arm-none-eabi/10.3.1/../../../../arm-none-eabi/lib/thumb/v7-m/nofp\libnosys.a
END GROUP
START GROUP
LOAD c:/st/stm32cubeide_1.10.1/stm32cubeide/plugins/com.st.stm32cube.ide.mcu.externaltools.gnu-tools-for-stm32.10.3-2021.10.win32_1.0.0.202111181127/tools/bin/../lib/gcc/arm-none-eabi/10.3.1/thumb/v7-m/nofp\libgcc.a
LOAD c:/st/stm32cubeide_1.10.1/stm32cubeide/plugins/com.st.stm32cube.ide.mcu.externaltools.gnu-tools-for-stm32.10.3-2021.10.win32_1.0.0.202111181127/tools/bin/../lib/gcc/arm-none-eabi/10.3.1/../../../../arm-none-eabi/lib/thumb/v7-m/nofp\libc_nano.a
LOAD c:/st/stm32cubeide_1.10.1/stm32cubeide/plugins/com.st.stm32cube.ide.mcu.externaltools.gnu-tools-for-stm32.10.3-2021.10.win32_1.0.0.202111181127/tools/bin/../lib/gcc/arm-none-eabi/10.3.1/../../../../arm-none-eabi/lib/thumb/v7-m/nofp\libnosys.a
END GROUP
LOAD c:/st/stm32cubeide_1.10.1/stm32cubeide/plugins/com.st.stm32cube.ide.mcu.externaltools.gnu-tools-for-stm32.10.3-2021.10.win32_1.0.0.202111181127/tools/bin/../lib/gcc/arm-none-eabi/10.3.1/thumb/v7-m/nofp/crtend.o
LOAD c:/st/stm32cubeide_1.10.1/stm32cubeide/plugins/com.st.stm32cube.ide.mcu.externaltools.gnu-tools-for-stm32.10.3-2021.10.win32_1.0.0.202111181127/tools/bin/../lib/gcc/arm-none-eabi/10.3.1/thumb/v7-m/nofp/crtn.o
                0x0000000020002800                _estack = (ORIGIN (RAM) + LENGTH (RAM))
                0x0000000000000200                _Min_Heap_Size = 0x200
                0x0000000000000400                _Min_Stack_Size = 0x400

.isr_vector     0x0000000008000000      0x10c
                0x0000000008000000                . = ALIGN (0x4)
 *(.isr_vector)
 .isr_vector    0x0000000008000000      0x10c ./Core/Startup/startup_stm32f103c6tx.o
                0x0000000008000000                g_pfnVectors
                0x000000000800010c                . = ALIGN (0x4)

.text           0x000000000800010c     0x2a0c
                0x000000000800010c                . = ALIGN (0x4)
 *(.text)
 .text          0x000000000800010c       0x40 c:/st/stm32cubeide_1.10.1/stm32cubeide/plugins/com.st.stm32cube.ide.mcu.externaltools.gnu-tools-for-stm32.10.3-2021.10.win32_1.0.0.202111181127/tools/bin/../lib/gcc/arm-none-eabi/10.3.1/thumb/v7-m/nofp/crtbegin.o
 *(.text*)
 .text._ZN4ILedC2Ev
                0x000000000800014c       0x20 ./Core/Src/component/led.o
                0x000000000800014c                ILed::ILed()
                0x000000000800014c                ILed::ILed()
 .text._ZN3LedC2EP6Output
                0x000000000800016c       0x38 ./Core/Src/component/led.o
                0x000000000800016c                Led::Led(Output*)
                0x000000000800016c                Led::Led(Output*)
 .text._ZN3Led2OnEv
                0x00000000080001a4       0x30 ./Core/Src/component/led.o
                0x00000000080001a4                Led::On()
 .text._ZN3Led3OffEv
                0x00000000080001d4       0x36 ./Core/Src/component/led.o
                0x00000000080001d4                Led::Off()
 *fill*         0x000000000800020a        0x2 
 .text._ZN10SegmentLedC2EPP3LedP6Output
                0x000000000800020c       0x60 ./Core/Src/component/segment_led.o
                0x000000000800020c                SegmentLed::SegmentLed(Led**, Output*)
                0x000000000800020c                SegmentLed::SegmentLed(Led**, Output*)
 .text._ZN10SegmentLed3OffEv
                0x000000000800026c       0x1a ./Core/Src/component/segment_led.o
                0x000000000800026c                SegmentLed::Off()
 .text._ZN10SegmentLed2OnEv
                0x0000000008000286       0x1a ./Core/Src/component/segment_led.o
                0x0000000008000286                SegmentLed::On()
 .text._ZN10SegmentLed5ClearEv
                0x00000000080002a0       0x56 ./Core/Src/component/segment_led.o
                0x00000000080002a0                SegmentLed::Clear()
 *fill*         0x00000000080002f6        0x2 
 .text._ZN10SegmentLed7DisplayEi
                0x00000000080002f8      0x4f8 ./Core/Src/component/segment_led.o
                0x00000000080002f8                SegmentLed::Display(int)
 .text._ZN6SwitchC2EP5Input
                0x00000000080007f0       0x48 ./Core/Src/component/switch.o
                0x00000000080007f0                Switch::Switch(Input*)
                0x00000000080007f0                Switch::Switch(Input*)
 .text._ZN6Switch6ListenEv
                0x0000000008000838       0x9e ./Core/Src/component/switch.o
                0x0000000008000838                Switch::Listen()
 .text._ZN6Switch9IsPressedEv
                0x00000000080008d6       0x26 ./Core/Src/component/switch.o
                0x00000000080008d6                Switch::IsPressed()
 .text._ZN6Switch13IsLongPressedEv
                0x00000000080008fc       0x16 ./Core/Src/component/switch.o
                0x00000000080008fc                Switch::IsLongPressed()
 *fill*         0x0000000008000912        0x2 
 .text._Z41__static_initialization_and_destruction_0ii
                0x0000000008000914      0x18c ./Core/Src/global.o
 .text._GLOBAL__sub_I_o_TEST_LED
                0x0000000008000aa0       0x10 ./Core/Src/global.o
 .text.main     0x0000000008000ab0       0x34 ./Core/Src/main.o
                0x0000000008000ab0                main
 .text.HAL_TIM_PeriodElapsedCallback
                0x0000000008000ae4       0x4c ./Core/Src/main.o
                0x0000000008000ae4                HAL_TIM_PeriodElapsedCallback
 .text._Z18SystemClock_Configv
                0x0000000008000b30       0x8a ./Core/Src/main.o
                0x0000000008000b30                SystemClock_Config()
 *fill*         0x0000000008000bba        0x2 
 .text._ZL12MX_TIM2_Initv
                0x0000000008000bbc       0xb8 ./Core/Src/main.o
 .text._ZL12MX_GPIO_Initv
                0x0000000008000c74       0x80 ./Core/Src/main.o
 .text.Error_Handler
                0x0000000008000cf4        0xa ./Core/Src/main.o
                0x0000000008000cf4                Error_Handler
 *fill*         0x0000000008000cfe        0x2 
 .text.HAL_MspInit
                0x0000000008000d00       0x64 ./Core/Src/stm32f1xx_hal_msp.o
                0x0000000008000d00                HAL_MspInit
 .text.HAL_TIM_Base_MspInit
                0x0000000008000d64       0x48 ./Core/Src/stm32f1xx_hal_msp.o
                0x0000000008000d64                HAL_TIM_Base_MspInit
 .text.NMI_Handler
                0x0000000008000dac        0x6 ./Core/Src/stm32f1xx_it.o
                0x0000000008000dac                NMI_Handler
 .text.HardFault_Handler
                0x0000000008000db2        0x6 ./Core/Src/stm32f1xx_it.o
                0x0000000008000db2                HardFault_Handler
 .text.MemManage_Handler
                0x0000000008000db8        0x6 ./Core/Src/stm32f1xx_it.o
                0x0000000008000db8                MemManage_Handler
 .text.BusFault_Handler
                0x0000000008000dbe        0x6 ./Core/Src/stm32f1xx_it.o
                0x0000000008000dbe                BusFault_Handler
 .text.UsageFault_Handler
                0x0000000008000dc4        0x6 ./Core/Src/stm32f1xx_it.o
                0x0000000008000dc4                UsageFault_Handler
 .text.SVC_Handler
                0x0000000008000dca        0xc ./Core/Src/stm32f1xx_it.o
                0x0000000008000dca                SVC_Handler
 .text.DebugMon_Handler
                0x0000000008000dd6        0xc ./Core/Src/stm32f1xx_it.o
                0x0000000008000dd6                DebugMon_Handler
 .text.PendSV_Handler
                0x0000000008000de2        0xc ./Core/Src/stm32f1xx_it.o
                0x0000000008000de2                PendSV_Handler
 .text.SysTick_Handler
                0x0000000008000dee        0xc ./Core/Src/stm32f1xx_it.o
                0x0000000008000dee                SysTick_Handler
 *fill*         0x0000000008000dfa        0x2 
 .text.TIM2_IRQHandler
                0x0000000008000dfc       0x14 ./Core/Src/stm32f1xx_it.o
                0x0000000008000dfc                TIM2_IRQHandler
 .text._getpid  0x0000000008000e10        0xe ./Core/Src/syscalls.o
                0x0000000008000e10                _getpid
 .text._kill    0x0000000008000e1e       0x20 ./Core/Src/syscalls.o
                0x0000000008000e1e                _kill
 .text._exit    0x0000000008000e3e       0x14 ./Core/Src/syscalls.o
                0x0000000008000e3e                _exit
 .text.SystemInit
                0x0000000008000e52        0xc ./Core/Src/system_stm32f1xx.o
                0x0000000008000e52                SystemInit
 .text._ZN5TimerC2Ev
                0x0000000008000e5e       0x26 ./Core/Src/helper/timer.o
                0x0000000008000e5e                Timer::Timer()
                0x0000000008000e5e                Timer::Timer()
 .text._ZN5Timer9HasSignalEv
                0x0000000008000e84       0x26 ./Core/Src/helper/timer.o
                0x0000000008000e84                Timer::HasSignal()
 .text._ZN5Timer5StartEv
                0x0000000008000eaa       0x1a ./Core/Src/helper/timer.o
                0x0000000008000eaa                Timer::Start()
 .text._ZN5Timer5ResetEv
                0x0000000008000ec4       0x16 ./Core/Src/helper/timer.o
                0x0000000008000ec4                Timer::Reset()
 *fill*         0x0000000008000eda        0x2 
 .text._ZN5Timer3SetEi
                0x0000000008000edc       0x2c ./Core/Src/helper/timer.o
                0x0000000008000edc                Timer::Set(int)
 .text._ZN5Timer6BreathEv
                0x0000000008000f08       0x36 ./Core/Src/helper/timer.o
                0x0000000008000f08                Timer::Breath()
 .text._ZN5InputC2EP12GPIO_TypeDeft
                0x0000000008000f3e       0x2c ./Core/Src/model/input.o
                0x0000000008000f3e                Input::Input(GPIO_TypeDef*, unsigned short)
                0x0000000008000f3e                Input::Input(GPIO_TypeDef*, unsigned short)
 .text._ZN5Input4ReadEv
                0x0000000008000f6a       0x22 ./Core/Src/model/input.o
                0x0000000008000f6a                Input::Read()
 .text._ZN6OutputC2EP12GPIO_TypeDeft
                0x0000000008000f8c       0x2a ./Core/Src/model/output.o
                0x0000000008000f8c                Output::Output(GPIO_TypeDef*, unsigned short)
                0x0000000008000f8c                Output::Output(GPIO_TypeDef*, unsigned short)
 .text._ZN6Output5IsSetEv
                0x0000000008000fb6       0x16 ./Core/Src/model/output.o
                0x0000000008000fb6                Output::IsSet()
 .text._ZN6Output3SetEv
                0x0000000008000fcc       0x26 ./Core/Src/model/output.o
                0x0000000008000fcc                Output::Set()
 .text._ZN6Output5ResetEv
                0x0000000008000ff2       0x26 ./Core/Src/model/output.o
                0x0000000008000ff2                Output::Reset()
 .text._ZN3PinC2Ev
                0x0000000008001018       0x14 ./Core/Src/model/pin.o
                0x0000000008001018                Pin::Pin()
                0x0000000008001018                Pin::Pin()
 .text._ZN3PinC2EP12GPIO_TypeDeft
                0x000000000800102c       0x26 ./Core/Src/model/pin.o
                0x000000000800102c                Pin::Pin(GPIO_TypeDef*, unsigned short)
                0x000000000800102c                Pin::Pin(GPIO_TypeDef*, unsigned short)
 .text._ZN10Controller8GetStateEv
                0x0000000008001052       0x16 ./Core/Src/service/controller.o
                0x0000000008001052                Controller::GetState()
 .text._ZN10Controller8SetStateE5State
                0x0000000008001068       0x1a ./Core/Src/service/controller.o
                0x0000000008001068                Controller::SetState(State)
 *fill*         0x0000000008001082        0x2 
 .text._ZN10Controller3RunEv
                0x0000000008001084      0x270 ./Core/Src/service/controller.o
                0x0000000008001084                Controller::Run()
 .text._ZN13LedController8GetStateEv
                0x00000000080012f4       0x16 ./Core/Src/service/led_controller.o
                0x00000000080012f4                LedController::GetState()
 .text._ZN13LedController8SetStateE8LedState
                0x000000000800130a       0x1a ./Core/Src/service/led_controller.o
                0x000000000800130a                LedController::SetState(LedState)
 .text._ZN13LedController3RunEv
                0x0000000008001324       0x9c ./Core/Src/service/led_controller.o
                0x0000000008001324                LedController::Run()
 .text.Reset_Handler
                0x00000000080013c0       0x48 ./Core/Startup/startup_stm32f103c6tx.o
                0x00000000080013c0                Reset_Handler
 .text.Default_Handler
                0x0000000008001408        0x2 ./Core/Startup/startup_stm32f103c6tx.o
                0x0000000008001408                RTC_Alarm_IRQHandler
                0x0000000008001408                EXTI2_IRQHandler
                0x0000000008001408                TIM1_CC_IRQHandler
                0x0000000008001408                PVD_IRQHandler
                0x0000000008001408                EXTI3_IRQHandler
                0x0000000008001408                EXTI0_IRQHandler
                0x0000000008001408                ADC1_2_IRQHandler
                0x0000000008001408                SPI1_IRQHandler
                0x0000000008001408                TAMPER_IRQHandler
                0x0000000008001408                DMA1_Channel4_IRQHandler
                0x0000000008001408                RTC_IRQHandler
                0x0000000008001408                DMA1_Channel7_IRQHandler
                0x0000000008001408                CAN1_RX1_IRQHandler
                0x0000000008001408                I2C1_EV_IRQHandler
                0x0000000008001408                DMA1_Channel6_IRQHandler
                0x0000000008001408                TIM3_IRQHandler
                0x0000000008001408                RCC_IRQHandler
                0x0000000008001408                TIM1_TRG_COM_IRQHandler
                0x0000000008001408                DMA1_Channel1_IRQHandler
                0x0000000008001408                Default_Handler
                0x0000000008001408                EXTI15_10_IRQHandler
                0x0000000008001408                EXTI9_5_IRQHandler
                0x0000000008001408                DMA1_Channel5_IRQHandler
                0x0000000008001408                EXTI4_IRQHandler
                0x0000000008001408                USB_LP_CAN1_RX0_IRQHandler
                0x0000000008001408                USB_HP_CAN1_TX_IRQHandler
                0x0000000008001408                DMA1_Channel3_IRQHandler
                0x0000000008001408                TIM1_UP_IRQHandler
                0x0000000008001408                WWDG_IRQHandler
                0x0000000008001408                TIM1_BRK_IRQHandler
                0x0000000008001408                EXTI1_IRQHandler
                0x0000000008001408                USART2_IRQHandler
                0x0000000008001408                DMA1_Channel2_IRQHandler
                0x0000000008001408                CAN1_SCE_IRQHandler
                0x0000000008001408                FLASH_IRQHandler
                0x0000000008001408                USART1_IRQHandler
                0x0000000008001408                I2C1_ER_IRQHandler
                0x0000000008001408                USBWakeUp_IRQHandler
 *fill*         0x000000000800140a        0x2 
 .text.HAL_Init
                0x000000000800140c       0x2c ./Drivers/STM32F1xx_HAL_Driver/Src/stm32f1xx_hal.o
                0x000000000800140c                HAL_Init
 .text.HAL_InitTick
                0x0000000008001438       0x60 ./Drivers/STM32F1xx_HAL_Driver/Src/stm32f1xx_hal.o
                0x0000000008001438                HAL_InitTick
 .text.HAL_IncTick
                0x0000000008001498       0x24 ./Drivers/STM32F1xx_HAL_Driver/Src/stm32f1xx_hal.o
                0x0000000008001498                HAL_IncTick
 .text.HAL_GetTick
                0x00000000080014bc       0x14 ./Drivers/STM32F1xx_HAL_Driver/Src/stm32f1xx_hal.o
                0x00000000080014bc                HAL_GetTick
 .text.__NVIC_SetPriorityGrouping
                0x00000000080014d0       0x48 ./Drivers/STM32F1xx_HAL_Driver/Src/stm32f1xx_hal_cortex.o
 .text.__NVIC_GetPriorityGrouping
                0x0000000008001518       0x1c ./Drivers/STM32F1xx_HAL_Driver/Src/stm32f1xx_hal_cortex.o
 .text.__NVIC_EnableIRQ
                0x0000000008001534       0x38 ./Drivers/STM32F1xx_HAL_Driver/Src/stm32f1xx_hal_cortex.o
 .text.__NVIC_SetPriority
                0x000000000800156c       0x54 ./Drivers/STM32F1xx_HAL_Driver/Src/stm32f1xx_hal_cortex.o
 .text.NVIC_EncodePriority
                0x00000000080015c0       0x64 ./Drivers/STM32F1xx_HAL_Driver/Src/stm32f1xx_hal_cortex.o
 .text.SysTick_Config
                0x0000000008001624       0x44 ./Drivers/STM32F1xx_HAL_Driver/Src/stm32f1xx_hal_cortex.o
 .text.HAL_NVIC_SetPriorityGrouping
                0x0000000008001668       0x16 ./Drivers/STM32F1xx_HAL_Driver/Src/stm32f1xx_hal_cortex.o
                0x0000000008001668                HAL_NVIC_SetPriorityGrouping
 .text.HAL_NVIC_SetPriority
                0x000000000800167e       0x38 ./Drivers/STM32F1xx_HAL_Driver/Src/stm32f1xx_hal_cortex.o
                0x000000000800167e                HAL_NVIC_SetPriority
 .text.HAL_NVIC_EnableIRQ
                0x00000000080016b6       0x1c ./Drivers/STM32F1xx_HAL_Driver/Src/stm32f1xx_hal_cortex.o
                0x00000000080016b6                HAL_NVIC_EnableIRQ
 .text.HAL_SYSTICK_Config
                0x00000000080016d2       0x18 ./Drivers/STM32F1xx_HAL_Driver/Src/stm32f1xx_hal_cortex.o
                0x00000000080016d2                HAL_SYSTICK_Config
 *fill*         0x00000000080016ea        0x2 
 .text.HAL_GPIO_Init
                0x00000000080016ec      0x2f8 ./Drivers/STM32F1xx_HAL_Driver/Src/stm32f1xx_hal_gpio.o
                0x00000000080016ec                HAL_GPIO_Init
 .text.HAL_GPIO_ReadPin
                0x00000000080019e4       0x2e ./Drivers/STM32F1xx_HAL_Driver/Src/stm32f1xx_hal_gpio.o
                0x00000000080019e4                HAL_GPIO_ReadPin
 .text.HAL_GPIO_WritePin
                0x0000000008001a12       0x30 ./Drivers/STM32F1xx_HAL_Driver/Src/stm32f1xx_hal_gpio.o
                0x0000000008001a12                HAL_GPIO_WritePin
 *fill*         0x0000000008001a42        0x2 
 .text.HAL_RCC_OscConfig
                0x0000000008001a44      0x504 ./Drivers/STM32F1xx_HAL_Driver/Src/stm32f1xx_hal_rcc.o
                0x0000000008001a44                HAL_RCC_OscConfig
 .text.HAL_RCC_ClockConfig
                0x0000000008001f48      0x1d4 ./Drivers/STM32F1xx_HAL_Driver/Src/stm32f1xx_hal_rcc.o
                0x0000000008001f48                HAL_RCC_ClockConfig
 .text.HAL_RCC_GetSysClockFreq
                0x000000000800211c       0xbc ./Drivers/STM32F1xx_HAL_Driver/Src/stm32f1xx_hal_rcc.o
                0x000000000800211c                HAL_RCC_GetSysClockFreq
 .text.RCC_Delay
                0x00000000080021d8       0x3c ./Drivers/STM32F1xx_HAL_Driver/Src/stm32f1xx_hal_rcc.o
 .text.HAL_TIM_Base_Init
                0x0000000008002214       0x9e ./Drivers/STM32F1xx_HAL_Driver/Src/stm32f1xx_hal_tim.o
                0x0000000008002214                HAL_TIM_Base_Init
 *fill*         0x00000000080022b2        0x2 
 .text.HAL_TIM_Base_Start_IT
                0x00000000080022b4       0x98 ./Drivers/STM32F1xx_HAL_Driver/Src/stm32f1xx_hal_tim.o
                0x00000000080022b4                HAL_TIM_Base_Start_IT
 .text.HAL_TIM_IRQHandler
                0x000000000800234c      0x210 ./Drivers/STM32F1xx_HAL_Driver/Src/stm32f1xx_hal_tim.o
                0x000000000800234c                HAL_TIM_IRQHandler
 .text.HAL_TIM_ConfigClockSource
                0x000000000800255c      0x188 ./Drivers/STM32F1xx_HAL_Driver/Src/stm32f1xx_hal_tim.o
                0x000000000800255c                HAL_TIM_ConfigClockSource
 .text.HAL_TIM_OC_DelayElapsedCallback
                0x00000000080026e4       0x12 ./Drivers/STM32F1xx_HAL_Driver/Src/stm32f1xx_hal_tim.o
                0x00000000080026e4                HAL_TIM_OC_DelayElapsedCallback
 .text.HAL_TIM_IC_CaptureCallback
                0x00000000080026f6       0x12 ./Drivers/STM32F1xx_HAL_Driver/Src/stm32f1xx_hal_tim.o
                0x00000000080026f6                HAL_TIM_IC_CaptureCallback
 .text.HAL_TIM_PWM_PulseFinishedCallback
                0x0000000008002708       0x12 ./Drivers/STM32F1xx_HAL_Driver/Src/stm32f1xx_hal_tim.o
                0x0000000008002708                HAL_TIM_PWM_PulseFinishedCallback
 .text.HAL_TIM_TriggerCallback
                0x000000000800271a       0x12 ./Drivers/STM32F1xx_HAL_Driver/Src/stm32f1xx_hal_tim.o
                0x000000000800271a                HAL_TIM_TriggerCallback
 .text.TIM_Base_SetConfig
                0x000000000800272c       0xb0 ./Drivers/STM32F1xx_HAL_Driver/Src/stm32f1xx_hal_tim.o
                0x000000000800272c                TIM_Base_SetConfig
 .text.TIM_TI1_ConfigInputStage
                0x00000000080027dc       0x5c ./Drivers/STM32F1xx_HAL_Driver/Src/stm32f1xx_hal_tim.o
 .text.TIM_TI2_ConfigInputStage
                0x0000000008002838       0x5e ./Drivers/STM32F1xx_HAL_Driver/Src/stm32f1xx_hal_tim.o
 .text.TIM_ITRx_SetConfig
                0x0000000008002896       0x34 ./Drivers/STM32F1xx_HAL_Driver/Src/stm32f1xx_hal_tim.o
 .text.TIM_ETR_SetConfig
                0x00000000080028ca       0x3e ./Drivers/STM32F1xx_HAL_Driver/Src/stm32f1xx_hal_tim.o
                0x00000000080028ca                TIM_ETR_SetConfig
 .text.HAL_TIMEx_MasterConfigSynchronization
                0x0000000008002908       0xb0 ./Drivers/STM32F1xx_HAL_Driver/Src/stm32f1xx_hal_tim_ex.o
                0x0000000008002908                HAL_TIMEx_MasterConfigSynchronization
 .text.HAL_TIMEx_CommutCallback
                0x00000000080029b8       0x12 ./Drivers/STM32F1xx_HAL_Driver/Src/stm32f1xx_hal_tim_ex.o
                0x00000000080029b8                HAL_TIMEx_CommutCallback
 .text.HAL_TIMEx_BreakCallback
                0x00000000080029ca       0x12 ./Drivers/STM32F1xx_HAL_Driver/Src/stm32f1xx_hal_tim_ex.o
                0x00000000080029ca                HAL_TIMEx_BreakCallback
 .text.__cxa_pure_virtual
                0x00000000080029dc        0x6 c:/st/stm32cubeide_1.10.1/stm32cubeide/plugins/com.st.stm32cube.ide.mcu.externaltools.gnu-tools-for-stm32.10.3-2021.10.win32_1.0.0.202111181127/tools/bin/../lib/gcc/arm-none-eabi/10.3.1/../../../../arm-none-eabi/lib/thumb/v7-m/nofp\libstdc++_nano.a(pure.o)
                0x00000000080029dc                __cxa_pure_virtual
 .text._ZN10__cxxabiv111__terminateEPFvvE
                0x00000000080029e2        0x8 c:/st/stm32cubeide_1.10.1/stm32cubeide/plugins/com.st.stm32cube.ide.mcu.externaltools.gnu-tools-for-stm32.10.3-2021.10.win32_1.0.0.202111181127/tools/bin/../lib/gcc/arm-none-eabi/10.3.1/../../../../arm-none-eabi/lib/thumb/v7-m/nofp\libstdc++_nano.a(eh_terminate.o)
                0x00000000080029e2                __cxxabiv1::__terminate(void (*)())
 *fill*         0x00000000080029ea        0x2 
 .text._ZSt13get_terminatev
                0x00000000080029ec       0x10 c:/st/stm32cubeide_1.10.1/stm32cubeide/plugins/com.st.stm32cube.ide.mcu.externaltools.gnu-tools-for-stm32.10.3-2021.10.win32_1.0.0.202111181127/tools/bin/../lib/gcc/arm-none-eabi/10.3.1/../../../../arm-none-eabi/lib/thumb/v7-m/nofp\libstdc++_nano.a(eh_terminate.o)
                0x00000000080029ec                std::get_terminate()
 .text._ZSt9terminatev
                0x00000000080029fc        0xa c:/st/stm32cubeide_1.10.1/stm32cubeide/plugins/com.st.stm32cube.ide.mcu.externaltools.gnu-tools-for-stm32.10.3-2021.10.win32_1.0.0.202111181127/tools/bin/../lib/gcc/arm-none-eabi/10.3.1/../../../../arm-none-eabi/lib/thumb/v7-m/nofp\libstdc++_nano.a(eh_terminate.o)
                0x00000000080029fc                std::terminate()
 .text.abort    0x0000000008002a06        0xe c:/st/stm32cubeide_1.10.1/stm32cubeide/plugins/com.st.stm32cube.ide.mcu.externaltools.gnu-tools-for-stm32.10.3-2021.10.win32_1.0.0.202111181127/tools/bin/../lib/gcc/arm-none-eabi/10.3.1/../../../../arm-none-eabi/lib/thumb/v7-m/nofp\libc_nano.a(lib_a-abort.o)
                0x0000000008002a06                abort
 .text.__errno  0x0000000008002a14        0xc c:/st/stm32cubeide_1.10.1/stm32cubeide/plugins/com.st.stm32cube.ide.mcu.externaltools.gnu-tools-for-stm32.10.3-2021.10.win32_1.0.0.202111181127/tools/bin/../lib/gcc/arm-none-eabi/10.3.1/../../../../arm-none-eabi/lib/thumb/v7-m/nofp\libc_nano.a(lib_a-errno.o)
                0x0000000008002a14                __errno
 .text.__libc_init_array
                0x0000000008002a20       0x48 c:/st/stm32cubeide_1.10.1/stm32cubeide/plugins/com.st.stm32cube.ide.mcu.externaltools.gnu-tools-for-stm32.10.3-2021.10.win32_1.0.0.202111181127/tools/bin/../lib/gcc/arm-none-eabi/10.3.1/../../../../arm-none-eabi/lib/thumb/v7-m/nofp\libc_nano.a(lib_a-init.o)
                0x0000000008002a20                __libc_init_array
 .text.memset   0x0000000008002a68       0x10 c:/st/stm32cubeide_1.10.1/stm32cubeide/plugins/com.st.stm32cube.ide.mcu.externaltools.gnu-tools-for-stm32.10.3-2021.10.win32_1.0.0.202111181127/tools/bin/../lib/gcc/arm-none-eabi/10.3.1/../../../../arm-none-eabi/lib/thumb/v7-m/nofp\libc_nano.a(lib_a-memset.o)
                0x0000000008002a68                memset
 .text._raise_r
                0x0000000008002a78       0x50 c:/st/stm32cubeide_1.10.1/stm32cubeide/plugins/com.st.stm32cube.ide.mcu.externaltools.gnu-tools-for-stm32.10.3-2021.10.win32_1.0.0.202111181127/tools/bin/../lib/gcc/arm-none-eabi/10.3.1/../../../../arm-none-eabi/lib/thumb/v7-m/nofp\libc_nano.a(lib_a-signal.o)
                0x0000000008002a78                _raise_r
 .text.raise    0x0000000008002ac8       0x10 c:/st/stm32cubeide_1.10.1/stm32cubeide/plugins/com.st.stm32cube.ide.mcu.externaltools.gnu-tools-for-stm32.10.3-2021.10.win32_1.0.0.202111181127/tools/bin/../lib/gcc/arm-none-eabi/10.3.1/../../../../arm-none-eabi/lib/thumb/v7-m/nofp\libc_nano.a(lib_a-signal.o)
                0x0000000008002ac8                raise
 .text._kill_r  0x0000000008002ad8       0x24 c:/st/stm32cubeide_1.10.1/stm32cubeide/plugins/com.st.stm32cube.ide.mcu.externaltools.gnu-tools-for-stm32.10.3-2021.10.win32_1.0.0.202111181127/tools/bin/../lib/gcc/arm-none-eabi/10.3.1/../../../../arm-none-eabi/lib/thumb/v7-m/nofp\libc_nano.a(lib_a-signalr.o)
                0x0000000008002ad8                _kill_r
 .text._getpid_r
                0x0000000008002afc        0x4 c:/st/stm32cubeide_1.10.1/stm32cubeide/plugins/com.st.stm32cube.ide.mcu.externaltools.gnu-tools-for-stm32.10.3-2021.10.win32_1.0.0.202111181127/tools/bin/../lib/gcc/arm-none-eabi/10.3.1/../../../../arm-none-eabi/lib/thumb/v7-m/nofp\libc_nano.a(lib_a-signalr.o)
                0x0000000008002afc                _getpid_r
 *(.glue_7)
 .glue_7        0x0000000008002b00        0x0 linker stubs
 *(.glue_7t)
 .glue_7t       0x0000000008002b00        0x0 linker stubs
 *(.eh_frame)
 .eh_frame      0x0000000008002b00        0x0 c:/st/stm32cubeide_1.10.1/stm32cubeide/plugins/com.st.stm32cube.ide.mcu.externaltools.gnu-tools-for-stm32.10.3-2021.10.win32_1.0.0.202111181127/tools/bin/../lib/gcc/arm-none-eabi/10.3.1/thumb/v7-m/nofp/crtbegin.o
 *(.init)
 .init          0x0000000008002b00        0x4 c:/st/stm32cubeide_1.10.1/stm32cubeide/plugins/com.st.stm32cube.ide.mcu.externaltools.gnu-tools-for-stm32.10.3-2021.10.win32_1.0.0.202111181127/tools/bin/../lib/gcc/arm-none-eabi/10.3.1/thumb/v7-m/nofp/crti.o
                0x0000000008002b00                _init
 .init          0x0000000008002b04        0x8 c:/st/stm32cubeide_1.10.1/stm32cubeide/plugins/com.st.stm32cube.ide.mcu.externaltools.gnu-tools-for-stm32.10.3-2021.10.win32_1.0.0.202111181127/tools/bin/../lib/gcc/arm-none-eabi/10.3.1/thumb/v7-m/nofp/crtn.o
 *(.fini)
 .fini          0x0000000008002b0c        0x4 c:/st/stm32cubeide_1.10.1/stm32cubeide/plugins/com.st.stm32cube.ide.mcu.externaltools.gnu-tools-for-stm32.10.3-2021.10.win32_1.0.0.202111181127/tools/bin/../lib/gcc/arm-none-eabi/10.3.1/thumb/v7-m/nofp/crti.o
                0x0000000008002b0c                _fini
 .fini          0x0000000008002b10        0x8 c:/st/stm32cubeide_1.10.1/stm32cubeide/plugins/com.st.stm32cube.ide.mcu.externaltools.gnu-tools-for-stm32.10.3-2021.10.win32_1.0.0.202111181127/tools/bin/../lib/gcc/arm-none-eabi/10.3.1/thumb/v7-m/nofp/crtn.o
                0x0000000008002b18                . = ALIGN (0x4)
                0x0000000008002b18                _etext = .

.vfp11_veneer   0x0000000008002b18        0x0
 .vfp11_veneer  0x0000000008002b18        0x0 linker stubs

.v4_bx          0x0000000008002b18        0x0
 .v4_bx         0x0000000008002b18        0x0 linker stubs

.iplt           0x0000000008002b18        0x0
 .iplt          0x0000000008002b18        0x0 c:/st/stm32cubeide_1.10.1/stm32cubeide/plugins/com.st.stm32cube.ide.mcu.externaltools.gnu-tools-for-stm32.10.3-2021.10.win32_1.0.0.202111181127/tools/bin/../lib/gcc/arm-none-eabi/10.3.1/thumb/v7-m/nofp/crtbegin.o

.rodata         0x0000000008002b18       0x78
                0x0000000008002b18                . = ALIGN (0x4)
 *(.rodata)
 .rodata        0x0000000008002b18       0x10 ./Core/Src/component/switch.o
 .rodata        0x0000000008002b28       0x10 ./Drivers/STM32F1xx_HAL_Driver/Src/stm32f1xx_hal_rcc.o
 *(.rodata*)
 .rodata._ZTV3Led
                0x0000000008002b38       0x10 ./Core/Src/component/led.o
                0x0000000008002b38                vtable for Led
 .rodata._ZTV4ILed
                0x0000000008002b48       0x10 ./Core/Src/component/led.o
                0x0000000008002b48                vtable for ILed
 .rodata._ZTV10SegmentLed
                0x0000000008002b58       0x10 ./Core/Src/component/segment_led.o
                0x0000000008002b58                vtable for SegmentLed
 .rodata.AHBPrescTable
                0x0000000008002b68       0x10 ./Core/Src/system_stm32f1xx.o
                0x0000000008002b68                AHBPrescTable
 .rodata._ZTV10Controller
                0x0000000008002b78        0xc ./Core/Src/service/controller.o
                0x0000000008002b78                vtable for Controller
 .rodata._ZTV13LedController
                0x0000000008002b84        0xc ./Core/Src/service/led_controller.o
                0x0000000008002b84                vtable for LedController
                0x0000000008002b90                . = ALIGN (0x4)

.rel.dyn        0x0000000008002b90        0x0
 .rel.iplt      0x0000000008002b90        0x0 c:/st/stm32cubeide_1.10.1/stm32cubeide/plugins/com.st.stm32cube.ide.mcu.externaltools.gnu-tools-for-stm32.10.3-2021.10.win32_1.0.0.202111181127/tools/bin/../lib/gcc/arm-none-eabi/10.3.1/thumb/v7-m/nofp/crtbegin.o

.ARM.extab      0x0000000008002b90        0x0
                0x0000000008002b90                . = ALIGN (0x4)
 *(.ARM.extab* .gnu.linkonce.armextab.*)
                0x0000000008002b90                . = ALIGN (0x4)

.ARM            0x0000000008002b90        0x0
                0x0000000008002b90                . = ALIGN (0x4)
                0x0000000008002b90                __exidx_start = .
 *(.ARM.exidx*)
                0x0000000008002b90                __exidx_end = .
                0x0000000008002b90                . = ALIGN (0x4)

.preinit_array  0x0000000008002b90        0x0
                0x0000000008002b90                . = ALIGN (0x4)
                0x0000000008002b90                PROVIDE (__preinit_array_start = .)
 *(.preinit_array*)
                0x0000000008002b90                PROVIDE (__preinit_array_end = .)
                0x0000000008002b90                . = ALIGN (0x4)

.init_array     0x0000000008002b90        0x8
                0x0000000008002b90                . = ALIGN (0x4)
                0x0000000008002b90                PROVIDE (__init_array_start = .)
 *(SORT_BY_NAME(.init_array.*))
 *(.init_array*)
 .init_array    0x0000000008002b90        0x4 c:/st/stm32cubeide_1.10.1/stm32cubeide/plugins/com.st.stm32cube.ide.mcu.externaltools.gnu-tools-for-stm32.10.3-2021.10.win32_1.0.0.202111181127/tools/bin/../lib/gcc/arm-none-eabi/10.3.1/thumb/v7-m/nofp/crtbegin.o
 .init_array    0x0000000008002b94        0x4 ./Core/Src/global.o
                0x0000000008002b98                PROVIDE (__init_array_end = .)
                0x0000000008002b98                . = ALIGN (0x4)

.fini_array     0x0000000008002b98        0x4
                0x0000000008002b98                . = ALIGN (0x4)
                [!provide]                        PROVIDE (__fini_array_start = .)
 *(SORT_BY_NAME(.fini_array.*))
 *(.fini_array*)
 .fini_array    0x0000000008002b98        0x4 c:/st/stm32cubeide_1.10.1/stm32cubeide/plugins/com.st.stm32cube.ide.mcu.externaltools.gnu-tools-for-stm32.10.3-2021.10.win32_1.0.0.202111181127/tools/bin/../lib/gcc/arm-none-eabi/10.3.1/thumb/v7-m/nofp/crtbegin.o
                [!provide]                        PROVIDE (__fini_array_end = .)
                0x0000000008002b9c                . = ALIGN (0x4)
                0x0000000008002b9c                _sidata = LOADADDR (.data)

.data           0x0000000020000000       0xa0 load address 0x0000000008002b9c
                0x0000000020000000                . = ALIGN (0x4)
                0x0000000020000000                _sdata = .
 *(.data)
 *(.data*)
 .data.l_SegLed
                0x0000000020000000       0x1c ./Core/Src/global.o
                0x0000000020000000                l_SegLed
 .data.g_Controller
                0x000000002000001c        0x8 ./Core/Src/global.o
                0x000000002000001c                g_Controller
 .data.g_LedService
                0x0000000020000024        0x8 ./Core/Src/global.o
                0x0000000020000024                g_LedService
 .data.SystemCoreClock
                0x000000002000002c        0x4 ./Core/Src/system_stm32f1xx.o
                0x000000002000002c                SystemCoreClock
 .data.uwTickPrio
                0x0000000020000030        0x4 ./Drivers/STM32F1xx_HAL_Driver/Src/stm32f1xx_hal.o
                0x0000000020000030                uwTickPrio
 .data.uwTickFreq
                0x0000000020000034        0x1 ./Drivers/STM32F1xx_HAL_Driver/Src/stm32f1xx_hal.o
                0x0000000020000034                uwTickFreq
 *fill*         0x0000000020000035        0x3 
 .data._ZN10__cxxabiv119__terminate_handlerE
                0x0000000020000038        0x4 c:/st/stm32cubeide_1.10.1/stm32cubeide/plugins/com.st.stm32cube.ide.mcu.externaltools.gnu-tools-for-stm32.10.3-2021.10.win32_1.0.0.202111181127/tools/bin/../lib/gcc/arm-none-eabi/10.3.1/../../../../arm-none-eabi/lib/thumb/v7-m/nofp\libstdc++_nano.a(eh_term_handler.o)
                0x0000000020000038                __cxxabiv1::__terminate_handler
 .data._impure_ptr
                0x000000002000003c        0x4 c:/st/stm32cubeide_1.10.1/stm32cubeide/plugins/com.st.stm32cube.ide.mcu.externaltools.gnu-tools-for-stm32.10.3-2021.10.win32_1.0.0.202111181127/tools/bin/../lib/gcc/arm-none-eabi/10.3.1/../../../../arm-none-eabi/lib/thumb/v7-m/nofp\libc_nano.a(lib_a-impure.o)
                0x000000002000003c                _impure_ptr
 .data.impure_data
                0x0000000020000040       0x60 c:/st/stm32cubeide_1.10.1/stm32cubeide/plugins/com.st.stm32cube.ide.mcu.externaltools.gnu-tools-for-stm32.10.3-2021.10.win32_1.0.0.202111181127/tools/bin/../lib/gcc/arm-none-eabi/10.3.1/../../../../arm-none-eabi/lib/thumb/v7-m/nofp\libc_nano.a(lib_a-impure.o)
 *(.RamFunc)
 *(.RamFunc*)
                0x00000000200000a0                . = ALIGN (0x4)
                0x00000000200000a0                _edata = .

.igot.plt       0x00000000200000a0        0x0 load address 0x0000000008002c3c
 .igot.plt      0x00000000200000a0        0x0 c:/st/stm32cubeide_1.10.1/stm32cubeide/plugins/com.st.stm32cube.ide.mcu.externaltools.gnu-tools-for-stm32.10.3-2021.10.win32_1.0.0.202111181127/tools/bin/../lib/gcc/arm-none-eabi/10.3.1/thumb/v7-m/nofp/crtbegin.o
                0x00000000200000a0                . = ALIGN (0x4)

.bss            0x00000000200000a0      0x1d0 load address 0x0000000008002c3c
                0x00000000200000a0                _sbss = .
                0x00000000200000a0                __bss_start__ = _sbss
 *(.bss)
 .bss           0x00000000200000a0       0x1c c:/st/stm32cubeide_1.10.1/stm32cubeide/plugins/com.st.stm32cube.ide.mcu.externaltools.gnu-tools-for-stm32.10.3-2021.10.win32_1.0.0.202111181127/tools/bin/../lib/gcc/arm-none-eabi/10.3.1/thumb/v7-m/nofp/crtbegin.o
 *(.bss*)
 .bss.o_TEST_LED
                0x00000000200000bc        0x8 ./Core/Src/global.o
                0x00000000200000bc                o_TEST_LED
 .bss.o_SEG_SIG
                0x00000000200000c4        0x8 ./Core/Src/global.o
                0x00000000200000c4                o_SEG_SIG
 .bss.o_SEG_A   0x00000000200000cc        0x8 ./Core/Src/global.o
                0x00000000200000cc                o_SEG_A
 .bss.o_SEG_B   0x00000000200000d4        0x8 ./Core/Src/global.o
                0x00000000200000d4                o_SEG_B
 .bss.o_SEG_C   0x00000000200000dc        0x8 ./Core/Src/global.o
                0x00000000200000dc                o_SEG_C
 .bss.o_SEG_D   0x00000000200000e4        0x8 ./Core/Src/global.o
                0x00000000200000e4                o_SEG_D
 .bss.o_SEG_E   0x00000000200000ec        0x8 ./Core/Src/global.o
                0x00000000200000ec                o_SEG_E
 .bss.o_SEG_F   0x00000000200000f4        0x8 ./Core/Src/global.o
                0x00000000200000f4                o_SEG_F
 .bss.o_SEG_G   0x00000000200000fc        0x8 ./Core/Src/global.o
                0x00000000200000fc                o_SEG_G
 .bss.i_BUT_RES
                0x0000000020000104        0x8 ./Core/Src/global.o
                0x0000000020000104                i_BUT_RES
 .bss.i_BUT_INC
                0x000000002000010c        0x8 ./Core/Src/global.o
                0x000000002000010c                i_BUT_INC
 .bss.i_BUT_DEC
                0x0000000020000114        0x8 ./Core/Src/global.o
                0x0000000020000114                i_BUT_DEC
 .bss.g_LedTest
                0x000000002000011c        0xc ./Core/Src/global.o
                0x000000002000011c                g_LedTest
 .bss.g_LedA    0x0000000020000128        0xc ./Core/Src/global.o
                0x0000000020000128                g_LedA
 .bss.g_LedB    0x0000000020000134        0xc ./Core/Src/global.o
                0x0000000020000134                g_LedB
 .bss.g_LedC    0x0000000020000140        0xc ./Core/Src/global.o
                0x0000000020000140                g_LedC
 .bss.g_LedD    0x000000002000014c        0xc ./Core/Src/global.o
                0x000000002000014c                g_LedD
 .bss.g_LedE    0x0000000020000158        0xc ./Core/Src/global.o
                0x0000000020000158                g_LedE
 .bss.g_LedF    0x0000000020000164        0xc ./Core/Src/global.o
                0x0000000020000164                g_LedF
 .bss.g_LedG    0x0000000020000170        0xc ./Core/Src/global.o
                0x0000000020000170                g_LedG
 .bss.g_SegCounter
                0x000000002000017c       0x28 ./Core/Src/global.o
                0x000000002000017c                g_SegCounter
 .bss.g_ButtonRes
                0x00000000200001a4       0x1c ./Core/Src/global.o
                0x00000000200001a4                g_ButtonRes
 .bss.g_ButtonInc
                0x00000000200001c0       0x1c ./Core/Src/global.o
                0x00000000200001c0                g_ButtonInc
 .bss.g_ButtonDec
                0x00000000200001dc       0x1c ./Core/Src/global.o
                0x00000000200001dc                g_ButtonDec
 .bss.g_TimerGlobal
                0x00000000200001f8        0xc ./Core/Src/global.o
                0x00000000200001f8                g_TimerGlobal
 .bss.g_TimerTestLed
                0x0000000020000204        0xc ./Core/Src/global.o
                0x0000000020000204                g_TimerTestLed
 .bss.g_TimerAutoDecrement
                0x0000000020000210        0xc ./Core/Src/global.o
                0x0000000020000210                g_TimerAutoDecrement
 .bss.htim2     0x000000002000021c       0x48 ./Core/Src/main.o
                0x000000002000021c                htim2
 .bss.CURRENT_NUMBER
                0x0000000020000264        0x4 ./Core/Src/service/controller.o
                0x0000000020000264                CURRENT_NUMBER
 .bss.uwTick    0x0000000020000268        0x4 ./Drivers/STM32F1xx_HAL_Driver/Src/stm32f1xx_hal.o
                0x0000000020000268                uwTick
 .bss.errno     0x000000002000026c        0x4 c:/st/stm32cubeide_1.10.1/stm32cubeide/plugins/com.st.stm32cube.ide.mcu.externaltools.gnu-tools-for-stm32.10.3-2021.10.win32_1.0.0.202111181127/tools/bin/../lib/gcc/arm-none-eabi/10.3.1/../../../../arm-none-eabi/lib/thumb/v7-m/nofp\libc_nano.a(lib_a-reent.o)
                0x000000002000026c                errno
 *(COMMON)
                0x0000000020000270                . = ALIGN (0x4)
                0x0000000020000270                _ebss = .
                0x0000000020000270                __bss_end__ = _ebss

._user_heap_stack
                0x0000000020000270      0x600 load address 0x0000000008002c3c
                0x0000000020000270                . = ALIGN (0x8)
                [!provide]                        PROVIDE (end = .)
                0x0000000020000270                PROVIDE (_end = .)
                0x0000000020000470                . = (. + _Min_Heap_Size)
 *fill*         0x0000000020000270      0x200 
                0x0000000020000870                . = (. + _Min_Stack_Size)
 *fill*         0x0000000020000470      0x400 
                0x0000000020000870                . = ALIGN (0x8)

/DISCARD/
 libc.a(*)
 libm.a(*)
 libgcc.a(*)

.ARM.attributes
                0x0000000000000000       0x29
 *(.ARM.attributes)
 .ARM.attributes
                0x0000000000000000       0x1d c:/st/stm32cubeide_1.10.1/stm32cubeide/plugins/com.st.stm32cube.ide.mcu.externaltools.gnu-tools-for-stm32.10.3-2021.10.win32_1.0.0.202111181127/tools/bin/../lib/gcc/arm-none-eabi/10.3.1/thumb/v7-m/nofp/crti.o
 .ARM.attributes
                0x000000000000001d       0x2d c:/st/stm32cubeide_1.10.1/stm32cubeide/plugins/com.st.stm32cube.ide.mcu.externaltools.gnu-tools-for-stm32.10.3-2021.10.win32_1.0.0.202111181127/tools/bin/../lib/gcc/arm-none-eabi/10.3.1/thumb/v7-m/nofp/crtbegin.o
 .ARM.attributes
                0x000000000000004a       0x2d ./Core/Src/component/led.o
 .ARM.attributes
                0x0000000000000077       0x2d ./Core/Src/component/segment_led.o
 .ARM.attributes
                0x00000000000000a4       0x2d ./Core/Src/component/switch.o
 .ARM.attributes
                0x00000000000000d1       0x2d ./Core/Src/global.o
 .ARM.attributes
                0x00000000000000fe       0x2d ./Core/Src/main.o
 .ARM.attributes
                0x000000000000012b       0x2d ./Core/Src/stm32f1xx_hal_msp.o
 .ARM.attributes
                0x0000000000000158       0x2d ./Core/Src/stm32f1xx_it.o
 .ARM.attributes
                0x0000000000000185       0x2d ./Core/Src/syscalls.o
 .ARM.attributes
                0x00000000000001b2       0x2d ./Core/Src/system_stm32f1xx.o
 .ARM.attributes
                0x00000000000001df       0x2d ./Core/Src/helper/timer.o
 .ARM.attributes
                0x000000000000020c       0x2d ./Core/Src/model/input.o
 .ARM.attributes
                0x0000000000000239       0x2d ./Core/Src/model/output.o
 .ARM.attributes
                0x0000000000000266       0x2d ./Core/Src/model/pin.o
 .ARM.attributes
                0x0000000000000293       0x2d ./Core/Src/service/controller.o
 .ARM.attributes
                0x00000000000002c0       0x2d ./Core/Src/service/led_controller.o
 .ARM.attributes
                0x00000000000002ed       0x21 ./Core/Startup/startup_stm32f103c6tx.o
 .ARM.attributes
                0x000000000000030e       0x2d ./Drivers/STM32F1xx_HAL_Driver/Src/stm32f1xx_hal.o
 .ARM.attributes
                0x000000000000033b       0x2d ./Drivers/STM32F1xx_HAL_Driver/Src/stm32f1xx_hal_cortex.o
 .ARM.attributes
                0x0000000000000368       0x2d ./Drivers/STM32F1xx_HAL_Driver/Src/stm32f1xx_hal_gpio.o
 .ARM.attributes
                0x0000000000000395       0x2d ./Drivers/STM32F1xx_HAL_Driver/Src/stm32f1xx_hal_rcc.o
 .ARM.attributes
                0x00000000000003c2       0x2d ./Drivers/STM32F1xx_HAL_Driver/Src/stm32f1xx_hal_tim.o
 .ARM.attributes
                0x00000000000003ef       0x2d ./Drivers/STM32F1xx_HAL_Driver/Src/stm32f1xx_hal_tim_ex.o
 .ARM.attributes
                0x000000000000041c       0x2d c:/st/stm32cubeide_1.10.1/stm32cubeide/plugins/com.st.stm32cube.ide.mcu.externaltools.gnu-tools-for-stm32.10.3-2021.10.win32_1.0.0.202111181127/tools/bin/../lib/gcc/arm-none-eabi/10.3.1/../../../../arm-none-eabi/lib/thumb/v7-m/nofp\libstdc++_nano.a(pure.o)
 .ARM.attributes
                0x0000000000000449       0x2d c:/st/stm32cubeide_1.10.1/stm32cubeide/plugins/com.st.stm32cube.ide.mcu.externaltools.gnu-tools-for-stm32.10.3-2021.10.win32_1.0.0.202111181127/tools/bin/../lib/gcc/arm-none-eabi/10.3.1/../../../../arm-none-eabi/lib/thumb/v7-m/nofp\libstdc++_nano.a(eh_terminate.o)
 .ARM.attributes
                0x0000000000000476       0x2d c:/st/stm32cubeide_1.10.1/stm32cubeide/plugins/com.st.stm32cube.ide.mcu.externaltools.gnu-tools-for-stm32.10.3-2021.10.win32_1.0.0.202111181127/tools/bin/../lib/gcc/arm-none-eabi/10.3.1/../../../../arm-none-eabi/lib/thumb/v7-m/nofp\libstdc++_nano.a(eh_term_handler.o)
 .ARM.attributes
                0x00000000000004a3       0x2d c:/st/stm32cubeide_1.10.1/stm32cubeide/plugins/com.st.stm32cube.ide.mcu.externaltools.gnu-tools-for-stm32.10.3-2021.10.win32_1.0.0.202111181127/tools/bin/../lib/gcc/arm-none-eabi/10.3.1/../../../../arm-none-eabi/lib/thumb/v7-m/nofp\libc_nano.a(lib_a-abort.o)
 .ARM.attributes
                0x00000000000004d0       0x2d c:/st/stm32cubeide_1.10.1/stm32cubeide/plugins/com.st.stm32cube.ide.mcu.externaltools.gnu-tools-for-stm32.10.3-2021.10.win32_1.0.0.202111181127/tools/bin/../lib/gcc/arm-none-eabi/10.3.1/../../../../arm-none-eabi/lib/thumb/v7-m/nofp\libc_nano.a(lib_a-errno.o)
 .ARM.attributes
                0x00000000000004fd       0x2d c:/st/stm32cubeide_1.10.1/stm32cubeide/plugins/com.st.stm32cube.ide.mcu.externaltools.gnu-tools-for-stm32.10.3-2021.10.win32_1.0.0.202111181127/tools/bin/../lib/gcc/arm-none-eabi/10.3.1/../../../../arm-none-eabi/lib/thumb/v7-m/nofp\libc_nano.a(lib_a-impure.o)
 .ARM.attributes
                0x000000000000052a       0x2d c:/st/stm32cubeide_1.10.1/stm32cubeide/plugins/com.st.stm32cube.ide.mcu.externaltools.gnu-tools-for-stm32.10.3-2021.10.win32_1.0.0.202111181127/tools/bin/../lib/gcc/arm-none-eabi/10.3.1/../../../../arm-none-eabi/lib/thumb/v7-m/nofp\libc_nano.a(lib_a-init.o)
 .ARM.attributes
                0x0000000000000557       0x2d c:/st/stm32cubeide_1.10.1/stm32cubeide/plugins/com.st.stm32cube.ide.mcu.externaltools.gnu-tools-for-stm32.10.3-2021.10.win32_1.0.0.202111181127/tools/bin/../lib/gcc/arm-none-eabi/10.3.1/../../../../arm-none-eabi/lib/thumb/v7-m/nofp\libc_nano.a(lib_a-memset.o)
 .ARM.attributes
                0x0000000000000584       0x2d c:/st/stm32cubeide_1.10.1/stm32cubeide/plugins/com.st.stm32cube.ide.mcu.externaltools.gnu-tools-for-stm32.10.3-2021.10.win32_1.0.0.202111181127/tools/bin/../lib/gcc/arm-none-eabi/10.3.1/../../../../arm-none-eabi/lib/thumb/v7-m/nofp\libc_nano.a(lib_a-signal.o)
 .ARM.attributes
                0x00000000000005b1       0x2d c:/st/stm32cubeide_1.10.1/stm32cubeide/plugins/com.st.stm32cube.ide.mcu.externaltools.gnu-tools-for-stm32.10.3-2021.10.win32_1.0.0.202111181127/tools/bin/../lib/gcc/arm-none-eabi/10.3.1/../../../../arm-none-eabi/lib/thumb/v7-m/nofp\libc_nano.a(lib_a-signalr.o)
 .ARM.attributes
                0x00000000000005de       0x2d c:/st/stm32cubeide_1.10.1/stm32cubeide/plugins/com.st.stm32cube.ide.mcu.externaltools.gnu-tools-for-stm32.10.3-2021.10.win32_1.0.0.202111181127/tools/bin/../lib/gcc/arm-none-eabi/10.3.1/../../../../arm-none-eabi/lib/thumb/v7-m/nofp\libc_nano.a(lib_a-reent.o)
 .ARM.attributes
                0x000000000000060b       0x1d c:/st/stm32cubeide_1.10.1/stm32cubeide/plugins/com.st.stm32cube.ide.mcu.externaltools.gnu-tools-for-stm32.10.3-2021.10.win32_1.0.0.202111181127/tools/bin/../lib/gcc/arm-none-eabi/10.3.1/thumb/v7-m/nofp/crtn.o
OUTPUT(Midterm.elf elf32-littlearm)
LOAD linker stubs
LOAD c:/st/stm32cubeide_1.10.1/stm32cubeide/plugins/com.st.stm32cube.ide.mcu.externaltools.gnu-tools-for-stm32.10.3-2021.10.win32_1.0.0.202111181127/tools/bin/../lib/gcc/arm-none-eabi/10.3.1/../../../../arm-none-eabi/lib/thumb/v7-m/nofp\libc.a
LOAD c:/st/stm32cubeide_1.10.1/stm32cubeide/plugins/com.st.stm32cube.ide.mcu.externaltools.gnu-tools-for-stm32.10.3-2021.10.win32_1.0.0.202111181127/tools/bin/../lib/gcc/arm-none-eabi/10.3.1/../../../../arm-none-eabi/lib/thumb/v7-m/nofp\libm.a
LOAD c:/st/stm32cubeide_1.10.1/stm32cubeide/plugins/com.st.stm32cube.ide.mcu.externaltools.gnu-tools-for-stm32.10.3-2021.10.win32_1.0.0.202111181127/tools/bin/../lib/gcc/arm-none-eabi/10.3.1/thumb/v7-m/nofp\libgcc.a

.debug_info     0x0000000000000000     0xc1b4
 .debug_info    0x0000000000000000      0x673 ./Core/Src/component/led.o
 .debug_info    0x0000000000000673      0x731 ./Core/Src/component/segment_led.o
 .debug_info    0x0000000000000da4      0x486 ./Core/Src/component/switch.o
 .debug_info    0x000000000000122a      0xb46 ./Core/Src/global.o
 .debug_info    0x0000000000001d70     0x110e ./Core/Src/main.o
 .debug_info    0x0000000000002e7e      0x967 ./Core/Src/stm32f1xx_hal_msp.o
 .debug_info    0x00000000000037e5      0x6ea ./Core/Src/stm32f1xx_it.o
 .debug_info    0x0000000000003ecf      0x6e0 ./Core/Src/syscalls.o
 .debug_info    0x00000000000045af      0x23d ./Core/Src/system_stm32f1xx.o
 .debug_info    0x00000000000047ec      0x27b ./Core/Src/helper/timer.o
 .debug_info    0x0000000000004a67      0x3e2 ./Core/Src/model/input.o
 .debug_info    0x0000000000004e49      0x508 ./Core/Src/model/output.o
 .debug_info    0x0000000000005351      0x390 ./Core/Src/model/pin.o
 .debug_info    0x00000000000056e1      0x7db ./Core/Src/service/controller.o
 .debug_info    0x0000000000005ebc      0x358 ./Core/Src/service/led_controller.o
 .debug_info    0x0000000000006214       0x22 ./Core/Startup/startup_stm32f103c6tx.o
 .debug_info    0x0000000000006236      0x716 ./Drivers/STM32F1xx_HAL_Driver/Src/stm32f1xx_hal.o
 .debug_info    0x000000000000694c      0xb02 ./Drivers/STM32F1xx_HAL_Driver/Src/stm32f1xx_hal_cortex.o
 .debug_info    0x000000000000744e      0x615 ./Drivers/STM32F1xx_HAL_Driver/Src/stm32f1xx_hal_gpio.o
 .debug_info    0x0000000000007a63      0x860 ./Drivers/STM32F1xx_HAL_Driver/Src/stm32f1xx_hal_rcc.o
 .debug_info    0x00000000000082c3     0x29de ./Drivers/STM32F1xx_HAL_Driver/Src/stm32f1xx_hal_tim.o
 .debug_info    0x000000000000aca1     0x1513 ./Drivers/STM32F1xx_HAL_Driver/Src/stm32f1xx_hal_tim_ex.o

.debug_abbrev   0x0000000000000000     0x3001
 .debug_abbrev  0x0000000000000000      0x2f1 ./Core/Src/component/led.o
 .debug_abbrev  0x00000000000002f1      0x357 ./Core/Src/component/segment_led.o
 .debug_abbrev  0x0000000000000648      0x21e ./Core/Src/component/switch.o
 .debug_abbrev  0x0000000000000866      0x2f7 ./Core/Src/global.o
 .debug_abbrev  0x0000000000000b5d      0x39f ./Core/Src/main.o
 .debug_abbrev  0x0000000000000efc      0x19f ./Core/Src/stm32f1xx_hal_msp.o
 .debug_abbrev  0x000000000000109b      0x184 ./Core/Src/stm32f1xx_it.o
 .debug_abbrev  0x000000000000121f      0x1b3 ./Core/Src/syscalls.o
 .debug_abbrev  0x00000000000013d2      0x13b ./Core/Src/system_stm32f1xx.o
 .debug_abbrev  0x000000000000150d      0x169 ./Core/Src/helper/timer.o
 .debug_abbrev  0x0000000000001676      0x22e ./Core/Src/model/input.o
 .debug_abbrev  0x00000000000018a4      0x26e ./Core/Src/model/output.o
 .debug_abbrev  0x0000000000001b12      0x1d7 ./Core/Src/model/pin.o
 .debug_abbrev  0x0000000000001ce9      0x2e5 ./Core/Src/service/controller.o
 .debug_abbrev  0x0000000000001fce      0x214 ./Core/Src/service/led_controller.o
 .debug_abbrev  0x00000000000021e2       0x12 ./Core/Startup/startup_stm32f103c6tx.o
 .debug_abbrev  0x00000000000021f4      0x1fb ./Drivers/STM32F1xx_HAL_Driver/Src/stm32f1xx_hal.o
 .debug_abbrev  0x00000000000023ef      0x2ed ./Drivers/STM32F1xx_HAL_Driver/Src/stm32f1xx_hal_cortex.o
 .debug_abbrev  0x00000000000026dc      0x1bb ./Drivers/STM32F1xx_HAL_Driver/Src/stm32f1xx_hal_gpio.o
 .debug_abbrev  0x0000000000002897      0x2a8 ./Drivers/STM32F1xx_HAL_Driver/Src/stm32f1xx_hal_rcc.o
 .debug_abbrev  0x0000000000002b3f      0x25d ./Drivers/STM32F1xx_HAL_Driver/Src/stm32f1xx_hal_tim.o
 .debug_abbrev  0x0000000000002d9c      0x265 ./Drivers/STM32F1xx_HAL_Driver/Src/stm32f1xx_hal_tim_ex.o

.debug_aranges  0x0000000000000000      0xc30
 .debug_aranges
                0x0000000000000000       0x48 ./Core/Src/component/led.o
 .debug_aranges
                0x0000000000000048       0x48 ./Core/Src/component/segment_led.o
 .debug_aranges
                0x0000000000000090       0x38 ./Core/Src/component/switch.o
 .debug_aranges
                0x00000000000000c8       0x28 ./Core/Src/global.o
 .debug_aranges
                0x00000000000000f0       0x48 ./Core/Src/main.o
 .debug_aranges
                0x0000000000000138       0x30 ./Core/Src/stm32f1xx_hal_msp.o
 .debug_aranges
                0x0000000000000168       0x68 ./Core/Src/stm32f1xx_it.o
 .debug_aranges
                0x00000000000001d0       0xa8 ./Core/Src/syscalls.o
 .debug_aranges
                0x0000000000000278       0x28 ./Core/Src/system_stm32f1xx.o
 .debug_aranges
                0x00000000000002a0       0x48 ./Core/Src/helper/timer.o
 .debug_aranges
                0x00000000000002e8       0x30 ./Core/Src/model/input.o
 .debug_aranges
                0x0000000000000318       0x48 ./Core/Src/model/output.o
 .debug_aranges
                0x0000000000000360       0x48 ./Core/Src/model/pin.o
 .debug_aranges
                0x00000000000003a8       0x30 ./Core/Src/service/controller.o
 .debug_aranges
                0x00000000000003d8       0x30 ./Core/Src/service/led_controller.o
 .debug_aranges
                0x0000000000000408       0x28 ./Core/Startup/startup_stm32f103c6tx.o
 .debug_aranges
                0x0000000000000430       0xe0 ./Drivers/STM32F1xx_HAL_Driver/Src/stm32f1xx_hal.o
 .debug_aranges
                0x0000000000000510      0x100 ./Drivers/STM32F1xx_HAL_Driver/Src/stm32f1xx_hal_cortex.o
 .debug_aranges
                0x0000000000000610       0x58 ./Drivers/STM32F1xx_HAL_Driver/Src/stm32f1xx_hal_gpio.o
 .debug_aranges
                0x0000000000000668       0x90 ./Drivers/STM32F1xx_HAL_Driver/Src/stm32f1xx_hal_rcc.o
 .debug_aranges
                0x00000000000006f8      0x3d0 ./Drivers/STM32F1xx_HAL_Driver/Src/stm32f1xx_hal_tim.o
 .debug_aranges
                0x0000000000000ac8      0x168 ./Drivers/STM32F1xx_HAL_Driver/Src/stm32f1xx_hal_tim_ex.o

.debug_ranges   0x0000000000000000      0xad8
 .debug_ranges  0x0000000000000000       0x38 ./Core/Src/component/led.o
 .debug_ranges  0x0000000000000038       0x38 ./Core/Src/component/segment_led.o
 .debug_ranges  0x0000000000000070       0x28 ./Core/Src/component/switch.o
 .debug_ranges  0x0000000000000098       0x18 ./Core/Src/global.o
 .debug_ranges  0x00000000000000b0       0x38 ./Core/Src/main.o
 .debug_ranges  0x00000000000000e8       0x20 ./Core/Src/stm32f1xx_hal_msp.o
 .debug_ranges  0x0000000000000108       0x58 ./Core/Src/stm32f1xx_it.o
 .debug_ranges  0x0000000000000160       0x98 ./Core/Src/syscalls.o
 .debug_ranges  0x00000000000001f8       0x18 ./Core/Src/system_stm32f1xx.o
 .debug_ranges  0x0000000000000210       0x38 ./Core/Src/helper/timer.o
 .debug_ranges  0x0000000000000248       0x20 ./Core/Src/model/input.o
 .debug_ranges  0x0000000000000268       0x38 ./Core/Src/model/output.o
 .debug_ranges  0x00000000000002a0       0x38 ./Core/Src/model/pin.o
 .debug_ranges  0x00000000000002d8       0x20 ./Core/Src/service/controller.o
 .debug_ranges  0x00000000000002f8       0x20 ./Core/Src/service/led_controller.o
 .debug_ranges  0x0000000000000318       0x20 ./Core/Startup/startup_stm32f103c6tx.o
 .debug_ranges  0x0000000000000338       0xd0 ./Drivers/STM32F1xx_HAL_Driver/Src/stm32f1xx_hal.o
 .debug_ranges  0x0000000000000408       0xf0 ./Drivers/STM32F1xx_HAL_Driver/Src/stm32f1xx_hal_cortex.o
 .debug_ranges  0x00000000000004f8       0x48 ./Drivers/STM32F1xx_HAL_Driver/Src/stm32f1xx_hal_gpio.o
 .debug_ranges  0x0000000000000540       0x80 ./Drivers/STM32F1xx_HAL_Driver/Src/stm32f1xx_hal_rcc.o
 .debug_ranges  0x00000000000005c0      0x3c0 ./Drivers/STM32F1xx_HAL_Driver/Src/stm32f1xx_hal_tim.o
 .debug_ranges  0x0000000000000980      0x158 ./Drivers/STM32F1xx_HAL_Driver/Src/stm32f1xx_hal_tim_ex.o

.debug_macro    0x0000000000000000    0x1a61d
 .debug_macro   0x0000000000000000      0x1d4 ./Core/Src/component/led.o
 .debug_macro   0x00000000000001d4      0xb44 ./Core/Src/component/led.o
 .debug_macro   0x0000000000000d18      0x215 ./Core/Src/component/led.o
 .debug_macro   0x0000000000000f2d       0x2e ./Core/Src/component/led.o
 .debug_macro   0x0000000000000f5b       0x22 ./Core/Src/component/led.o
 .debug_macro   0x0000000000000f7d       0x1c ./Core/Src/component/led.o
 .debug_macro   0x0000000000000f99       0x22 ./Core/Src/component/led.o
 .debug_macro   0x0000000000000fbb       0x8e ./Core/Src/component/led.o
 .debug_macro   0x0000000000001049       0x51 ./Core/Src/component/led.o
 .debug_macro   0x000000000000109a      0x103 ./Core/Src/component/led.o
 .debug_macro   0x000000000000119d       0x6a ./Core/Src/component/led.o
 .debug_macro   0x0000000000001207      0x1df ./Core/Src/component/led.o
 .debug_macro   0x00000000000013e6       0x1c ./Core/Src/component/led.o
 .debug_macro   0x0000000000001402       0x22 ./Core/Src/component/led.o
 .debug_macro   0x0000000000001424       0xbd ./Core/Src/component/led.o
 .debug_macro   0x00000000000014e1      0xd23 ./Core/Src/component/led.o
 .debug_macro   0x0000000000002204     0xde75 ./Core/Src/component/led.o
 .debug_macro   0x0000000000010079       0x6d ./Core/Src/component/led.o
 .debug_macro   0x00000000000100e6     0x3468 ./Core/Src/component/led.o
 .debug_macro   0x000000000001354e      0x17b ./Core/Src/component/led.o
 .debug_macro   0x00000000000136c9       0x5c ./Core/Src/component/led.o
 .debug_macro   0x0000000000013725      0x5be ./Core/Src/component/led.o
 .debug_macro   0x0000000000013ce3      0x1b7 ./Core/Src/component/led.o
 .debug_macro   0x0000000000013e9a      0x1cb ./Core/Src/component/led.o
 .debug_macro   0x0000000000014065      0x114 ./Core/Src/component/led.o
 .debug_macro   0x0000000000014179      0x1b2 ./Core/Src/component/led.o
 .debug_macro   0x000000000001432b       0x27 ./Core/Src/component/led.o
 .debug_macro   0x0000000000014352      0x12f ./Core/Src/component/led.o
 .debug_macro   0x0000000000014481      0x1bc ./Core/Src/component/led.o
 .debug_macro   0x000000000001463d       0x34 ./Core/Src/component/led.o
 .debug_macro   0x0000000000014671       0x3c ./Core/Src/component/led.o
 .debug_macro   0x00000000000146ad       0x57 ./Core/Src/component/led.o
 .debug_macro   0x0000000000014704       0x88 ./Core/Src/component/led.o
 .debug_macro   0x000000000001478c      0x183 ./Core/Src/component/led.o
 .debug_macro   0x000000000001490f      0x141 ./Core/Src/component/led.o
 .debug_macro   0x0000000000014a50      0x8d1 ./Core/Src/component/led.o
 .debug_macro   0x0000000000015321       0x69 ./Core/Src/component/led.o
 .debug_macro   0x000000000001538a       0x94 ./Core/Src/component/led.o
 .debug_macro   0x000000000001541e      0x1de ./Core/Src/component/segment_led.o
 .debug_macro   0x00000000000155fc      0x256 ./Core/Src/component/switch.o
 .debug_macro   0x0000000000015852       0x22 ./Core/Src/component/switch.o
 .debug_macro   0x0000000000015874       0x10 ./Core/Src/component/switch.o
 .debug_macro   0x0000000000015884      0x252 ./Core/Src/global.o
 .debug_macro   0x0000000000015ad6      0x252 ./Core/Src/main.o
 .debug_macro   0x0000000000015d28      0x1a7 ./Core/Src/stm32f1xx_hal_msp.o
 .debug_macro   0x0000000000015ecf      0xa6c ./Core/Src/stm32f1xx_hal_msp.o
 .debug_macro   0x000000000001693b      0xd23 ./Core/Src/stm32f1xx_hal_msp.o
 .debug_macro   0x000000000001765e      0x174 ./Core/Src/stm32f1xx_hal_msp.o
 .debug_macro   0x00000000000177d2      0x1b1 ./Core/Src/stm32f1xx_it.o
 .debug_macro   0x0000000000017983      0x252 ./Core/Src/syscalls.o
 .debug_macro   0x0000000000017bd5       0x10 ./Core/Src/syscalls.o
 .debug_macro   0x0000000000017be5       0x4c ./Core/Src/syscalls.o
 .debug_macro   0x0000000000017c31       0x18 ./Core/Src/syscalls.o
 .debug_macro   0x0000000000017c49       0x94 ./Core/Src/syscalls.o
 .debug_macro   0x0000000000017cdd       0x3c ./Core/Src/syscalls.o
 .debug_macro   0x0000000000017d19       0x34 ./Core/Src/syscalls.o
 .debug_macro   0x0000000000017d4d       0x16 ./Core/Src/syscalls.o
 .debug_macro   0x0000000000017d63       0x43 ./Core/Src/syscalls.o
 .debug_macro   0x0000000000017da6       0x57 ./Core/Src/syscalls.o
 .debug_macro   0x0000000000017dfd       0x34 ./Core/Src/syscalls.o
 .debug_macro   0x0000000000017e31       0x10 ./Core/Src/syscalls.o
 .debug_macro   0x0000000000017e41       0x58 ./Core/Src/syscalls.o
 .debug_macro   0x0000000000017e99       0x71 ./Core/Src/syscalls.o
 .debug_macro   0x0000000000017f0a       0x1c ./Core/Src/syscalls.o
 .debug_macro   0x0000000000017f26      0x12a ./Core/Src/syscalls.o
 .debug_macro   0x0000000000018050      0x23b ./Core/Src/syscalls.o
 .debug_macro   0x000000000001828b      0x341 ./Core/Src/syscalls.o
 .debug_macro   0x00000000000185cc       0x10 ./Core/Src/syscalls.o
 .debug_macro   0x00000000000185dc       0x1c ./Core/Src/syscalls.o
 .debug_macro   0x00000000000185f8       0x52 ./Core/Src/syscalls.o
 .debug_macro   0x000000000001864a       0x22 ./Core/Src/syscalls.o
 .debug_macro   0x000000000001866c       0x10 ./Core/Src/syscalls.o
 .debug_macro   0x000000000001867c       0x52 ./Core/Src/syscalls.o
 .debug_macro   0x00000000000186ce       0xd5 ./Core/Src/syscalls.o
 .debug_macro   0x00000000000187a3       0x1c ./Core/Src/syscalls.o
 .debug_macro   0x00000000000187bf       0x3d ./Core/Src/syscalls.o
 .debug_macro   0x00000000000187fc      0x183 ./Core/Src/syscalls.o
 .debug_macro   0x000000000001897f       0x16 ./Core/Src/syscalls.o
 .debug_macro   0x0000000000018995       0x1c ./Core/Src/syscalls.o
 .debug_macro   0x00000000000189b1       0x35 ./Core/Src/syscalls.o
 .debug_macro   0x00000000000189e6       0x10 ./Core/Src/syscalls.o
 .debug_macro   0x00000000000189f6       0x10 ./Core/Src/syscalls.o
 .debug_macro   0x0000000000018a06       0x16 ./Core/Src/syscalls.o
 .debug_macro   0x0000000000018a1c      0x145 ./Core/Src/syscalls.o
 .debug_macro   0x0000000000018b61       0x16 ./Core/Src/syscalls.o
 .debug_macro   0x0000000000018b77       0x16 ./Core/Src/syscalls.o
 .debug_macro   0x0000000000018b8d       0x29 ./Core/Src/syscalls.o
 .debug_macro   0x0000000000018bb6       0x16 ./Core/Src/syscalls.o
 .debug_macro   0x0000000000018bcc       0x10 ./Core/Src/syscalls.o
 .debug_macro   0x0000000000018bdc       0x10 ./Core/Src/syscalls.o
 .debug_macro   0x0000000000018bec       0x35 ./Core/Src/syscalls.o
 .debug_macro   0x0000000000018c21      0x12c ./Core/Src/syscalls.o
 .debug_macro   0x0000000000018d4d       0xce ./Core/Src/syscalls.o
 .debug_macro   0x0000000000018e1b      0x198 ./Core/Src/system_stm32f1xx.o
 .debug_macro   0x0000000000018fb3      0x256 ./Core/Src/helper/timer.o
 .debug_macro   0x0000000000019209      0x1c0 ./Core/Src/model/input.o
 .debug_macro   0x00000000000193c9      0x1c0 ./Core/Src/model/output.o
 .debug_macro   0x0000000000019589      0x1b6 ./Core/Src/model/pin.o
 .debug_macro   0x000000000001973f      0x256 ./Core/Src/service/controller.o
 .debug_macro   0x0000000000019995      0x256 ./Core/Src/service/led_controller.o
 .debug_macro   0x0000000000019beb      0x1bc ./Drivers/STM32F1xx_HAL_Driver/Src/stm32f1xx_hal.o
 .debug_macro   0x0000000000019da7      0x198 ./Drivers/STM32F1xx_HAL_Driver/Src/stm32f1xx_hal_cortex.o
 .debug_macro   0x0000000000019f3f      0x203 ./Drivers/STM32F1xx_HAL_Driver/Src/stm32f1xx_hal_gpio.o
 .debug_macro   0x000000000001a142      0x1aa ./Drivers/STM32F1xx_HAL_Driver/Src/stm32f1xx_hal_rcc.o
 .debug_macro   0x000000000001a2ec      0x199 ./Drivers/STM32F1xx_HAL_Driver/Src/stm32f1xx_hal_tim.o
 .debug_macro   0x000000000001a485      0x198 ./Drivers/STM32F1xx_HAL_Driver/Src/stm32f1xx_hal_tim_ex.o

.debug_line     0x0000000000000000     0xe89a
 .debug_line    0x0000000000000000      0x74d ./Core/Src/component/led.o
 .debug_line    0x000000000000074d      0xa44 ./Core/Src/component/segment_led.o
 .debug_line    0x0000000000001191      0x80e ./Core/Src/component/switch.o
 .debug_line    0x000000000000199f      0x78d ./Core/Src/global.o
 .debug_line    0x000000000000212c      0x883 ./Core/Src/main.o
 .debug_line    0x00000000000029af      0x695 ./Core/Src/stm32f1xx_hal_msp.o
 .debug_line    0x0000000000003044      0x734 ./Core/Src/stm32f1xx_it.o
 .debug_line    0x0000000000003778      0x7f3 ./Core/Src/syscalls.o
 .debug_line    0x0000000000003f6b      0x6d8 ./Core/Src/system_stm32f1xx.o
 .debug_line    0x0000000000004643      0x7e0 ./Core/Src/helper/timer.o
 .debug_line    0x0000000000004e23      0x6ae ./Core/Src/model/input.o
 .debug_line    0x00000000000054d1      0x6fe ./Core/Src/model/output.o
 .debug_line    0x0000000000005bcf      0x6e4 ./Core/Src/model/pin.o
 .debug_line    0x00000000000062b3      0x8a8 ./Core/Src/service/controller.o
 .debug_line    0x0000000000006b5b      0x7c0 ./Core/Src/service/led_controller.o
 .debug_line    0x000000000000731b       0x87 ./Core/Startup/startup_stm32f103c6tx.o
 .debug_line    0x00000000000073a2      0x905 ./Drivers/STM32F1xx_HAL_Driver/Src/stm32f1xx_hal.o
 .debug_line    0x0000000000007ca7      0xaed ./Drivers/STM32F1xx_HAL_Driver/Src/stm32f1xx_hal_cortex.o
 .debug_line    0x0000000000008794      0x987 ./Drivers/STM32F1xx_HAL_Driver/Src/stm32f1xx_hal_gpio.o
 .debug_line    0x000000000000911b      0xd13 ./Drivers/STM32F1xx_HAL_Driver/Src/stm32f1xx_hal_rcc.o
 .debug_line    0x0000000000009e2e     0x3271 ./Drivers/STM32F1xx_HAL_Driver/Src/stm32f1xx_hal_tim.o
 .debug_line    0x000000000000d09f     0x17fb ./Drivers/STM32F1xx_HAL_Driver/Src/stm32f1xx_hal_tim_ex.o

.debug_str      0x0000000000000000    0x882f2
 .debug_str     0x0000000000000000    0x7f918 ./Core/Src/component/led.o
                                      0x7fc89 (size before relaxing)
 .debug_str     0x000000000007f918      0x180 ./Core/Src/component/segment_led.o
                                      0x7fd67 (size before relaxing)
 .debug_str     0x000000000007fa98      0x257 ./Core/Src/component/switch.o
                                      0x7fd47 (size before relaxing)
 .debug_str     0x000000000007fcef      0x39d ./Core/Src/global.o
                                      0x80222 (size before relaxing)
 .debug_str     0x000000000008008c      0x819 ./Core/Src/main.o
                                      0x809c0 (size before relaxing)
 .debug_str     0x00000000000808a5      0x4d6 ./Core/Src/stm32f1xx_hal_msp.o
                                      0x7fd60 (size before relaxing)
 .debug_str     0x0000000000080d7b       0xec ./Core/Src/stm32f1xx_it.o
                                      0x7fa9b (size before relaxing)
 .debug_str     0x0000000000080e67     0x5496 ./Core/Src/syscalls.o
                                       0x8a1b (size before relaxing)
 .debug_str     0x00000000000862fd       0x88 ./Core/Src/system_stm32f1xx.o
                                      0x7f373 (size before relaxing)
 .debug_str     0x0000000000086385       0x34 ./Core/Src/helper/timer.o
                                      0x7fbd7 (size before relaxing)
 .debug_str     0x00000000000863b9       0x64 ./Core/Src/model/input.o
                                      0x7fb7a (size before relaxing)
 .debug_str     0x000000000008641d       0x78 ./Core/Src/model/output.o
                                      0x7fc05 (size before relaxing)
 .debug_str     0x0000000000086495       0x1a ./Core/Src/model/pin.o
                                      0x7fac2 (size before relaxing)
 .debug_str     0x00000000000864af       0x9f ./Core/Src/service/controller.o
                                      0x80095 (size before relaxing)
 .debug_str     0x000000000008654e       0x6b ./Core/Src/service/led_controller.o
                                      0x7fcd4 (size before relaxing)
 .debug_str     0x00000000000865b9       0x36 ./Core/Startup/startup_stm32f103c6tx.o
                                         0x71 (size before relaxing)
 .debug_str     0x00000000000865ef      0x325 ./Drivers/STM32F1xx_HAL_Driver/Src/stm32f1xx_hal.o
                                      0x7fa6c (size before relaxing)
 .debug_str     0x0000000000086914      0x28b ./Drivers/STM32F1xx_HAL_Driver/Src/stm32f1xx_hal_cortex.o
                                      0x7f9b8 (size before relaxing)
 .debug_str     0x0000000000086b9f      0x2d2 ./Drivers/STM32F1xx_HAL_Driver/Src/stm32f1xx_hal_gpio.o
                                      0x7f6f9 (size before relaxing)
 .debug_str     0x0000000000086e71      0x21e ./Drivers/STM32F1xx_HAL_Driver/Src/stm32f1xx_hal_rcc.o
                                      0x7f7a2 (size before relaxing)
 .debug_str     0x000000000008708f      0xdd0 ./Drivers/STM32F1xx_HAL_Driver/Src/stm32f1xx_hal_tim.o
                                      0x8078d (size before relaxing)
 .debug_str     0x0000000000087e5f      0x493 ./Drivers/STM32F1xx_HAL_Driver/Src/stm32f1xx_hal_tim_ex.o
                                      0x7ffa9 (size before relaxing)

.comment        0x0000000000000000       0x50
 .comment       0x0000000000000000       0x50 ./Core/Src/component/led.o
                                         0x51 (size before relaxing)
 .comment       0x0000000000000050       0x51 ./Core/Src/component/segment_led.o
 .comment       0x0000000000000050       0x51 ./Core/Src/component/switch.o
 .comment       0x0000000000000050       0x51 ./Core/Src/global.o
 .comment       0x0000000000000050       0x51 ./Core/Src/main.o
 .comment       0x0000000000000050       0x51 ./Core/Src/stm32f1xx_hal_msp.o
 .comment       0x0000000000000050       0x51 ./Core/Src/stm32f1xx_it.o
 .comment       0x0000000000000050       0x51 ./Core/Src/syscalls.o
 .comment       0x0000000000000050       0x51 ./Core/Src/system_stm32f1xx.o
 .comment       0x0000000000000050       0x51 ./Core/Src/helper/timer.o
 .comment       0x0000000000000050       0x51 ./Core/Src/model/input.o
 .comment       0x0000000000000050       0x51 ./Core/Src/model/output.o
 .comment       0x0000000000000050       0x51 ./Core/Src/model/pin.o
 .comment       0x0000000000000050       0x51 ./Core/Src/service/controller.o
 .comment       0x0000000000000050       0x51 ./Core/Src/service/led_controller.o
 .comment       0x0000000000000050       0x51 ./Drivers/STM32F1xx_HAL_Driver/Src/stm32f1xx_hal.o
 .comment       0x0000000000000050       0x51 ./Drivers/STM32F1xx_HAL_Driver/Src/stm32f1xx_hal_cortex.o
 .comment       0x0000000000000050       0x51 ./Drivers/STM32F1xx_HAL_Driver/Src/stm32f1xx_hal_gpio.o
 .comment       0x0000000000000050       0x51 ./Drivers/STM32F1xx_HAL_Driver/Src/stm32f1xx_hal_rcc.o
 .comment       0x0000000000000050       0x51 ./Drivers/STM32F1xx_HAL_Driver/Src/stm32f1xx_hal_tim.o
 .comment       0x0000000000000050       0x51 ./Drivers/STM32F1xx_HAL_Driver/Src/stm32f1xx_hal_tim_ex.o

.debug_frame    0x0000000000000000     0x325c
 .debug_frame   0x0000000000000000       0xf0 ./Core/Src/component/led.o
 .debug_frame   0x00000000000000f0       0xf0 ./Core/Src/component/segment_led.o
 .debug_frame   0x00000000000001e0       0xac ./Core/Src/component/switch.o
 .debug_frame   0x000000000000028c       0x50 ./Core/Src/global.o
 .debug_frame   0x00000000000002dc       0xd4 ./Core/Src/main.o
 .debug_frame   0x00000000000003b0       0x80 ./Core/Src/stm32f1xx_hal_msp.o
 .debug_frame   0x0000000000000430      0x120 ./Core/Src/stm32f1xx_it.o
 .debug_frame   0x0000000000000550      0x2ac ./Core/Src/syscalls.o
 .debug_frame   0x00000000000007fc       0x58 ./Core/Src/system_stm32f1xx.o
 .debug_frame   0x0000000000000854       0xf8 ./Core/Src/helper/timer.o
 .debug_frame   0x000000000000094c       0x7c ./Core/Src/model/input.o
 .debug_frame   0x00000000000009c8       0xec ./Core/Src/model/output.o
 .debug_frame   0x0000000000000ab4      0x100 ./Core/Src/model/pin.o
 .debug_frame   0x0000000000000bb4       0x88 ./Core/Src/service/controller.o
 .debug_frame   0x0000000000000c3c       0x84 ./Core/Src/service/led_controller.o
 .debug_frame   0x0000000000000cc0      0x334 ./Drivers/STM32F1xx_HAL_Driver/Src/stm32f1xx_hal.o
 .debug_frame   0x0000000000000ff4      0x428 ./Drivers/STM32F1xx_HAL_Driver/Src/stm32f1xx_hal_cortex.o
 .debug_frame   0x000000000000141c      0x14c ./Drivers/STM32F1xx_HAL_Driver/Src/stm32f1xx_hal_gpio.o
 .debug_frame   0x0000000000001568      0x21c ./Drivers/STM32F1xx_HAL_Driver/Src/stm32f1xx_hal_rcc.o
 .debug_frame   0x0000000000001784     0x11b8 ./Drivers/STM32F1xx_HAL_Driver/Src/stm32f1xx_hal_tim.o
 .debug_frame   0x000000000000293c      0x638 ./Drivers/STM32F1xx_HAL_Driver/Src/stm32f1xx_hal_tim_ex.o
 .debug_frame   0x0000000000002f74       0x40 c:/st/stm32cubeide_1.10.1/stm32cubeide/plugins/com.st.stm32cube.ide.mcu.externaltools.gnu-tools-for-stm32.10.3-2021.10.win32_1.0.0.202111181127/tools/bin/../lib/gcc/arm-none-eabi/10.3.1/../../../../arm-none-eabi/lib/thumb/v7-m/nofp\libstdc++_nano.a(pure.o)
 .debug_frame   0x0000000000002fb4       0xb0 c:/st/stm32cubeide_1.10.1/stm32cubeide/plugins/com.st.stm32cube.ide.mcu.externaltools.gnu-tools-for-stm32.10.3-2021.10.win32_1.0.0.202111181127/tools/bin/../lib/gcc/arm-none-eabi/10.3.1/../../../../arm-none-eabi/lib/thumb/v7-m/nofp\libstdc++_nano.a(eh_terminate.o)
 .debug_frame   0x0000000000003064       0x28 c:/st/stm32cubeide_1.10.1/stm32cubeide/plugins/com.st.stm32cube.ide.mcu.externaltools.gnu-tools-for-stm32.10.3-2021.10.win32_1.0.0.202111181127/tools/bin/../lib/gcc/arm-none-eabi/10.3.1/../../../../arm-none-eabi/lib/thumb/v7-m/nofp\libc_nano.a(lib_a-abort.o)
 .debug_frame   0x000000000000308c       0x20 c:/st/stm32cubeide_1.10.1/stm32cubeide/plugins/com.st.stm32cube.ide.mcu.externaltools.gnu-tools-for-stm32.10.3-2021.10.win32_1.0.0.202111181127/tools/bin/../lib/gcc/arm-none-eabi/10.3.1/../../../../arm-none-eabi/lib/thumb/v7-m/nofp\libc_nano.a(lib_a-errno.o)
 .debug_frame   0x00000000000030ac       0x2c c:/st/stm32cubeide_1.10.1/stm32cubeide/plugins/com.st.stm32cube.ide.mcu.externaltools.gnu-tools-for-stm32.10.3-2021.10.win32_1.0.0.202111181127/tools/bin/../lib/gcc/arm-none-eabi/10.3.1/../../../../arm-none-eabi/lib/thumb/v7-m/nofp\libc_nano.a(lib_a-init.o)
 .debug_frame   0x00000000000030d8       0x20 c:/st/stm32cubeide_1.10.1/stm32cubeide/plugins/com.st.stm32cube.ide.mcu.externaltools.gnu-tools-for-stm32.10.3-2021.10.win32_1.0.0.202111181127/tools/bin/../lib/gcc/arm-none-eabi/10.3.1/../../../../arm-none-eabi/lib/thumb/v7-m/nofp\libc_nano.a(lib_a-memset.o)
 .debug_frame   0x00000000000030f8       0xcc c:/st/stm32cubeide_1.10.1/stm32cubeide/plugins/com.st.stm32cube.ide.mcu.externaltools.gnu-tools-for-stm32.10.3-2021.10.win32_1.0.0.202111181127/tools/bin/../lib/gcc/arm-none-eabi/10.3.1/../../../../arm-none-eabi/lib/thumb/v7-m/nofp\libc_nano.a(lib_a-signal.o)
 .debug_frame   0x00000000000031c4       0x3c c:/st/stm32cubeide_1.10.1/stm32cubeide/plugins/com.st.stm32cube.ide.mcu.externaltools.gnu-tools-for-stm32.10.3-2021.10.win32_1.0.0.202111181127/tools/bin/../lib/gcc/arm-none-eabi/10.3.1/../../../../arm-none-eabi/lib/thumb/v7-m/nofp\libc_nano.a(lib_a-signalr.o)
 .debug_frame   0x0000000000003200       0x5c c:/st/stm32cubeide_1.10.1/stm32cubeide/plugins/com.st.stm32cube.ide.mcu.externaltools.gnu-tools-for-stm32.10.3-2021.10.win32_1.0.0.202111181127/tools/bin/../lib/gcc/arm-none-eabi/10.3.1/../../../../arm-none-eabi/lib/thumb/v7-m/nofp\libc_nano.a(lib_a-reent.o)
