../Core/Src/service/led_controller.cpp:10:6:void c_ToggleRedLed()	8	static
../Core/Src/service/led_controller.cpp:15:6:void c_ToggleYellowLed()	8	static
../Core/Src/service/led_controller.cpp:20:6:void c_ToggleGreenLed()	8	static
../Core/Src/service/led_controller.cpp:28:10:LedState LedController::GetState()	16	static
../Core/Src/service/led_controller.cpp:33:6:void LedController::SetState(LedState)	16	static
../Core/Src/service/led_controller.cpp:41:6:virtual void LedController::Run()	16	static
