../Core/Src/main.cpp:77:5:int main()	120	static
../Core/Src/main.cpp:150:6:void HAL_TIM_PeriodElapsedCallback(TIM_HandleTypeDef*)	16	static
../Core/Src/main.cpp:160:6:void SystemClock_Config()	72	static
../Core/Src/main.cpp:194:13:void MX_TIM2_Init()	32	static
../Core/Src/main.cpp:236:13:void MX_GPIO_Init()	32	static
../Core/Src/main.cpp:281:6:void Error_Handler()	4	static,ignoring_inline_asm
../Core/Src/main.cpp:288:1:void __static_initialization_and_destruction_0(int, int)	24	static
../Core/Src/main.cpp:288:1:cpp)	8	static
