17:01:01 **** Incremental Build of configuration Debug for project Lab_5_C ****
make -j8 all 
arm-none-eabi-g++ "../Core/Src/service/controller.cpp" -mcpu=cortex-m3 -std=gnu++14 -g3 -DDEBUG -DUSE_HAL_DRIVER -DSTM32F103x6 -c -I../Core/Inc -I../Drivers/STM32F1xx_HAL_Driver/Inc/Legacy -I../Drivers/STM32F1xx_HAL_Driver/Inc -I../Drivers/CMSIS/Device/ST/STM32F1xx/Include -I../Drivers/CMSIS/Include -O0 -ffunction-sections -fdata-sections -fno-exceptions -fno-rtti -fno-use-cxa-atexit -Wall -fstack-usage -MMD -MP -MF"Core/Src/service/controller.d" -MT"Core/Src/service/controller.o" --specs=nano.specs -mfloat-abi=soft -mthumb -o "Core/Src/service/controller.o"
arm-none-eabi-g++ "../Core/Src/service/led_controller.cpp" -mcpu=cortex-m3 -std=gnu++14 -g3 -DDEBUG -DUSE_HAL_DRIVER -DSTM32F103x6 -c -I../Core/Inc -I../Drivers/STM32F1xx_HAL_Driver/Inc/Legacy -I../Drivers/STM32F1xx_HAL_Driver/Inc -I../Drivers/CMSIS/Device/ST/STM32F1xx/Include -I../Drivers/CMSIS/Include -O0 -ffunction-sections -fdata-sections -fno-exceptions -fno-rtti -fno-use-cxa-atexit -Wall -fstack-usage -MMD -MP -MF"Core/Src/service/led_controller.d" -MT"Core/Src/service/led_controller.o" --specs=nano.specs -mfloat-abi=soft -mthumb -o "Core/Src/service/led_controller.o"
arm-none-eabi-g++ "../Core/Src/service/sensor_reader.cpp" -mcpu=cortex-m3 -std=gnu++14 -g3 -DDEBUG -DUSE_HAL_DRIVER -DSTM32F103x6 -c -I../Core/Inc -I../Drivers/STM32F1xx_HAL_Driver/Inc/Legacy -I../Drivers/STM32F1xx_HAL_Driver/Inc -I../Drivers/CMSIS/Device/ST/STM32F1xx/Include -I../Drivers/CMSIS/Include -O0 -ffunction-sections -fdata-sections -fno-exceptions -fno-rtti -fno-use-cxa-atexit -Wall -fstack-usage -MMD -MP -MF"Core/Src/service/sensor_reader.d" -MT"Core/Src/service/sensor_reader.o" --specs=nano.specs -mfloat-abi=soft -mthumb -o "Core/Src/service/sensor_reader.o"
arm-none-eabi-g++ "../Core/Src/component/switch.cpp" -mcpu=cortex-m3 -std=gnu++14 -g3 -DDEBUG -DUSE_HAL_DRIVER -DSTM32F103x6 -c -I../Core/Inc -I../Drivers/STM32F1xx_HAL_Driver/Inc/Legacy -I../Drivers/STM32F1xx_HAL_Driver/Inc -I../Drivers/CMSIS/Device/ST/STM32F1xx/Include -I../Drivers/CMSIS/Include -O0 -ffunction-sections -fdata-sections -fno-exceptions -fno-rtti -fno-use-cxa-atexit -Wall -fstack-usage -MMD -MP -MF"Core/Src/component/switch.d" -MT"Core/Src/component/switch.o" --specs=nano.specs -mfloat-abi=soft -mthumb -o "Core/Src/component/switch.o"
arm-none-eabi-g++ "../Core/Src/global.cpp" -mcpu=cortex-m3 -std=gnu++14 -g3 -DDEBUG -DUSE_HAL_DRIVER -DSTM32F103x6 -c -I../Core/Inc -I../Drivers/STM32F1xx_HAL_Driver/Inc/Legacy -I../Drivers/STM32F1xx_HAL_Driver/Inc -I../Drivers/CMSIS/Device/ST/STM32F1xx/Include -I../Drivers/CMSIS/Include -O0 -ffunction-sections -fdata-sections -fno-exceptions -fno-rtti -fno-use-cxa-atexit -Wall -fstack-usage -MMD -MP -MF"Core/Src/global.d" -MT"Core/Src/global.o" --specs=nano.specs -mfloat-abi=soft -mthumb -o "Core/Src/global.o"
arm-none-eabi-g++ "../Core/Src/main.cpp" -mcpu=cortex-m3 -std=gnu++14 -g3 -DDEBUG -DUSE_HAL_DRIVER -DSTM32F103x6 -c -I../Core/Inc -I../Drivers/STM32F1xx_HAL_Driver/Inc/Legacy -I../Drivers/STM32F1xx_HAL_Driver/Inc -I../Drivers/CMSIS/Device/ST/STM32F1xx/Include -I../Drivers/CMSIS/Include -O0 -ffunction-sections -fdata-sections -fno-exceptions -fno-rtti -fno-use-cxa-atexit -Wall -fstack-usage -MMD -MP -MF"Core/Src/main.d" -MT"Core/Src/main.o" --specs=nano.specs -mfloat-abi=soft -mthumb -o "Core/Src/main.o"
arm-none-eabi-g++ -o "Lab_5_C.elf" @"objects.list"   -mcpu=cortex-m3 -T"C:\Users\ttng\Projects\microprocessorlab\Lab_5_C\STM32F103C6TX_FLASH.ld" --specs=nosys.specs -Wl,-Map="Lab_5_C.map" -Wl,--gc-sections -static --specs=nano.specs -mfloat-abi=soft -mthumb -Wl,--start-group -lc -lm -lstdc++ -lsupc++ -Wl,--end-group
Finished building target: Lab_5_C.elf
 
arm-none-eabi-size   Lab_5_C.elf 
arm-none-eabi-objdump -h -S  Lab_5_C.elf  > "Lab_5_C.list"
arm-none-eabi-objcopy  -O ihex  Lab_5_C.elf  "Lab_5_C.hex"
   text	   data	    bss	    dec	    hex	filename
  16936	    148	   2640	  19724	   4d0c	Lab_5_C.elf
Finished building: default.size.stdout
 
Finished building: Lab_5_C.hex
 
Finished building: Lab_5_C.list
 
